Component: ARM Compiler 5.06 update 7 (build 960) Tool: armlink [4d3601]

==============================================================================

Section Cross References

    main.o(i.cb_putc) refers to peripheral_uart.o(i.apUART_Check_TXFIFO_FULL) for apUART_Check_TXFIFO_FULL
    main.o(i.cb_putc) refers to peripheral_uart.o(i.UART_SendData) for UART_SendData
    main.o(i.fputc) refers to main.o(i.cb_putc) for cb_putc
    main.o(i.main) refers to uart.o(i.uart_init_board) for uart_init_board
    main.o(i.main) refers to debug_print.o(i.debug_uart) for debug_uart
    main.o(i.main) refers to segger_rtt.o(i.SEGGER_RTT_Init) for SEGGER_RTT_Init
    main.o(i.main) refers to segger_rtt_printf.o(i.SEGGER_RTT_printf) for SEGGER_RTT_printf
    main.o(i.main) refers to i2s_master.o(i.I2sTest) for I2sTest
    main.o(i.main) refers to peripheral_sysctrl.o(i.SYSCTRL_DelayCycles) for SYSCTRL_DelayCycles
    timer_delay.o(i.SysTick_Handler) refers to timer_delay.o(.data) for jiffes
    segger_rtt.o(i.SEGGER_RTT_AllocDownBuffer) refers to segger_rtt.o(i._DoInit) for _DoInit
    segger_rtt.o(i.SEGGER_RTT_AllocDownBuffer) refers to segger_rtt.o(.bss) for _SEGGER_RTT
    segger_rtt.o(i.SEGGER_RTT_AllocUpBuffer) refers to segger_rtt.o(i._DoInit) for _DoInit
    segger_rtt.o(i.SEGGER_RTT_AllocUpBuffer) refers to segger_rtt.o(.bss) for _SEGGER_RTT
    segger_rtt.o(i.SEGGER_RTT_ConfigDownBuffer) refers to segger_rtt.o(i._DoInit) for _DoInit
    segger_rtt.o(i.SEGGER_RTT_ConfigDownBuffer) refers to segger_rtt.o(.bss) for _SEGGER_RTT
    segger_rtt.o(i.SEGGER_RTT_ConfigUpBuffer) refers to segger_rtt.o(i._DoInit) for _DoInit
    segger_rtt.o(i.SEGGER_RTT_ConfigUpBuffer) refers to segger_rtt.o(.bss) for _SEGGER_RTT
    segger_rtt.o(i.SEGGER_RTT_GetAvailWriteSpace) refers to segger_rtt.o(i._GetAvailWriteSpace) for _GetAvailWriteSpace
    segger_rtt.o(i.SEGGER_RTT_GetAvailWriteSpace) refers to segger_rtt.o(.bss) for _SEGGER_RTT
    segger_rtt.o(i.SEGGER_RTT_GetBytesInBuffer) refers to segger_rtt.o(.bss) for _SEGGER_RTT
    segger_rtt.o(i.SEGGER_RTT_GetKey) refers to segger_rtt.o(i.SEGGER_RTT_Read) for SEGGER_RTT_Read
    segger_rtt.o(i.SEGGER_RTT_HasData) refers to segger_rtt.o(.bss) for _SEGGER_RTT
    segger_rtt.o(i.SEGGER_RTT_HasDataUp) refers to segger_rtt.o(.bss) for _SEGGER_RTT
    segger_rtt.o(i.SEGGER_RTT_HasKey) refers to segger_rtt.o(i._DoInit) for _DoInit
    segger_rtt.o(i.SEGGER_RTT_HasKey) refers to segger_rtt.o(.bss) for _SEGGER_RTT
    segger_rtt.o(i.SEGGER_RTT_Init) refers to segger_rtt.o(i._DoInit) for _DoInit
    segger_rtt.o(i.SEGGER_RTT_PutChar) refers to segger_rtt.o(i._DoInit) for _DoInit
    segger_rtt.o(i.SEGGER_RTT_PutChar) refers to segger_rtt.o(.bss) for _SEGGER_RTT
    segger_rtt.o(i.SEGGER_RTT_PutCharSkip) refers to segger_rtt.o(i._DoInit) for _DoInit
    segger_rtt.o(i.SEGGER_RTT_PutCharSkip) refers to segger_rtt.o(.bss) for _SEGGER_RTT
    segger_rtt.o(i.SEGGER_RTT_PutCharSkipNoLock) refers to segger_rtt.o(.bss) for _SEGGER_RTT
    segger_rtt.o(i.SEGGER_RTT_Read) refers to segger_rtt.o(i.SEGGER_RTT_ReadNoLock) for SEGGER_RTT_ReadNoLock
    segger_rtt.o(i.SEGGER_RTT_ReadNoLock) refers to segger_rtt.o(i._DoInit) for _DoInit
    segger_rtt.o(i.SEGGER_RTT_ReadNoLock) refers to memcpya.o(.text) for __aeabi_memcpy
    segger_rtt.o(i.SEGGER_RTT_ReadNoLock) refers to segger_rtt.o(.bss) for _SEGGER_RTT
    segger_rtt.o(i.SEGGER_RTT_ReadUpBuffer) refers to segger_rtt.o(i.SEGGER_RTT_ReadUpBufferNoLock) for SEGGER_RTT_ReadUpBufferNoLock
    segger_rtt.o(i.SEGGER_RTT_ReadUpBufferNoLock) refers to segger_rtt.o(i._DoInit) for _DoInit
    segger_rtt.o(i.SEGGER_RTT_ReadUpBufferNoLock) refers to memcpya.o(.text) for __aeabi_memcpy
    segger_rtt.o(i.SEGGER_RTT_ReadUpBufferNoLock) refers to segger_rtt.o(.bss) for _SEGGER_RTT
    segger_rtt.o(i.SEGGER_RTT_SetFlagsDownBuffer) refers to segger_rtt.o(i._DoInit) for _DoInit
    segger_rtt.o(i.SEGGER_RTT_SetFlagsDownBuffer) refers to segger_rtt.o(.bss) for _SEGGER_RTT
    segger_rtt.o(i.SEGGER_RTT_SetFlagsUpBuffer) refers to segger_rtt.o(i._DoInit) for _DoInit
    segger_rtt.o(i.SEGGER_RTT_SetFlagsUpBuffer) refers to segger_rtt.o(.bss) for _SEGGER_RTT
    segger_rtt.o(i.SEGGER_RTT_SetNameDownBuffer) refers to segger_rtt.o(i._DoInit) for _DoInit
    segger_rtt.o(i.SEGGER_RTT_SetNameDownBuffer) refers to segger_rtt.o(.bss) for _SEGGER_RTT
    segger_rtt.o(i.SEGGER_RTT_SetNameUpBuffer) refers to segger_rtt.o(i._DoInit) for _DoInit
    segger_rtt.o(i.SEGGER_RTT_SetNameUpBuffer) refers to segger_rtt.o(.bss) for _SEGGER_RTT
    segger_rtt.o(i.SEGGER_RTT_SetTerminal) refers to segger_rtt.o(i._DoInit) for _DoInit
    segger_rtt.o(i.SEGGER_RTT_SetTerminal) refers to segger_rtt.o(i._WriteBlocking) for _WriteBlocking
    segger_rtt.o(i.SEGGER_RTT_SetTerminal) refers to segger_rtt.o(i._GetAvailWriteSpace) for _GetAvailWriteSpace
    segger_rtt.o(i.SEGGER_RTT_SetTerminal) refers to segger_rtt.o(i._WriteNoCheck) for _WriteNoCheck
[...]
    Removing peripheral_ssp.o(i.apSSP_SetAddrEn), (22 bytes).
    Removing peripheral_ssp.o(i.apSSP_SetCmdEn), (22 bytes).
    Removing peripheral_ssp.o(i.apSSP_SetMemAccessCmd), (16 bytes).
    Removing peripheral_ssp.o(i.apSSP_SetRxDmaEn), (18 bytes).
    Removing peripheral_ssp.o(i.apSSP_SetRxThres), (18 bytes).
    Removing peripheral_ssp.o(i.apSSP_SetTimingCs2Sclk), (18 bytes).
    Removing peripheral_ssp.o(i.apSSP_SetTimingSclkDiv), (16 bytes).
    Removing peripheral_ssp.o(i.apSSP_SetTransMode), (18 bytes).
    Removing peripheral_ssp.o(i.apSSP_SetTransferControl), (28 bytes).
    Removing peripheral_ssp.o(i.apSSP_SetTransferControlAddrFmt), (18 bytes).
    Removing peripheral_ssp.o(i.apSSP_SetTransferControlDummyCnt), (24 bytes).
    Removing peripheral_ssp.o(i.apSSP_SetTransferControlRdTranCnt), (22 bytes).
    Removing peripheral_ssp.o(i.apSSP_SetTransferControlWrTranCnt), (28 bytes).
    Removing peripheral_ssp.o(i.apSSP_SetTransferFormat), (28 bytes).
    Removing peripheral_ssp.o(i.apSSP_SetTxDmaEn), (18 bytes).
    Removing peripheral_ssp.o(i.apSSP_SetTxThres), (18 bytes).
    Removing peripheral_ssp.o(i.apSSP_TxFifoEmpty), (10 bytes).
    Removing peripheral_ssp.o(i.apSSP_WriteCmd), (6 bytes).
    Removing peripheral_ssp.o(i.apSSP_WrtEnlargeCnt), (22 bytes).
    Removing peripheral_ssp.o(i.apSSP_WrtEnlargeEn), (22 bytes).
    Removing peripheral_i2c.o(.rev16_text), (4 bytes).
    Removing peripheral_i2c.o(.revsh_text), (4 bytes).
    Removing peripheral_i2c.o(.rrx_text), (6 bytes).
    Removing peripheral_i2c.o(i.I2C_Config), (42 bytes).
    Removing peripheral_i2c.o(i.I2C_ConfigClkFrequency), (104 bytes).
    Removing peripheral_i2c.o(i.I2C_ConfigSCLTiming), (58 bytes).
    Removing peripheral_i2c.o(i.I2C_ConfigSlave), (28 bytes).
    Removing peripheral_i2c.o(i.I2C_CtrlGetDataCnt), (8 bytes).
    Removing peripheral_i2c.o(i.I2C_CtrlUpdateDataCnt), (16 bytes).
    Removing peripheral_i2c.o(i.I2C_CtrlUpdateDirection), (18 bytes).
    Removing peripheral_i2c.o(i.I2C_DmaEnable), (20 bytes).
    Removing peripheral_i2c.o(i.I2C_Enable), (22 bytes).
    Removing peripheral_i2c.o(i.I2C_GetTransactionDir), (10 bytes).
    Removing peripheral_i2c.o(i.I2C_IntEnable), (12 bytes).
    Removing peripheral_i2c.o(i.I2C_TransactionComplete), (10 bytes).
    Removing peripheral_keyscan.o(.rev16_text), (4 bytes).
    Removing peripheral_keyscan.o(.revsh_text), (4 bytes).
    Removing peripheral_keyscan.o(.rrx_text), (6 bytes).
    Removing peripheral_keyscan.o(i.KEYSCAN_CheckStatePara), (24 bytes).
    Removing peripheral_keyscan.o(i.KEYSCAN_DbClkSel), (40 bytes).
    Removing peripheral_keyscan.o(i.KEYSCAN_GetIntStateFifoFullRaw), (28 bytes).
    Removing peripheral_keyscan.o(i.KEYSCAN_GetIntStateLoopTrig), (28 bytes).
    Removing peripheral_keyscan.o(i.KEYSCAN_GetKeyScannerBusy), (28 bytes).
    Removing peripheral_keyscan.o(i.KEYSCAN_GetScanMode), (118 bytes).
    Removing peripheral_keyscan.o(i.KEYSCAN_GetScannerEn), (28 bytes).
    Removing peripheral_keyscan.o(i.KEYSCAN_InitKeyScanToIdx), (50 bytes).
    Removing peripheral_keyscan.o(i.KEYSCAN_Initialize), (36 bytes).
    Removing peripheral_keyscan.o(i.KEYSCAN_InitializeScanParameter), (320 bytes).
    Removing peripheral_keyscan.o(i.KEYSCAN_LoopIntEn), (40 bytes).
    Removing peripheral_keyscan.o(i.KEYSCAN_NormalHighLowDataToIdex), (42 bytes).
    Removing peripheral_keyscan.o(i.KEYSCAN_ScanDataToIdex), (54 bytes).
    Removing peripheral_keyscan.o(i.KEYSCAN_SetDebounceCounter), (28 bytes).
    Removing peripheral_keyscan.o(i.KEYSCAN_SetDebounceEn), (28 bytes).
    Removing peripheral_keyscan.o(i.KEYSCAN_SetDmaEn), (40 bytes).
    Removing peripheral_keyscan.o(i.KEYSCAN_SetDmaNumTrigInt), (28 bytes).
    Removing peripheral_keyscan.o(i.KEYSCAN_SetFifoClrReg), (28 bytes).
    Removing peripheral_keyscan.o(i.KEYSCAN_SetFifoNumTrigInt), (28 bytes).
    Removing peripheral_keyscan.o(i.KEYSCAN_SetInColMask), (28 bytes).
    Removing peripheral_keyscan.o(i.KEYSCAN_SetIntTrigEn), (40 bytes).
    Removing peripheral_keyscan.o(i.KEYSCAN_SetLoopNumTrigInt), (28 bytes).
    Removing peripheral_keyscan.o(i.KEYSCAN_SetLpkeyModeEn), (44 bytes).
    Removing peripheral_keyscan.o(i.KEYSCAN_SetOutRowMask), (28 bytes).
    Removing peripheral_keyscan.o(i.KEYSCAN_SetPeReg), (44 bytes).
    Removing peripheral_keyscan.o(i.KEYSCAN_SetPsReg), (44 bytes).
    Removing peripheral_keyscan.o(i.KEYSCAN_SetReleaseTime), (28 bytes).
    Removing peripheral_keyscan.o(i.KEYSCAN_SetScanInterval), (28 bytes).
    Removing peripheral_keyscan.o(i.KEYSCAN_SetScannerEn), (40 bytes).
    Removing peripheral_keyscan.o(i.KEYSCAN_SetTableModeEn), (44 bytes).
    Removing peripheral_keyscan.o(i.KEYSCAN_TableHighLowDataToIdex), (68 bytes).
    Removing peripheral_qdec.o(.rev16_text), (4 bytes).
    Removing peripheral_qdec.o(.revsh_text), (4 bytes).
    Removing peripheral_qdec.o(.rrx_text), (6 bytes).
    Removing peripheral_qdec.o(i.QDEC_ChModeCfg), (168 bytes).
    Removing peripheral_qdec.o(i.QDEC_ChannelEnable), (32 bytes).
    Removing peripheral_qdec.o(i.QDEC_EnableChannel), (48 bytes).
    Removing peripheral_qdec.o(i.QDEC_EnableQdecDiv), (48 bytes).
    Removing peripheral_qdec.o(i.QDEC_ExternalEventEdgeSet), (32 bytes).
    Removing peripheral_qdec.o(i.QDEC_GetChxIntEn), (16 bytes).
    Removing peripheral_qdec.o(i.QDEC_GetData), (16 bytes).
    Removing peripheral_qdec.o(i.QDEC_GetDirection), (16 bytes).
    Removing peripheral_qdec.o(i.QDEC_IntClear), (14 bytes).
    Removing peripheral_qdec.o(i.QDEC_QdecCfg), (170 bytes).
    Removing peripheral_qdec.o(i.QDEC_RegClr), (28 bytes).
    Removing peripheral_qdec.o(i.QDEC_RegRd), (24 bytes).
    Removing peripheral_qdec.o(i.QDEC_RegWrBit), (24 bytes).
    Removing peripheral_qdec.o(i.QDEC_RegWrBits), (40 bytes).
    Removing peripheral_qdec.o(i.QDEC_Reset), (14 bytes).
    Removing peripheral_qdec.o(i.QDEC_SetCHxTmrCntA), (16 bytes).
    Removing peripheral_qdec.o(i.QDEC_SetCHxTmrCntB), (16 bytes).
    Removing peripheral_qdec.o(i.QDEC_SetCHxTmrCntC), (16 bytes).
    Removing peripheral_qdec.o(i.QDEC_SetChxCpcStopEn), (28 bytes).
    Removing peripheral_qdec.o(i.QDEC_SetChxCpcTrg), (28 bytes).
    Removing peripheral_qdec.o(i.QDEC_SetChxIntEn), (28 bytes).
    Removing peripheral_qdec.o(i.QDEC_SetEtrg), (32 bytes).
    Removing peripheral_qdec.o(i.QDEC_SetEtrgEn), (28 bytes).
    Removing peripheral_qdec.o(i.QDEC_SetRegBit), (22 bytes).
    Removing peripheral_qdec.o(i.QDEC_SetRegBits), (26 bytes).
    Removing peripheral_qdec.o(i.QDEC_TmrCfg), (52 bytes).
    Removing peripheral_asdm.o(.rev16_text), (4 bytes).
    Removing peripheral_asdm.o(.revsh_text), (4 bytes).
    Removing peripheral_asdm.o(.rrx_text), (6 bytes).
    Removing peripheral_asdm.o(i.ADSM_GetReadFlag), (10 bytes).
    Removing peripheral_asdm.o(i.ADSM_VolZeroState), (10 bytes).
    Removing peripheral_asdm.o(i.ASDM_AGCEn), (20 bytes).
    Removing peripheral_asdm.o(i.ASDM_AGCNoiseGateEn), (20 bytes).
    Removing peripheral_asdm.o(i.ASDM_ClrOverflowError), (18 bytes).
    Removing peripheral_asdm.o(i.ASDM_FadeInOutEn), (20 bytes).
    Removing peripheral_asdm.o(i.ASDM_FifoEn), (20 bytes).
    Removing peripheral_asdm.o(i.ASDM_GetFifoEmptyState), (10 bytes).
    Removing peripheral_asdm.o(i.ASDM_GetFifoFullState), (10 bytes).
    Removing peripheral_asdm.o(i.ASDM_HighPassErrorEn), (18 bytes).
    Removing peripheral_asdm.o(i.ASDM_InvertInput), (18 bytes).
    Removing peripheral_asdm.o(i.ASDM_MuteEn), (20 bytes).
    Removing peripheral_asdm.o(i.ASDM_NoiseHold), (22 bytes).
    Removing peripheral_asdm.o(i.ASDM_PDM_Config), (200 bytes).
    Removing peripheral_asdm.o(i.ASDM_Reset), (18 bytes).
    Removing peripheral_asdm.o(i.ASDM_SelDownSample), (18 bytes).
    Removing peripheral_asdm.o(i.ASDM_SelMic), (18 bytes).
    Removing peripheral_asdm.o(i.ASDM_SetAGCFrameTime), (22 bytes).
    Removing peripheral_asdm.o(i.ASDM_SetAGCGateMode), (20 bytes).
    Removing peripheral_asdm.o(i.ASDM_SetAGCMaxLevel), (22 bytes).
    Removing peripheral_asdm.o(i.ASDM_SetAGCMute), (10 bytes).
    Removing peripheral_asdm.o(i.ASDM_SetAGCNoiseMode), (20 bytes).
    Removing peripheral_asdm.o(i.ASDM_SetAGCNoiseThresh), (22 bytes).
    Removing peripheral_asdm.o(i.ASDM_SetEdgeSample), (18 bytes).
    Removing peripheral_asdm.o(i.ASDM_SetFifoDepth), (22 bytes).
    Removing peripheral_asdm.o(i.ASDM_SetFifoInt), (22 bytes).
    Removing peripheral_asdm.o(i.ASDM_SetFifoTrig), (22 bytes).
    Removing peripheral_asdm.o(i.ASDM_SetHighPassEn), (18 bytes).
    Removing peripheral_asdm.o(i.ASDM_SetHighPassFilter), (22 bytes).
    Removing peripheral_asdm.o(i.ASDM_SetRegBits), (26 bytes).
    Removing peripheral_asdm.o(i.ASDM_SetVol), (22 bytes).
    Removing peripheral_asdm.o(i.ASDM_SetVolStep), (22 bytes).
    Removing peripheral_asdm.o(i.ASDM_UpdateSr), (30 bytes).
    Removing peripheral_asdm.o(i.ASDM_clrFifo), (18 bytes).
    Removing peripheral_pte.o(.rev16_text), (4 bytes).
    Removing peripheral_pte.o(.revsh_text), (4 bytes).
    Removing peripheral_pte.o(.rrx_text), (6 bytes).
    Removing peripheral_pte.o(i.PTE_ChxDisable), (12 bytes).
    Removing peripheral_pte.o(i.PTE_ChxEnable), (12 bytes).
    Removing peripheral_pte.o(i.PTE_ChxGetEnableState), (12 bytes).
    Removing peripheral_pte.o(i.PTE_SetModuleTaskEventConfig), (708 bytes).
    Removing peripheral_pte.o(i.PTE_SetRegBit), (22 bytes).
    Removing peripheral_pte.o(i.PTE_SetTaskChxGroupDis), (16 bytes).
    Removing peripheral_pte.o(i.PTE_SetTaskChxGroupDisConfig), (16 bytes).
    Removing peripheral_pte.o(i.PTE_SetTaskChxGroupEN), (16 bytes).
    Removing peripheral_pte.o(i.PTE_SetTaskChxGroupEnConfig), (16 bytes).
    Removing peripheral_pte.o(i.PTE_SetTaskChxGroupMap), (12 bytes).
    Removing peripheral_pte.o(i.PTE_TaskEnable), (816 bytes).
    Removing peripheral_pte.o(i.PTE_TriggerTask), (404 bytes).
    Removing peripheral_timer.o(.rev16_text), (4 bytes).
    Removing peripheral_timer.o(.revsh_text), (4 bytes).
    Removing peripheral_timer.o(.rrx_text), (6 bytes).
    Removing peripheral_timer.o(i.RTMR_Disable), (10 bytes).
    Removing peripheral_timer.o(i.RTMR_Enable), (10 bytes).
    Removing peripheral_timer.o(i.RTMR_GetCMP), (6 bytes).
    Removing peripheral_timer.o(i.RTMR_GetCNT), (6 bytes).
    Removing peripheral_timer.o(i.RTMR_IntDisable), (10 bytes).
    Removing peripheral_timer.o(i.RTMR_IntEnable), (10 bytes).
    Removing peripheral_timer.o(i.RTMR_Reload), (10 bytes).
    Removing peripheral_timer.o(i.RTMR_SetCMP), (4 bytes).
    Removing peripheral_timer.o(i.RTMR_SetOpMode), (14 bytes).
    Removing peripheral_timer.o(i.TMR_GetCMP), (14 bytes).
    Removing peripheral_timer.o(i.TMR_GetCNT), (14 bytes).
    Removing peripheral_timer.o(i.TMR_GetClk), (12 bytes).
    Removing peripheral_timer.o(i.TMR_IntEnable), (30 bytes).
    Removing peripheral_timer.o(i.TMR_IntHappened), (14 bytes).
    Removing peripheral_timer.o(i.TMR_PauseEnable), (64 bytes).
    Removing peripheral_timer.o(i.TMR_SetOpMode), (26 bytes).
    Removing peripheral_timer.o(i.TMR_SetReload), (12 bytes).
    Removing peripheral_timer.o(i.TMR_WatchDogClearInt), (12 bytes).
    Removing peripheral_timer.o(i.TMR_WatchDogDisable), (36 bytes).
    Removing peripheral_timer.o(i.TMR_WatchDogEnable3), (52 bytes).
    Removing peripheral_timer.o(i.TMR_WatchDogRestart), (20 bytes).
    Removing peripheral_i2s.o(.rev16_text), (4 bytes).
    Removing peripheral_i2s.o(.revsh_text), (4 bytes).
    Removing peripheral_i2s.o(.rrx_text), (6 bytes).
    Removing peripheral_i2s.o(i.I2S_ClearRxFIFO), (10 bytes).
    Removing peripheral_i2s.o(i.I2S_DMAEnable), (24 bytes).
    Removing peripheral_i2s.o(i.I2S_GetTxFIFOCount), (10 bytes).
    Removing fmul.o(.text), (100 bytes).
    Removing fdiv.o(.text), (124 bytes).
    Removing ffltui.o(.text), (10 bytes).
    Removing dfltui.o(.text), (26 bytes).
    Removing ffixi.o(.text), (50 bytes).
    Removing ffixui.o(.text), (40 bytes).
    Removing d2f.o(.text), (56 bytes).
    Removing fepilogue.o(.text), (110 bytes).

522 unused section(s) (total 24176 bytes) removed from the image.

==============================================================================

Image Symbol Table

    Local Symbols

    Symbol Name                              Value     Ov Type        Size  Object(Section)

    ../clib/microlib/division.c              0x00000000   Number         0  uidiv.o ABSOLUTE
    ../clib/microlib/division.c              0x00000000   Number         0  uldiv.o ABSOLUTE
    ../clib/microlib/init/entry.s            0x00000000   Number         0  entry12a.o ABSOLUTE
    ../clib/microlib/init/entry.s            0x00000000   Number         0  entry8a.o ABSOLUTE
    ../clib/microlib/init/entry.s            0x00000000   Number         0  entry2.o ABSOLUTE
    ../clib/microlib/init/entry.s            0x00000000   Number         0  entry5.o ABSOLUTE
    ../clib/microlib/init/entry.s            0x00000000   Number         0  entry7a.o ABSOLUTE
    ../clib/microlib/init/entry.s            0x00000000   Number         0  entry12b.o ABSOLUTE
    ../clib/microlib/init/entry.s            0x00000000   Number         0  entry7b.o ABSOLUTE
    ../clib/microlib/init/entry.s            0x00000000   Number         0  entry8b.o ABSOLUTE
    ../clib/microlib/init/entry.s            0x00000000   Number         0  entry9a.o ABSOLUTE
    ../clib/microlib/init/entry.s            0x00000000   Number         0  entry10a.o ABSOLUTE
    ../clib/microlib/init/entry.s            0x00000000   Number         0  entry10b.o ABSOLUTE
    ../clib/microlib/init/entry.s            0x00000000   Number         0  entry.o ABSOLUTE
    ../clib/microlib/init/entry.s            0x00000000   Number         0  entry11a.o ABSOLUTE
    ../clib/microlib/init/entry.s            0x00000000   Number         0  entry11b.o ABSOLUTE
    ../clib/microlib/init/entry.s            0x00000000   Number         0  entry9b.o ABSOLUTE
    ../clib/microlib/longlong.c              0x00000000   Number         0  llsshr.o ABSOLUTE
    ../clib/microlib/longlong.c              0x00000000   Number         0  llushr.o ABSOLUTE
    ../clib/microlib/longlong.c              0x00000000   Number         0  llshl.o ABSOLUTE
    ../clib/microlib/malloc/malloc.c         0x00000000   Number         0  malloc.o ABSOLUTE
    ../clib/microlib/malloc/malloc.c         0x00000000   Number         0  mallocr.o ABSOLUTE
    ../clib/microlib/malloc/malloc.c         0x00000000   Number         0  malloca.o ABSOLUTE
    ../clib/microlib/malloc/malloc.c         0x00000000   Number         0  mallocra.o ABSOLUTE
    ../clib/microlib/malloc/mvars.c          0x00000000   Number         0  mvars.o ABSOLUTE
    ../clib/microlib/printf/printf.c         0x00000000   Number         0  printfa.o ABSOLUTE
    ../clib/microlib/stdio/streams.c         0x00000000   Number         0  stdout.o ABSOLUTE
    ../clib/microlib/string/memcpy.c         0x00000000   Number         0  memcpyb.o ABSOLUTE
    ../clib/microlib/string/memcpy.c         0x00000000   Number         0  memcpya.o ABSOLUTE
    ../clib/microlib/string/memset.c         0x00000000   Number         0  memseta.o ABSOLUTE
    ../clib/microlib/string/strcpy.c         0x00000000   Number         0  strcpy.o ABSOLUTE
    ../clib/microlib/string/strlen.c         0x00000000   Number         0  strlen.o ABSOLUTE
    ../clib/microlib/stubs.s                 0x00000000   Number         0  iusefp.o ABSOLUTE
    ../fplib/microlib/d2f.c                  0x00000000   Number         0  d2f.o ABSOLUTE
    ../fplib/microlib/fpadd.c                0x00000000   Number         0  dadd.o ABSOLUTE
    ../fplib/microlib/fpdiv.c                0x00000000   Number         0  ddiv.o ABSOLUTE
    ../fplib/microlib/fpdiv.c                0x00000000   Number         0  fdiv.o ABSOLUTE
    ../fplib/microlib/fpepilogue.c           0x00000000   Number         0  fepilogue.o ABSOLUTE
    ../fplib/microlib/fpepilogue.c           0x00000000   Number         0  depilogue.o ABSOLUTE
    ../fplib/microlib/fpfix.c                0x00000000   Number         0  ffixi.o ABSOLUTE
    ../fplib/microlib/fpfix.c                0x00000000   Number         0  dfixul.o ABSOLUTE
    ../fplib/microlib/fpfix.c                0x00000000   Number         0  ffixui.o ABSOLUTE
    ../fplib/microlib/fpflt.c                0x00000000   Number         0  ffltui.o ABSOLUTE
    ../fplib/microlib/fpflt.c                0x00000000   Number         0  dfltui.o ABSOLUTE
    ../fplib/microlib/fpmul.c                0x00000000   Number         0  fmul.o ABSOLUTE
    ../fplib/microlib/fpmul.c                0x00000000   Number         0  dmul.o ABSOLUTE
    FWlib\\peripheral_asdm.c                 0x00000000   Number         0  peripheral_asdm.o ABSOLUTE
    FWlib\\peripheral_dma.c                  0x00000000   Number         0  peripheral_dma.o ABSOLUTE
    FWlib\\peripheral_gpio.c                 0x00000000   Number         0  peripheral_gpio.o ABSOLUTE
    FWlib\\peripheral_i2c.c                  0x00000000   Number         0  peripheral_i2c.o ABSOLUTE
    FWlib\\peripheral_i2s.c                  0x00000000   Number         0  peripheral_i2s.o ABSOLUTE
    FWlib\\peripheral_keyscan.c              0x00000000   Number         0  peripheral_keyscan.o ABSOLUTE
    FWlib\\peripheral_pinctrl.c              0x00000000   Number         0  peripheral_pinctrl.o ABSOLUTE
    FWlib\\peripheral_pte.c                  0x00000000   Number         0  peripheral_pte.o ABSOLUTE
    FWlib\\peripheral_pwm.c                  0x00000000   Number         0  peripheral_pwm.o ABSOLUTE
    FWlib\\peripheral_qdec.c                 0x00000000   Number         0  peripheral_qdec.o ABSOLUTE
    FWlib\\peripheral_ssp.c                  0x00000000   Number         0  peripheral_ssp.o ABSOLUTE
    FWlib\\peripheral_sysctrl.c              0x00000000   Number         0  peripheral_sysctrl.o ABSOLUTE
    FWlib\\peripheral_timer.c                0x00000000   Number         0  peripheral_timer.o ABSOLUTE
    FWlib\\peripheral_uart.c                 0x00000000   Number         0  peripheral_uart.o ABSOLUTE
    FWlib\peripheral_asdm.c                  0x00000000   Number         0  peripheral_asdm.o ABSOLUTE
    FWlib\peripheral_dma.c                   0x00000000   Number         0  peripheral_dma.o ABSOLUTE
    FWlib\peripheral_gpio.c                  0x00000000   Number         0  peripheral_gpio.o ABSOLUTE
    FWlib\peripheral_i2c.c                   0x00000000   Number         0  peripheral_i2c.o ABSOLUTE
    FWlib\peripheral_i2s.c                   0x00000000   Number         0  peripheral_i2s.o ABSOLUTE
    FWlib\peripheral_keyscan.c               0x00000000   Number         0  peripheral_keyscan.o ABSOLUTE
    FWlib\peripheral_pinctrl.c               0x00000000   Number         0  peripheral_pinctrl.o ABSOLUTE
    FWlib\peripheral_pte.c                   0x00000000   Number         0  peripheral_pte.o ABSOLUTE
    FWlib\peripheral_pwm.c                   0x00000000   Number         0  peripheral_pwm.o ABSOLUTE
    FWlib\peripheral_qdec.c                  0x00000000   Number         0  peripheral_qdec.o ABSOLUTE
    FWlib\peripheral_ssp.c                   0x00000000   Number         0  peripheral_ssp.o ABSOLUTE
    FWlib\peripheral_sysctrl.c               0x00000000   Number         0  peripheral_sysctrl.o ABSOLUTE
    FWlib\peripheral_timer.c                 0x00000000   Number         0  peripheral_timer.o ABSOLUTE
    FWlib\peripheral_uart.c                  0x00000000   Number         0  peripheral_uart.o ABSOLUTE
    cdrcmple.s                               0x00000000   Number         0  cdrcmple.o ABSOLUTE
    dc.s                                     0x00000000   Number         0  dc.o ABSOLUTE
    handlers.s                               0x00000000   Number         0  handlers.o ABSOLUTE
    init.s                                   0x00000000   Number         0  init.o ABSOLUTE
    src\I2S\i2s_master.c                     0x00000000   Number         0  i2s_master.o ABSOLUTE
    src\PTE\PTE_LIB\PTE_lib_timer.c          0x00000000   Number         0  pte_lib_timer.o ABSOLUTE
    src\PWM.c                                0x00000000   Number         0  pwm.o ABSOLUTE
    src\SEGGER_RTT.c                         0x00000000   Number         0  segger_rtt.o ABSOLUTE
    src\SEGGER_RTT_printf.c                  0x00000000   Number         0  segger_rtt_printf.o ABSOLUTE
    src\\I2S\\i2s_master.c                   0x00000000   Number         0  i2s_master.o ABSOLUTE
    src\\PTE\\PTE_LIB\\PTE_lib_timer.c       0x00000000   Number         0  pte_lib_timer.o ABSOLUTE
    src\\PWM.c                               0x00000000   Number         0  pwm.o ABSOLUTE
    src\\audioadc\\PDM.c                     0x00000000   Number         0  pdm.o ABSOLUTE
    src\\debug_print.c                       0x00000000   Number         0  debug_print.o ABSOLUTE
    src\\gpio.c                              0x00000000   Number         0  gpio.o ABSOLUTE
    src\\iic_master_920.c                    0x00000000   Number         0  iic_master_920.o ABSOLUTE
    src\\keyscan_demo\\keyscan_normal.c      0x00000000   Number         0  keyscan_normal.o ABSOLUTE
    src\\main.c                              0x00000000   Number         0  main.o ABSOLUTE
    src\\misc.c                              0x00000000   Number         0  misc.o ABSOLUTE
    src\\pingpong.c                          0x00000000   Number         0  pingpong.o ABSOLUTE
    src\\qdec.c                              0x00000000   Number         0  qdec.o ABSOLUTE
    src\\qdec\\qdec_timer.c                  0x00000000   Number         0  qdec_timer.o ABSOLUTE
    src\\spi\\spi_slave.c                    0x00000000   Number         0  spi_slave.o ABSOLUTE
    src\\test.c                              0x00000000   Number         0  test.o ABSOLUTE
    src\\timer\\r_timer.c                    0x00000000   Number         0  r_timer.o ABSOLUTE
    src\\timer_delay.c                       0x00000000   Number         0  timer_delay.o ABSOLUTE
    src\\uart.c                              0x00000000   Number         0  uart.o ABSOLUTE
    src\ano_protocol.c                       0x00000000   Number         0  ano_protocol.o ABSOLUTE
    src\audioadc\PDM.c                       0x00000000   Number         0  pdm.o ABSOLUTE
    src\debug_print.c                        0x00000000   Number         0  debug_print.o ABSOLUTE
    src\gpio.c                               0x00000000   Number         0  gpio.o ABSOLUTE
    src\iic_master_920.c                     0x00000000   Number         0  iic_master_920.o ABSOLUTE
    src\keyscan_demo\keyscan_normal.c        0x00000000   Number         0  keyscan_normal.o ABSOLUTE
    src\main.c                               0x00000000   Number         0  main.o ABSOLUTE
    src\misc.c                               0x00000000   Number         0  misc.o ABSOLUTE
    src\pingpong.c                           0x00000000   Number         0  pingpong.o ABSOLUTE
    src\qdec.c                               0x00000000   Number         0  qdec.o ABSOLUTE
    src\qdec\qdec_timer.c                    0x00000000   Number         0  qdec_timer.o ABSOLUTE
    src\spi\spi_slave.c                      0x00000000   Number         0  spi_slave.o ABSOLUTE
    src\startup_ing920.s                     0x00000000   Number         0  startup_ing920.o ABSOLUTE
    src\test.c                               0x00000000   Number         0  test.o ABSOLUTE
    src\timer\r_timer.c                      0x00000000   Number         0  r_timer.o ABSOLUTE
    src\timer_delay.c                        0x00000000   Number         0  timer_delay.o ABSOLUTE
    src\uart.c                               0x00000000   Number         0  uart.o ABSOLUTE
    RESET                                    0x02002000   Section      212  startup_ing920.o(RESET)
    .ARM.Collect$$$$00000000                 0x020020d4   Section        0  entry.o(.ARM.Collect$$$$00000000)
    .ARM.Collect$$$$00000001                 0x020020d4   Section        4  entry2.o(.ARM.Collect$$$$00000001)
    .ARM.Collect$$$$00000004                 0x020020d8   Section        4  entry5.o(.ARM.Collect$$$$00000004)
    .ARM.Collect$$$$00000008                 0x020020dc   Section        0  entry7b.o(.ARM.Collect$$$$00000008)
    .ARM.Collect$$$$0000000A                 0x020020dc   Section        0  entry8b.o(.ARM.Collect$$$$0000000A)
    .ARM.Collect$$$$0000000B                 0x020020dc   Section        8  entry9a.o(.ARM.Collect$$$$0000000B)
    .ARM.Collect$$$$0000000E                 0x020020e4   Section        4  entry12b.o(.ARM.Collect$$$$0000000E)
    .ARM.Collect$$$$0000000F                 0x020020e8   Section        0  entry10a.o(.ARM.Collect$$$$0000000F)
    .ARM.Collect$$$$00000011                 0x020020e8   Section        0  entry11a.o(.ARM.Collect$$$$00000011)
    .ARM.Collect$$$$00002712                 0x020020e8   Section        4  entry2.o(.ARM.Collect$$$$00002712)
    __lit__00000000                          0x020020e8   Data           4  entry2.o(.ARM.Collect$$$$00002712)
    .text                                    0x020020ec   Section       28  startup_ing920.o(.text)
    .text                                    0x02002108   Section        0  uldiv.o(.text)
    .text                                    0x0200216a   Section        0  memcpya.o(.text)
    .text                                    0x0200218e   Section        0  memseta.o(.text)
    .text                                    0x020021b2   Section        0  strcpy.o(.text)
    .text                                    0x020021c4   Section        0  dadd.o(.text)
    .text                                    0x02002312   Section        0  ddiv.o(.text)
    .text                                    0x020023f0   Section        0  uidiv.o(.text)
    .text                                    0x0200241c   Section        0  llshl.o(.text)
    .text                                    0x0200243a   Section        0  llushr.o(.text)
    .text                                    0x0200245a   Section        0  llsshr.o(.text)
    .text                                    0x0200247e   Section        0  iusefp.o(.text)
    .text                                    0x0200247e   Section        0  depilogue.o(.text)
    .text                                    0x02002538   Section        0  dmul.o(.text)
    .text                                    0x0200261c   Section        0  dfixul.o(.text)
    .text                                    0x0200264c   Section       48  cdrcmple.o(.text)
    .text                                    0x0200267c   Section       36  init.o(.text)
    i.ASDM_GetFifoCount                      0x020026a0   Section        0  peripheral_asdm.o(i.ASDM_GetFifoCount)
    i.ASDM_GetOutData                        0x020026aa   Section        0  peripheral_asdm.o(i.ASDM_GetOutData)
    i.ASDM_IRQHandler                        0x020026b0   Section        0  pdm.o(i.ASDM_IRQHandler)
    i.ASDM_SetRegBit                         0x020026ec   Section        0  peripheral_asdm.o(i.ASDM_SetRegBit)
    ASDM_SetRegBit                           0x020026ed   Thumb Code    22  peripheral_asdm.o(i.ASDM_SetRegBit)
    i.DMA_ClearChannelIntState               0x02002704   Section        0  peripheral_dma.o(i.DMA_ClearChannelIntState)
    i.DMA_EnableChannel                      0x0200274c   Section        0  peripheral_dma.o(i.DMA_EnableChannel)
    i.DMA_GetChannelIntState                 0x02002788   Section        0  peripheral_dma.o(i.DMA_GetChannelIntState)
    i.DMA_IRQHandler                         0x020027b8   Section        0  pdm.o(i.DMA_IRQHandler)
    i.GIO_ClearIntStatus                     0x020027e4   Section        0  peripheral_gpio.o(i.GIO_ClearIntStatus)
    i.GIO_GetIntStatus                       0x02002814   Section        0  peripheral_gpio.o(i.GIO_GetIntStatus)
    i.GPIO0_IRQHandler                       0x02002844   Section        0  gpio.o(i.GPIO0_IRQHandler)
    i.HardFault_Handler                      0x02002874   Section        0  main.o(i.HardFault_Handler)
    i.I2C0_IRQHandler                        0x02002878   Section        0  iic_master_920.o(i.I2C0_IRQHandler)
    i.I2C_ClearIntState                      0x02002882   Section        0  peripheral_i2c.o(i.I2C_ClearIntState)
    i.I2C_CommandWrite                       0x0200288e   Section        0  peripheral_i2c.o(i.I2C_CommandWrite)
    i.I2C_DataRead                           0x02002892   Section        0  peripheral_i2c.o(i.I2C_DataRead)
    i.I2C_DataWrite                          0x0200289a   Section        0  peripheral_i2c.o(i.I2C_DataWrite)
    i.I2C_FifoEmpty                          0x0200289e   Section        0  peripheral_i2c.o(i.I2C_FifoEmpty)
    i.I2C_FifoFull                           0x020028a8   Section        0  peripheral_i2c.o(i.I2C_FifoFull)
    i.I2C_GetIntState                        0x020028b2   Section        0  peripheral_i2c.o(i.I2C_GetIntState)
    i.I2C_IntDisable                         0x020028bc   Section        0  peripheral_i2c.o(i.I2C_IntDisable)
    i.I2S_ClearIntState                      0x020028c8   Section        0  peripheral_i2s.o(i.I2S_ClearIntState)
    i.I2S_ClearTxFIFO                        0x020028cc   Section        0  peripheral_i2s.o(i.I2S_ClearTxFIFO)
    i.I2S_Config                             0x020028d6   Section        0  peripheral_i2s.o(i.I2S_Config)
    i.I2S_ConfigClk                          0x02002946   Section        0  peripheral_i2s.o(i.I2S_ConfigClk)
    i.I2S_ConfigIRQ                          0x02002954   Section        0  peripheral_i2s.o(i.I2S_ConfigIRQ)
    i.I2S_Enable                             0x02002974   Section        0  peripheral_i2s.o(i.I2S_Enable)
    i.I2S_GetIntState                        0x0200298a   Section        0  peripheral_i2s.o(i.I2S_GetIntState)
    i.I2S_GetRxFIFOCount                     0x02002994   Section        0  peripheral_i2s.o(i.I2S_GetRxFIFOCount)
    i.I2S_IRQHandler                         0x020029a0   Section        0  i2s_master.o(i.I2S_IRQHandler)
    i.I2S_PopRxFIFO                          0x020029f0   Section        0  peripheral_i2s.o(i.I2S_PopRxFIFO)
    i.I2S_PushTxFIFO                         0x020029f6   Section        0  peripheral_i2s.o(i.I2S_PushTxFIFO)
    i.I2sConfigInit                          0x020029fc   Section        0  i2s_master.o(i.I2sConfigInit)
    i.I2sGpioInit                            0x02002a50   Section        0  i2s_master.o(i.I2sGpioInit)
    i.I2sSend                                0x02002a78   Section        0  i2s_master.o(i.I2sSend)
    i.I2sTest                                0x02002abc   Section        0  i2s_master.o(i.I2sTest)
    i.KEYSCAN_GetIntStateFifoEmptyRaw        0x02002ad0   Section        0  peripheral_keyscan.o(i.KEYSCAN_GetIntStateFifoEmptyRaw)
    i.KEYSCAN_GetKeyData                     0x02002aec   Section        0  peripheral_keyscan.o(i.KEYSCAN_GetKeyData)
    i.KEYSCAN_LoopIntClr                     0x02002b08   Section        0  peripheral_keyscan.o(i.KEYSCAN_LoopIntClr)
    i.KEYSCAN_reg_read_bits                  0x02002b24   Section        0  peripheral_keyscan.o(i.KEYSCAN_reg_read_bits)
    KEYSCAN_reg_read_bits                    0x02002b25   Thumb Code    24  peripheral_keyscan.o(i.KEYSCAN_reg_read_bits)
    i.KEYSCAN_reg_write_bits                 0x02002b3c   Section        0  peripheral_keyscan.o(i.KEYSCAN_reg_write_bits)
    KEYSCAN_reg_write_bits                   0x02002b3d   Thumb Code    34  peripheral_keyscan.o(i.KEYSCAN_reg_write_bits)
    i.KeyScan_IRQHandler                     0x02002b60   Section        0  keyscan_normal.o(i.KeyScan_IRQHandler)
    i.NVIC_Configuration                     0x02002ba8   Section        0  i2s_master.o(i.NVIC_Configuration)
    NVIC_Configuration                       0x02002ba9   Thumb Code    34  i2s_master.o(i.NVIC_Configuration)
    i.NVIC_Init                              0x02002bcc   Section        0  misc.o(i.NVIC_Init)
    i.PCAP_ReadData                          0x02002c3c   Section        0  peripheral_pwm.o(i.PCAP_ReadData)
    i.PDM_Enable                             0x02002c4c   Section        0  peripheral_asdm.o(i.PDM_Enable)
    i.PINCTRL_SelI2sIn                       0x02002c68   Section        0  peripheral_pinctrl.o(i.PINCTRL_SelI2sIn)
    i.PINCTRL_SelInput                       0x02002cbc   Section        0  peripheral_pinctrl.o(i.PINCTRL_SelInput)
    PINCTRL_SelInput                         0x02002cbd   Thumb Code    86  peripheral_pinctrl.o(i.PINCTRL_SelInput)
    i.PINCTRL_SelUartRxdIn                   0x02002d18   Section        0  peripheral_pinctrl.o(i.PINCTRL_SelUartRxdIn)
    i.PINCTRL_SetPadMux                      0x02002d50   Section        0  peripheral_pinctrl.o(i.PINCTRL_SetPadMux)
    i.PWM0_IRQHandler                        0x02002e2c   Section        0  pwm.o(i.PWM0_IRQHandler)
    i.PWM_GetFifoStatus                      0x02002e80   Section        0  peripheral_pwm.o(i.PWM_GetFifoStatus)
    i.QDEC0_IRQHandler                       0x02002e90   Section        0  qdec_timer.o(i.QDEC0_IRQHandler)
    i.QDEC1_IRQHandler                       0x02003040   Section        0  qdec_timer.o(i.QDEC1_IRQHandler)
    i.QDEC2_IRQHandler                       0x020031f0   Section        0  qdec_timer.o(i.QDEC2_IRQHandler)
    i.QDEC_GetChxIntStateClr                 0x020033a0   Section        0  peripheral_qdec.o(i.QDEC_GetChxIntStateClr)
    i.QSPI_IRQHandler                        0x020033b0   Section        0  spi_slave.o(i.QSPI_IRQHandler)
    i.RCMFDTRIM_IRQHandler                   0x020033bc   Section        0  r_timer.o(i.RCMFDTRIM_IRQHandler)
    i.RTMR_IntClr                            0x020033ec   Section        0  peripheral_timer.o(i.RTMR_IntClr)
    i.RTMR_IntHappened                       0x020033f6   Section        0  peripheral_timer.o(i.RTMR_IntHappened)
    i.SEGGER_RTT_Init                        0x02003400   Section        0  segger_rtt.o(i.SEGGER_RTT_Init)
    i.SEGGER_RTT_Write                       0x02003408   Section        0  segger_rtt.o(i.SEGGER_RTT_Write)
    i.SEGGER_RTT_WriteNoLock                 0x02003450   Section        0  segger_rtt.o(i.SEGGER_RTT_WriteNoLock)
    i.SEGGER_RTT_printf                      0x020034d4   Section        0  segger_rtt_printf.o(i.SEGGER_RTT_printf)
    i.SEGGER_RTT_vprintf                     0x020034f6   Section        0  segger_rtt_printf.o(i.SEGGER_RTT_vprintf)
    i.SYSCTRL_ClearClkGate                   0x02003700   Section        0  peripheral_sysctrl.o(i.SYSCTRL_ClearClkGate)
    i.SYSCTRL_ClearClkGateMulti              0x0200370e   Section        0  peripheral_sysctrl.o(i.SYSCTRL_ClearClkGateMulti)
    i.SYSCTRL_ClkGateCtrl                    0x02003730   Section        0  peripheral_sysctrl.o(i.SYSCTRL_ClkGateCtrl)
    SYSCTRL_ClkGateCtrl                      0x02003731   Thumb Code   528  peripheral_sysctrl.o(i.SYSCTRL_ClkGateCtrl)
    i.SYSCTRL_ConfigPLLClk                   0x02003944   Section        0  peripheral_sysctrl.o(i.SYSCTRL_ConfigPLLClk)
    i.SYSCTRL_DelayCycles                    0x02003a50   Section        0  peripheral_sysctrl.o(i.SYSCTRL_DelayCycles)
    i.SYSCTRL_GetHClk                        0x02003a8c   Section        0  peripheral_sysctrl.o(i.SYSCTRL_GetHClk)
    i.SYSCTRL_GetPLLClk                      0x02003abc   Section        0  peripheral_sysctrl.o(i.SYSCTRL_GetPLLClk)
    i.SYSCTRL_GetSlowClk                     0x02003afc   Section        0  peripheral_sysctrl.o(i.SYSCTRL_GetSlowClk)
    i.SYSCTRL_SelectI2sClk                   0x02003b18   Section        0  peripheral_sysctrl.o(i.SYSCTRL_SelectI2sClk)
    i.SysTick_Handler                        0x02003b50   Section        0  timer_delay.o(i.SysTick_Handler)
    i.TIMER0_IRQHandler                      0x02003b60   Section        0  pte_lib_timer.o(i.TIMER0_IRQHandler)
    i.TIMER1_IRQHandler                      0x02003b90   Section        0  pte_lib_timer.o(i.TIMER1_IRQHandler)
    i.TMR_Enable                             0x02003bb8   Section        0  peripheral_timer.o(i.TMR_Enable)
    i.TMR_IntClr                             0x02003bd6   Section        0  peripheral_timer.o(i.TMR_IntClr)
    i.UART0_IRQHandler                       0x02003be4   Section        0  uart.o(i.UART0_IRQHandler)
    i.UART_SendData                          0x02003bec   Section        0  peripheral_uart.o(i.UART_SendData)
    i._DoInit                                0x02003bf0   Section        0  segger_rtt.o(i._DoInit)
    _DoInit                                  0x02003bf1   Thumb Code    74  segger_rtt.o(i._DoInit)
    i._GetAvailWriteSpace                    0x02003c60   Section        0  segger_rtt.o(i._GetAvailWriteSpace)
    _GetAvailWriteSpace                      0x02003c61   Thumb Code    28  segger_rtt.o(i._GetAvailWriteSpace)
    i._PrintInt                              0x02003c7c   Section        0  segger_rtt_printf.o(i._PrintInt)
    _PrintInt                                0x02003c7d   Thumb Code   236  segger_rtt_printf.o(i._PrintInt)
    i._PrintUnsigned                         0x02003d68   Section        0  segger_rtt_printf.o(i._PrintUnsigned)
    _PrintUnsigned                           0x02003d69   Thumb Code   230  segger_rtt_printf.o(i._PrintUnsigned)
    i._StoreChar                             0x02003e54   Section        0  segger_rtt_printf.o(i._StoreChar)
    _StoreChar                               0x02003e55   Thumb Code    68  segger_rtt_printf.o(i._StoreChar)
    i._WriteBlocking                         0x02003e98   Section        0  segger_rtt.o(i._WriteBlocking)
    _WriteBlocking                           0x02003e99   Thumb Code   114  segger_rtt.o(i._WriteBlocking)
    i._WriteNoCheck                          0x02003f0a   Section        0  segger_rtt.o(i._WriteNoCheck)
    _WriteNoCheck                            0x02003f0b   Thumb Code    76  segger_rtt.o(i._WriteNoCheck)
    i.__0vsnprintf                           0x02003f58   Section        0  printfa.o(i.__0vsnprintf)
    i.__scatterload_copy                     0x02003f8c   Section       14  handlers.o(i.__scatterload_copy)
    i.__scatterload_null                     0x02003f9a   Section        2  handlers.o(i.__scatterload_null)
    i.__scatterload_zeroinit                 0x02003f9c   Section       14  handlers.o(i.__scatterload_zeroinit)
    i._fp_digits                             0x02003fac   Section        0  printfa.o(i._fp_digits)
    _fp_digits                               0x02003fad   Thumb Code   366  printfa.o(i._fp_digits)
    i._printf_core                           0x02004130   Section        0  printfa.o(i._printf_core)
    _printf_core                             0x02004131   Thumb Code  1704  printfa.o(i._printf_core)
    i._printf_post_padding                   0x020047e4   Section        0  printfa.o(i._printf_post_padding)
    _printf_post_padding                     0x020047e5   Thumb Code    36  printfa.o(i._printf_post_padding)
    i._printf_pre_padding                    0x02004808   Section        0  printfa.o(i._printf_pre_padding)
    _printf_pre_padding                      0x02004809   Thumb Code    46  printfa.o(i._printf_pre_padding)
    i._snputc                                0x02004836   Section        0  printfa.o(i._snputc)
    _snputc                                  0x02004837   Thumb Code    22  printfa.o(i._snputc)
    i.apSSP_ClearIntStatus                   0x0200484c   Section        0  peripheral_ssp.o(i.apSSP_ClearIntStatus)
    i.apSSP_GetDataNumInRxFifo               0x02004854   Section        0  peripheral_ssp.o(i.apSSP_GetDataNumInRxFifo)
    i.apSSP_GetIntRawStatus                  0x02004868   Section        0  peripheral_ssp.o(i.apSSP_GetIntRawStatus)
    i.apSSP_ReadFIFO                         0x0200486e   Section        0  peripheral_ssp.o(i.apSSP_ReadFIFO)
    i.apSSP_RxFifoEmpty                      0x02004874   Section        0  peripheral_ssp.o(i.apSSP_RxFifoEmpty)
    i.apSSP_TxFifoFull                       0x0200487e   Section        0  peripheral_ssp.o(i.apSSP_TxFifoFull)
    i.apSSP_WriteFIFO                        0x02004888   Section        0  peripheral_ssp.o(i.apSSP_WriteFIFO)
    i.apUART_BaudRateSet                     0x0200488c   Section        0  peripheral_uart.o(i.apUART_BaudRateSet)
    i.apUART_Check_RXFIFO_EMPTY              0x020048ce   Section        0  peripheral_uart.o(i.apUART_Check_RXFIFO_EMPTY)
    i.apUART_Check_TXFIFO_EMPTY              0x020048d8   Section        0  peripheral_uart.o(i.apUART_Check_TXFIFO_EMPTY)
    i.apUART_Get_all_raw_int_stat            0x020048e2   Section        0  peripheral_uart.o(i.apUART_Get_all_raw_int_stat)
    i.apUART_Initialize                      0x020048e8   Section        0  peripheral_uart.o(i.apUART_Initialize)
    i.config_uart                            0x02004964   Section        0  uart.o(i.config_uart)
    i.debug_hex                              0x020049bc   Section        0  debug_print.o(i.debug_hex)
    i.debug_uart                             0x020049cc   Section        0  debug_print.o(i.debug_uart)
    i.get_safe_divider                       0x02004a00   Section        0  peripheral_sysctrl.o(i.get_safe_divider)
    get_safe_divider                         0x02004a01   Thumb Code    26  peripheral_sysctrl.o(i.get_safe_divider)
    i.key_scan_check                         0x02004a1c   Section        0  keyscan_normal.o(i.key_scan_check)
    i.main                                   0x02004a8c   Section        0  main.o(i.main)
    i.peripherals_i2c_isr                    0x02004b68   Section        0  iic_master_920.o(i.peripherals_i2c_isr)
    peripherals_i2c_isr                      0x02004b69   Thumb Code   272  iic_master_920.o(i.peripherals_i2c_isr)
    i.peripherals_spi_isr                    0x02004c98   Section        0  spi_slave.o(i.peripherals_spi_isr)
    peripherals_spi_isr                      0x02004c99   Thumb Code   164  spi_slave.o(i.peripherals_spi_isr)
    i.pin_id_for_input_source                0x02004d94   Section        0  peripheral_pinctrl.o(i.pin_id_for_input_source)
    pin_id_for_input_source                  0x02004d95   Thumb Code    86  peripheral_pinctrl.o(i.pin_id_for_input_source)
    i.set_reg_bit                            0x02004df0   Section        0  peripheral_sysctrl.o(i.set_reg_bit)
    set_reg_bit                              0x02004df1   Thumb Code    22  peripheral_sysctrl.o(i.set_reg_bit)
    i.set_reg_bits                           0x02004e06   Section        0  peripheral_sysctrl.o(i.set_reg_bits)
    set_reg_bits                             0x02004e07   Thumb Code    26  peripheral_sysctrl.o(i.set_reg_bits)
    i.set_reg_bits                           0x02004e20   Section        0  peripheral_pinctrl.o(i.set_reg_bits)
    set_reg_bits                             0x02004e21   Thumb Code    30  peripheral_pinctrl.o(i.set_reg_bits)
    i.source_id_on_pin                       0x02004e40   Section        0  peripheral_pinctrl.o(i.source_id_on_pin)
    source_id_on_pin                         0x02004e41   Thumb Code    96  peripheral_pinctrl.o(i.source_id_on_pin)
    i.uart_init_board                        0x02004ea4   Section        0  uart.o(i.uart_init_board)
    i.uart_int_fifo_callback                 0x02004ed4   Section        0  uart.o(i.uart_int_fifo_callback)
    uart_int_fifo_callback                   0x02004ed5   Thumb Code   152  uart.o(i.uart_int_fifo_callback)
    i.uart_send_test                         0x02004f9c   Section        0  uart.o(i.uart_send_test)
    i.write_uart_buffer                      0x02004fc8   Section        0  debug_print.o(i.write_uart_buffer)
    .constdata                               0x02004fd8   Section       16  segger_rtt_printf.o(.constdata)
    _aV2C                                    0x02004fd8   Data          16  segger_rtt_printf.o(.constdata)
    .constdata                               0x02004fe8   Section      960  peripheral_pinctrl.o(.constdata)
    source_tab                               0x02005330   Data          12  peripheral_pinctrl.o(.constdata)
    reg_tab                                  0x0200533c   Data          12  peripheral_pinctrl.o(.constdata)
    bit_offset_tab                           0x02005348   Data          12  peripheral_pinctrl.o(.constdata)
    source_tab                               0x02005354   Data          12  peripheral_pinctrl.o(.constdata)
    settings                                 0x02005360   Data          72  peripheral_pinctrl.o(.constdata)
    .data                                    0x20000000   Section        4  timer_delay.o(.data)
    .data                                    0x20000004   Section       37  uart.o(.data)
    index_uart                               0x20000024   Data           4  uart.o(.data)
    .data                                    0x2000002c   Section       14  iic_master_920.o(.data)
    send_buf_ptr                             0x20000030   Data           4  iic_master_920.o(.data)
    read_buf_ptr                             0x20000034   Data           4  iic_master_920.o(.data)
    wr_flag                                  0x20000038   Data           1  iic_master_920.o(.data)
    dir                                      0x20000039   Data           1  iic_master_920.o(.data)
    .data                                    0x2000003c   Section       50  keyscan_normal.o(.data)
    keyscan_set                              0x2000004c   Data          32  keyscan_normal.o(.data)
    num                                      0x2000006c   Data           2  keyscan_normal.o(.data)
    .data                                    0x2000006e   Section        4  pdm.o(.data)
    .data                                    0x20000072   Section        8  spi_slave.o(.data)
    .data                                    0x2000007a   Section        1  i2s_master.o(.data)
    .bss                                     0x2000007c   Section     1112  segger_rtt.o(.bss)
    _acUpBuffer                              0x200000c4   Data        1024  segger_rtt.o(.bss)
    _acDownBuffer                            0x200004c4   Data          16  segger_rtt.o(.bss)
    .bss                                     0x200004d8   Section      284  uart.o(.bss)
    dst                                      0x200004f4   Data         256  uart.o(.bss)
    .bss                                     0x200005f4   Section       50  keyscan_normal.o(.bss)
    key_ctx                                  0x200005f4   Data          30  keyscan_normal.o(.bss)
    key_vale                                 0x20000612   Data          20  keyscan_normal.o(.bss)
    .bss                                     0x20000628   Section     4124  pdm.o(.bss)
    .bss                                     0x20001644   Section       40  i2s_master.o(.bss)
    STACK                                    0x20001670   Section     1024  startup_ing920.o(STACK)

    Global Symbols

    Symbol Name                              Value     Ov Type        Size  Object(Section)

    BuildAttributes$$THM_ISAv4$P$D$K$B$S$PE$A:L22UL41UL21$X:L11$S22US41US21$IEEE1$IW$USESV6$~STKCKD$USESV7$~SHL$OTIME$ROPI$EBA8$MICROLIB$REQ8$PRES8$EABIv2 0x00000000   Number         0  anon$$obj.o ABSOLUTE
    __ARM_use_no_argv                        0x00000000   Number         0  main.o ABSOLUTE
    __arm_fini_                               - Undefined Weak Reference
    __cpp_initialize__aeabi_                  - Undefined Weak Reference
    __cxa_finalize                            - Undefined Weak Reference
    __decompress                              - Undefined Weak Reference
    _clock_init                               - Undefined Weak Reference
    _microlib_exit                            - Undefined Weak Reference
    __Vectors                                0x02002000   Data           4  startup_ing920.o(RESET)
    __main                                   0x020020d5   Thumb Code     0  entry.o(.ARM.Collect$$$$00000000)
    _main_stk                                0x020020d5   Thumb Code     0  entry2.o(.ARM.Collect$$$$00000001)
    _main_scatterload                        0x020020d9   Thumb Code     0  entry5.o(.ARM.Collect$$$$00000004)
    __main_after_scatterload                 0x020020dd   Thumb Code     0  entry5.o(.ARM.Collect$$$$00000004)
    _main_clock                              0x020020dd   Thumb Code     0  entry7b.o(.ARM.Collect$$$$00000008)
    _main_cpp_init                           0x020020dd   Thumb Code     0  entry8b.o(.ARM.Collect$$$$0000000A)
    _main_init                               0x020020dd   Thumb Code     0  entry9a.o(.ARM.Collect$$$$0000000B)
    __rt_lib_shutdown_fini                   0x020020e5   Thumb Code     0  entry12b.o(.ARM.Collect$$$$0000000E)
    __rt_final_cpp                           0x020020e9   Thumb Code     0  entry10a.o(.ARM.Collect$$$$0000000F)
    __rt_final_exit                          0x020020e9   Thumb Code     0  entry11a.o(.ARM.Collect$$$$00000011)
    Reset_Handler                            0x020020ed   Thumb Code     4  startup_ing920.o(.text)
    NMI_Handler                              0x020020f1   Thumb Code     2  startup_ing920.o(.text)
    MemManage_Handler                        0x020020f5   Thumb Code     2  startup_ing920.o(.text)
    BusFault_Handler                         0x020020f7   Thumb Code     2  startup_ing920.o(.text)
    UsageFault_Handler                       0x020020f9   Thumb Code     2  startup_ing920.o(.text)
    SVC_Handler                              0x020020fb   Thumb Code     2  startup_ing920.o(.text)
    DebugMon_Handler                         0x020020fd   Thumb Code     2  startup_ing920.o(.text)
    PendSV_Handler                           0x020020ff   Thumb Code     2  startup_ing920.o(.text)
    ACTCNT32K_IRQHandler                     0x02002103   Thumb Code     0  startup_ing920.o(.text)
    APBSPI_IRQHandler                        0x02002103   Thumb Code     0  startup_ing920.o(.text)
    CacheI_IRQHandler                        0x02002103   Thumb Code     0  startup_ing920.o(.text)
    GPIO1_IRQHandler                         0x02002103   Thumb Code     0  startup_ing920.o(.text)
    LLEAES_IRQHandler                        0x02002103   Thumb Code     0  startup_ing920.o(.text)
    LLEERR_IRQHandler                        0x02002103   Thumb Code     0  startup_ing920.o(.text)
    LLEFUN_IRQHandler                        0x02002103   Thumb Code     0  startup_ing920.o(.text)
    PMUPDR_IRQHandler                        0x02002103   Thumb Code     0  startup_ing920.o(.text)
    PMUPVD_IRQHandler                        0x02002103   Thumb Code     0  startup_ing920.o(.text)
    POW_CS_IRQHandler                        0x02002103   Thumb Code     0  startup_ing920.o(.text)
    PWM1_IRQHandler                          0x02002103   Thumb Code     0  startup_ing920.o(.text)
    PWM2_IRQHandler                          0x02002103   Thumb Code     0  startup_ing920.o(.text)
    SADC_IRQHandler                          0x02002103   Thumb Code     0  startup_ing920.o(.text)
    SPIFlash_IRQHandler                      0x02002103   Thumb Code     0  startup_ing920.o(.text)
    TBCU_IRQHandler                          0x02002103   Thumb Code     0  startup_ing920.o(.text)
    TRNG_IRQHandler                          0x02002103   Thumb Code     0  startup_ing920.o(.text)
    UART1_IRQHandler                         0x02002103   Thumb Code     0  startup_ing920.o(.text)
    USB_IRQHandler                           0x02002103   Thumb Code     0  startup_ing920.o(.text)
    WDT_IRQHandler                           0x02002103   Thumb Code     0  startup_ing920.o(.text)
    XOREADY_IRQHandler                       0x02002103   Thumb Code     0  startup_ing920.o(.text)
    __aeabi_uldivmod                         0x02002109   Thumb Code    98  uldiv.o(.text)
    __aeabi_memcpy                           0x0200216b   Thumb Code    36  memcpya.o(.text)
    __aeabi_memcpy4                          0x0200216b   Thumb Code     0  memcpya.o(.text)
    __aeabi_memcpy8                          0x0200216b   Thumb Code     0  memcpya.o(.text)
    __aeabi_memset                           0x0200218f   Thumb Code    14  memseta.o(.text)
    __aeabi_memset4                          0x0200218f   Thumb Code     0  memseta.o(.text)
    __aeabi_memset8                          0x0200218f   Thumb Code     0  memseta.o(.text)
    __aeabi_memclr                           0x0200219d   Thumb Code     4  memseta.o(.text)
    __aeabi_memclr4                          0x0200219d   Thumb Code     0  memseta.o(.text)
    __aeabi_memclr8                          0x0200219d   Thumb Code     0  memseta.o(.text)
    _memset$wrapper                          0x020021a1   Thumb Code    18  memseta.o(.text)
    strcpy                                   0x020021b3   Thumb Code    18  strcpy.o(.text)
    __aeabi_dadd                             0x020021c5   Thumb Code   322  dadd.o(.text)
    __aeabi_dsub                             0x02002307   Thumb Code     6  dadd.o(.text)
    __aeabi_drsub                            0x0200230d   Thumb Code     6  dadd.o(.text)
    __aeabi_ddiv                             0x02002313   Thumb Code   222  ddiv.o(.text)
    __aeabi_uidiv                            0x020023f1   Thumb Code     0  uidiv.o(.text)
    __aeabi_uidivmod                         0x020023f1   Thumb Code    44  uidiv.o(.text)
    __aeabi_llsl                             0x0200241d   Thumb Code    30  llshl.o(.text)
    _ll_shift_l                              0x0200241d   Thumb Code     0  llshl.o(.text)
    __aeabi_llsr                             0x0200243b   Thumb Code    32  llushr.o(.text)
    _ll_ushift_r                             0x0200243b   Thumb Code     0  llushr.o(.text)
    __aeabi_lasr                             0x0200245b   Thumb Code    36  llsshr.o(.text)
    _ll_sshift_r                             0x0200245b   Thumb Code     0  llsshr.o(.text)
    __I$use$fp                               0x0200247f   Thumb Code     0  iusefp.o(.text)
    _double_round                            0x0200247f   Thumb Code    30  depilogue.o(.text)
    _double_epilogue                         0x0200249d   Thumb Code   156  depilogue.o(.text)
    __aeabi_dmul                             0x02002539   Thumb Code   228  dmul.o(.text)
    __aeabi_d2ulz                            0x0200261d   Thumb Code    48  dfixul.o(.text)
    __aeabi_cdrcmple                         0x0200264d   Thumb Code    48  cdrcmple.o(.text)
    __scatterload                            0x0200267d   Thumb Code    28  init.o(.text)
    __scatterload_rt2                        0x0200267d   Thumb Code     0  init.o(.text)
    ASDM_GetFifoCount                        0x020026a1   Thumb Code    10  peripheral_asdm.o(i.ASDM_GetFifoCount)
    ASDM_GetOutData                          0x020026ab   Thumb Code     6  peripheral_asdm.o(i.ASDM_GetOutData)
    ASDM_IRQHandler                          0x020026b1   Thumb Code    54  pdm.o(i.ASDM_IRQHandler)
    DMA_ClearChannelIntState                 0x02002705   Thumb Code    68  peripheral_dma.o(i.DMA_ClearChannelIntState)
    DMA_EnableChannel                        0x0200274d   Thumb Code    54  peripheral_dma.o(i.DMA_EnableChannel)
    DMA_GetChannelIntState                   0x02002789   Thumb Code    42  peripheral_dma.o(i.DMA_GetChannelIntState)
    DMA_IRQHandler                           0x020027b9   Thumb Code    34  pdm.o(i.DMA_IRQHandler)
    GIO_ClearIntStatus                       0x020027e5   Thumb Code    40  peripheral_gpio.o(i.GIO_ClearIntStatus)
    GIO_GetIntStatus                         0x02002815   Thumb Code    38  peripheral_gpio.o(i.GIO_GetIntStatus)
    GPIO0_IRQHandler                         0x02002845   Thumb Code    26  gpio.o(i.GPIO0_IRQHandler)
    HardFault_Handler                        0x02002875   Thumb Code     4  main.o(i.HardFault_Handler)
    I2C0_IRQHandler                          0x02002879   Thumb Code    10  iic_master_920.o(i.I2C0_IRQHandler)
    I2C_ClearIntState                        0x02002883   Thumb Code    12  peripheral_i2c.o(i.I2C_ClearIntState)
    I2C_CommandWrite                         0x0200288f   Thumb Code     4  peripheral_i2c.o(i.I2C_CommandWrite)
    I2C_DataRead                             0x02002893   Thumb Code     8  peripheral_i2c.o(i.I2C_DataRead)
    I2C_DataWrite                            0x0200289b   Thumb Code     4  peripheral_i2c.o(i.I2C_DataWrite)
    I2C_FifoEmpty                            0x0200289f   Thumb Code    10  peripheral_i2c.o(i.I2C_FifoEmpty)
    I2C_FifoFull                             0x020028a9   Thumb Code    10  peripheral_i2c.o(i.I2C_FifoFull)
    I2C_GetIntState                          0x020028b3   Thumb Code    10  peripheral_i2c.o(i.I2C_GetIntState)
    I2C_IntDisable                           0x020028bd   Thumb Code    12  peripheral_i2c.o(i.I2C_IntDisable)
    I2S_ClearIntState                        0x020028c9   Thumb Code     4  peripheral_i2s.o(i.I2S_ClearIntState)
    I2S_ClearTxFIFO                          0x020028cd   Thumb Code    10  peripheral_i2s.o(i.I2S_ClearTxFIFO)
    I2S_Config                               0x020028d7   Thumb Code   112  peripheral_i2s.o(i.I2S_Config)
    I2S_ConfigClk                            0x02002947   Thumb Code    14  peripheral_i2s.o(i.I2S_ConfigClk)
    I2S_ConfigIRQ                            0x02002955   Thumb Code    32  peripheral_i2s.o(i.I2S_ConfigIRQ)
    I2S_Enable                               0x02002975   Thumb Code    22  peripheral_i2s.o(i.I2S_Enable)
    I2S_GetIntState                          0x0200298b   Thumb Code    10  peripheral_i2s.o(i.I2S_GetIntState)
    I2S_GetRxFIFOCount                       0x02002995   Thumb Code    10  peripheral_i2s.o(i.I2S_GetRxFIFOCount)
    I2S_IRQHandler                           0x020029a1   Thumb Code    62  i2s_master.o(i.I2S_IRQHandler)
    I2S_PopRxFIFO                            0x020029f1   Thumb Code     6  peripheral_i2s.o(i.I2S_PopRxFIFO)
    I2S_PushTxFIFO                           0x020029f7   Thumb Code     4  peripheral_i2s.o(i.I2S_PushTxFIFO)
    I2sConfigInit                            0x020029fd   Thumb Code    80  i2s_master.o(i.I2sConfigInit)
    I2sGpioInit                              0x02002a51   Thumb Code    38  i2s_master.o(i.I2sGpioInit)
    I2sSend                                  0x02002a79   Thumb Code    56  i2s_master.o(i.I2sSend)
    I2sTest                                  0x02002abd   Thumb Code    20  i2s_master.o(i.I2sTest)
    KEYSCAN_GetIntStateFifoEmptyRaw          0x02002ad1   Thumb Code    22  peripheral_keyscan.o(i.KEYSCAN_GetIntStateFifoEmptyRaw)
    KEYSCAN_GetKeyData                       0x02002aed   Thumb Code    22  peripheral_keyscan.o(i.KEYSCAN_GetKeyData)
    KEYSCAN_LoopIntClr                       0x02002b09   Thumb Code    22  peripheral_keyscan.o(i.KEYSCAN_LoopIntClr)
    KeyScan_IRQHandler                       0x02002b61   Thumb Code    46  keyscan_normal.o(i.KeyScan_IRQHandler)
    NVIC_Init                                0x02002bcd   Thumb Code   100  misc.o(i.NVIC_Init)
    PCAP_ReadData                            0x02002c3d   Thumb Code    12  peripheral_pwm.o(i.PCAP_ReadData)
    PDM_Enable                               0x02002c4d   Thumb Code    28  peripheral_asdm.o(i.PDM_Enable)
    PINCTRL_SelI2sIn                         0x02002c69   Thumb Code    84  peripheral_pinctrl.o(i.PINCTRL_SelI2sIn)
    PINCTRL_SelUartRxdIn                     0x02002d19   Thumb Code    56  peripheral_pinctrl.o(i.PINCTRL_SelUartRxdIn)
    PINCTRL_SetPadMux                        0x02002d51   Thumb Code   214  peripheral_pinctrl.o(i.PINCTRL_SetPadMux)
    PWM0_IRQHandler                          0x02002e2d   Thumb Code    52  pwm.o(i.PWM0_IRQHandler)
    PWM_GetFifoStatus                        0x02002e81   Thumb Code    12  peripheral_pwm.o(i.PWM_GetFifoStatus)
    QDEC0_IRQHandler                         0x02002e91   Thumb Code   152  qdec_timer.o(i.QDEC0_IRQHandler)
    QDEC1_IRQHandler                         0x02003041   Thumb Code   152  qdec_timer.o(i.QDEC1_IRQHandler)
    QDEC2_IRQHandler                         0x020031f1   Thumb Code   152  qdec_timer.o(i.QDEC2_IRQHandler)
    QDEC_GetChxIntStateClr                   0x020033a1   Thumb Code    12  peripheral_qdec.o(i.QDEC_GetChxIntStateClr)
    QSPI_IRQHandler                          0x020033b1   Thumb Code    10  spi_slave.o(i.QSPI_IRQHandler)
    RCMFDTRIM_IRQHandler                     0x020033bd   Thumb Code    26  r_timer.o(i.RCMFDTRIM_IRQHandler)
    RTMR_IntClr                              0x020033ed   Thumb Code    10  peripheral_timer.o(i.RTMR_IntClr)
    RTMR_IntHappened                         0x020033f7   Thumb Code    10  peripheral_timer.o(i.RTMR_IntHappened)
    SEGGER_RTT_Init                          0x02003401   Thumb Code     8  segger_rtt.o(i.SEGGER_RTT_Init)
    SEGGER_RTT_Write                         0x02003409   Thumb Code    68  segger_rtt.o(i.SEGGER_RTT_Write)
    SEGGER_RTT_WriteNoLock                   0x02003451   Thumb Code   126  segger_rtt.o(i.SEGGER_RTT_WriteNoLock)
    SEGGER_RTT_printf                        0x020034d5   Thumb Code    34  segger_rtt_printf.o(i.SEGGER_RTT_printf)
    SEGGER_RTT_vprintf                       0x020034f7   Thumb Code   522  segger_rtt_printf.o(i.SEGGER_RTT_vprintf)
    SYSCTRL_ClearClkGate                     0x02003701   Thumb Code    14  peripheral_sysctrl.o(i.SYSCTRL_ClearClkGate)
    SYSCTRL_ClearClkGateMulti                0x0200370f   Thumb Code    32  peripheral_sysctrl.o(i.SYSCTRL_ClearClkGateMulti)
    SYSCTRL_ConfigPLLClk                     0x02003945   Thumb Code   254  peripheral_sysctrl.o(i.SYSCTRL_ConfigPLLClk)
    SYSCTRL_DelayCycles                      0x02003a51   Thumb Code    60  peripheral_sysctrl.o(i.SYSCTRL_DelayCycles)
    SYSCTRL_GetHClk                          0x02003a8d   Thumb Code    42  peripheral_sysctrl.o(i.SYSCTRL_GetHClk)
    SYSCTRL_GetPLLClk                        0x02003abd   Thumb Code    58  peripheral_sysctrl.o(i.SYSCTRL_GetPLLClk)
    SYSCTRL_GetSlowClk                       0x02003afd   Thumb Code    18  peripheral_sysctrl.o(i.SYSCTRL_GetSlowClk)
    SYSCTRL_SelectI2sClk                     0x02003b19   Thumb Code    50  peripheral_sysctrl.o(i.SYSCTRL_SelectI2sClk)
    SysTick_Handler                          0x02003b51   Thumb Code    12  timer_delay.o(i.SysTick_Handler)
    TIMER0_IRQHandler                        0x02003b61   Thumb Code    32  pte_lib_timer.o(i.TIMER0_IRQHandler)
    TIMER1_IRQHandler                        0x02003b91   Thumb Code    22  pte_lib_timer.o(i.TIMER1_IRQHandler)
    TMR_Enable                               0x02003bb9   Thumb Code    30  peripheral_timer.o(i.TMR_Enable)
    TMR_IntClr                               0x02003bd7   Thumb Code    14  peripheral_timer.o(i.TMR_IntClr)
    UART0_IRQHandler                         0x02003be5   Thumb Code     8  uart.o(i.UART0_IRQHandler)
    UART_SendData                            0x02003bed   Thumb Code     4  peripheral_uart.o(i.UART_SendData)
    __0vsnprintf                             0x02003f59   Thumb Code    46  printfa.o(i.__0vsnprintf)
    __1vsnprintf                             0x02003f59   Thumb Code     0  printfa.o(i.__0vsnprintf)
    __2vsnprintf                             0x02003f59   Thumb Code     0  printfa.o(i.__0vsnprintf)
    __c89vsnprintf                           0x02003f59   Thumb Code     0  printfa.o(i.__0vsnprintf)
    vsnprintf                                0x02003f59   Thumb Code     0  printfa.o(i.__0vsnprintf)
    __scatterload_copy                       0x02003f8d   Thumb Code    14  handlers.o(i.__scatterload_copy)
    __scatterload_null                       0x02003f9b   Thumb Code     2  handlers.o(i.__scatterload_null)
    __scatterload_zeroinit                   0x02003f9d   Thumb Code    14  handlers.o(i.__scatterload_zeroinit)
    apSSP_ClearIntStatus                     0x0200484d   Thumb Code     8  peripheral_ssp.o(i.apSSP_ClearIntStatus)
    apSSP_GetDataNumInRxFifo                 0x02004855   Thumb Code    20  peripheral_ssp.o(i.apSSP_GetDataNumInRxFifo)
    apSSP_GetIntRawStatus                    0x02004869   Thumb Code     6  peripheral_ssp.o(i.apSSP_GetIntRawStatus)
    apSSP_ReadFIFO                           0x0200486f   Thumb Code     6  peripheral_ssp.o(i.apSSP_ReadFIFO)
    apSSP_RxFifoEmpty                        0x02004875   Thumb Code    10  peripheral_ssp.o(i.apSSP_RxFifoEmpty)
    apSSP_TxFifoFull                         0x0200487f   Thumb Code    10  peripheral_ssp.o(i.apSSP_TxFifoFull)
    apSSP_WriteFIFO                          0x02004889   Thumb Code     4  peripheral_ssp.o(i.apSSP_WriteFIFO)
    apUART_BaudRateSet                       0x0200488d   Thumb Code    66  peripheral_uart.o(i.apUART_BaudRateSet)
    apUART_Check_RXFIFO_EMPTY                0x020048cf   Thumb Code    10  peripheral_uart.o(i.apUART_Check_RXFIFO_EMPTY)
    apUART_Check_TXFIFO_EMPTY                0x020048d9   Thumb Code    10  peripheral_uart.o(i.apUART_Check_TXFIFO_EMPTY)
    apUART_Get_all_raw_int_stat              0x020048e3   Thumb Code     6  peripheral_uart.o(i.apUART_Get_all_raw_int_stat)
    apUART_Initialize                        0x020048e9   Thumb Code   124  peripheral_uart.o(i.apUART_Initialize)
    config_uart                              0x02004965   Thumb Code    84  uart.o(i.config_uart)
    debug_hex                                0x020049bd   Thumb Code    16  debug_print.o(i.debug_hex)
    debug_uart                               0x020049cd   Thumb Code    52  debug_print.o(i.debug_uart)
    key_scan_check                           0x02004a1d   Thumb Code    74  keyscan_normal.o(i.key_scan_check)
    main                                     0x02004a8d   Thumb Code   170  main.o(i.main)
    uart_init_board                          0x02004ea5   Thumb Code    44  uart.o(i.uart_init_board)
    uart_send_test                           0x02004f9d   Thumb Code    38  uart.o(i.uart_send_test)
    write_uart_buffer                        0x02004fc9   Thumb Code    16  debug_print.o(i.write_uart_buffer)
    io_output_source_map                     0x02004fe8   Data         840  peripheral_pinctrl.o(.constdata)
    Region$$Table$$Base                      0x020053a8   Number         0  anon$$obj.o(Region$$Table)
    Region$$Table$$Limit                     0x020053c8   Number         0  anon$$obj.o(Region$$Table)
    jiffes                                   0x20000000   Data           4  timer_delay.o(.data)
    src                                      0x20000004   Data          30  uart.o(.data)
    rc_data                                  0x20000028   Data           1  uart.o(.data)
    write_data_len                           0x2000002c   Data           1  iic_master_920.o(.data)
    write_data_cnt                           0x2000002d   Data           1  iic_master_920.o(.data)
    read_data_len                            0x2000002e   Data           1  iic_master_920.o(.data)
    read_data_cnt                            0x2000002f   Data           1  iic_master_920.o(.data)
    key_out_row                              0x2000003c   Data           8  keyscan_normal.o(.data)
    key_in_col                               0x20000044   Data           8  keyscan_normal.o(.data)
    dma_data                                 0x2000006e   Data           1  pdm.o(.data)
    out_data                                 0x20000070   Data           2  pdm.o(.data)
    send_data                                0x20000072   Data           8  spi_slave.o(.data)
    sendSize                                 0x2000007a   Data           1  i2s_master.o(.data)
    _SEGGER_RTT                              0x2000007c   Data          72  segger_rtt.o(.bss)
    test                                     0x200004d8   Data          28  uart.o(.bss)
    mda_rc_pdm_data                          0x20000628   Data        4096  pdm.o(.bss)
    pdm_dma                                  0x20001628   Data          28  pdm.o(.bss)
    sendData                                 0x20001644   Data          40  i2s_master.o(.bss)
    __initial_sp                             0x20001a70   Data           0  startup_ing920.o(STACK)



==============================================================================

Memory Map of the image

  Image Entry point : 0x020020d5

  Load Region LR_IROM1 (Base: 0x02002000, Size: 0x00003444, Max: 0x00020000, ABSOLUTE)

    Execution Region ER_IROM1 (Exec base: 0x02002000, Load base: 0x02002000, Size: 0x000033c8, Max: 0x00020000, ABSOLUTE)

    Exec Addr    Load Addr    Size         Type   Attr      Idx    E Section Name        Object

    0x02002000   0x02002000   0x000000d4   Data   RO         1578    RESET               startup_ing920.o
    0x020020d4   0x020020d4   0x00000000   Code   RO         4017  * .ARM.Collect$$$$00000000  mc_w.l(entry.o)
    0x020020d4   0x020020d4   0x00000004   Code   RO         4106    .ARM.Collect$$$$00000001  mc_w.l(entry2.o)
    0x020020d8   0x020020d8   0x00000004   Code   RO         4109    .ARM.Collect$$$$00000004  mc_w.l(entry5.o)
    0x020020dc   0x020020dc   0x00000000   Code   RO         4111    .ARM.Collect$$$$00000008  mc_w.l(entry7b.o)
    0x020020dc   0x020020dc   0x00000000   Code   RO         4113    .ARM.Collect$$$$0000000A  mc_w.l(entry8b.o)
    0x020020dc   0x020020dc   0x00000008   Code   RO         4114    .ARM.Collect$$$$0000000B  mc_w.l(entry9a.o)
    0x020020e4   0x020020e4   0x00000004   Code   RO         4121    .ARM.Collect$$$$0000000E  mc_w.l(entry12b.o)
    0x020020e8   0x020020e8   0x00000000   Code   RO         4116    .ARM.Collect$$$$0000000F  mc_w.l(entry10a.o)
    0x020020e8   0x020020e8   0x00000000   Code   RO         4118    .ARM.Collect$$$$00000011  mc_w.l(entry11a.o)
    0x020020e8   0x020020e8   0x00000004   Code   RO         4107    .ARM.Collect$$$$00002712  mc_w.l(entry2.o)
    0x020020ec   0x020020ec   0x0000001c   Code   RO         1579    .text               startup_ing920.o
    0x02002108   0x02002108   0x00000062   Code   RO         4020    .text               mc_w.l(uldiv.o)
    0x0200216a   0x0200216a   0x00000024   Code   RO         4022    .text               mc_w.l(memcpya.o)
    0x0200218e   0x0200218e   0x00000024   Code   RO         4024    .text               mc_w.l(memseta.o)
    0x020021b2   0x020021b2   0x00000012   Code   RO         4028    .text               mc_w.l(strcpy.o)
    0x020021c4   0x020021c4   0x0000014e   Code   RO         4092    .text               mf_w.l(dadd.o)
    0x02002312   0x02002312   0x000000de   Code   RO         4094    .text               mf_w.l(ddiv.o)
    0x020023f0   0x020023f0   0x0000002c   Code   RO         4123    .text               mc_w.l(uidiv.o)
    0x0200241c   0x0200241c   0x0000001e   Code   RO         4125    .text               mc_w.l(llshl.o)
    0x0200243a   0x0200243a   0x00000020   Code   RO         4127    .text               mc_w.l(llushr.o)
    0x0200245a   0x0200245a   0x00000024   Code   RO         4129    .text               mc_w.l(llsshr.o)
    0x0200247e   0x0200247e   0x00000000   Code   RO         4133    .text               mc_w.l(iusefp.o)
    0x0200247e   0x0200247e   0x000000ba   Code   RO         4136    .text               mf_w.l(depilogue.o)
    0x02002538   0x02002538   0x000000e4   Code   RO         4138    .text               mf_w.l(dmul.o)
    0x0200261c   0x0200261c   0x00000030   Code   RO         4140    .text               mf_w.l(dfixul.o)
    0x0200264c   0x0200264c   0x00000030   Code   RO         4142    .text               mf_w.l(cdrcmple.o)
    0x0200267c   0x0200267c   0x00000024   Code   RO         4144    .text               mc_w.l(init.o)
    0x020026a0   0x020026a0   0x0000000a   Code   RO         3418    i.ASDM_GetFifoCount  peripheral_asdm.o
    0x020026aa   0x020026aa   0x00000006   Code   RO         3421    i.ASDM_GetOutData   peripheral_asdm.o
    0x020026b0   0x020026b0   0x0000003c   Code   RO         1170    i.ASDM_IRQHandler   pdm.o
    0x020026ec   0x020026ec   0x00000016   Code   RO         3442    i.ASDM_SetRegBit    peripheral_asdm.o
    0x02002702   0x02002702   0x00000002   PAD
    0x02002704   0x02002704   0x00000048   Code   RO         2256    i.DMA_ClearChannelIntState  peripheral_dma.o
    0x0200274c   0x0200274c   0x0000003c   Code   RO         2257    i.DMA_EnableChannel  peripheral_dma.o
    0x02002788   0x02002788   0x00000030   Code   RO         2258    i.DMA_GetChannelIntState  peripheral_dma.o
    0x020027b8   0x020027b8   0x0000002c   Code   RO         1171    i.DMA_IRQHandler    pdm.o
    0x020027e4   0x020027e4   0x00000030   Code   RO         1588    i.GIO_ClearIntStatus  peripheral_gpio.o
    0x02002814   0x02002814   0x00000030   Code   RO         1594    i.GIO_GetIntStatus  peripheral_gpio.o
    0x02002844   0x02002844   0x00000030   Code   RO          471    i.GPIO0_IRQHandler  gpio.o
    0x02002874   0x02002874   0x00000004   Code   RO            4    i.HardFault_Handler  main.o
    0x02002878   0x02002878   0x0000000a   Code   RO          868    i.I2C0_IRQHandler   iic_master_920.o
    0x02002882   0x02002882   0x0000000c   Code   RO         2857    i.I2C_ClearIntState  peripheral_i2c.o
    0x0200288e   0x0200288e   0x00000004   Code   RO         2858    i.I2C_CommandWrite  peripheral_i2c.o
    0x02002892   0x02002892   0x00000008   Code   RO         2866    i.I2C_DataRead      peripheral_i2c.o
    0x0200289a   0x0200289a   0x00000004   Code   RO         2867    i.I2C_DataWrite     peripheral_i2c.o
    0x0200289e   0x0200289e   0x0000000a   Code   RO         2870    i.I2C_FifoEmpty     peripheral_i2c.o
    0x020028a8   0x020028a8   0x0000000a   Code   RO         2871    i.I2C_FifoFull      peripheral_i2c.o
    0x020028b2   0x020028b2   0x0000000a   Code   RO         2872    i.I2C_GetIntState   peripheral_i2c.o
    0x020028bc   0x020028bc   0x0000000c   Code   RO         2874    i.I2C_IntDisable    peripheral_i2c.o
    0x020028c8   0x020028c8   0x00000004   Code   RO         3921    i.I2S_ClearIntState  peripheral_i2s.o
    0x020028cc   0x020028cc   0x0000000a   Code   RO         3923    i.I2S_ClearTxFIFO   peripheral_i2s.o
    0x020028d6   0x020028d6   0x00000070   Code   RO         3924    i.I2S_Config        peripheral_i2s.o
    0x02002946   0x02002946   0x0000000e   Code   RO         3925    i.I2S_ConfigClk     peripheral_i2s.o
    0x02002954   0x02002954   0x00000020   Code   RO         3926    i.I2S_ConfigIRQ     peripheral_i2s.o
    0x02002974   0x02002974   0x00000016   Code   RO         3928    i.I2S_Enable        peripheral_i2s.o
    0x0200298a   0x0200298a   0x0000000a   Code   RO         3929    i.I2S_GetIntState   peripheral_i2s.o
    0x02002994   0x02002994   0x0000000a   Code   RO         3930    i.I2S_GetRxFIFOCount  peripheral_i2s.o
    0x0200299e   0x0200299e   0x00000002   PAD
    0x020029a0   0x020029a0   0x00000050   Code   RO         1513    i.I2S_IRQHandler    i2s_master.o
    0x020029f0   0x020029f0   0x00000006   Code   RO         3932    i.I2S_PopRxFIFO     peripheral_i2s.o
    0x020029f6   0x020029f6   0x00000004   Code   RO         3933    i.I2S_PushTxFIFO    peripheral_i2s.o
    0x020029fa   0x020029fa   0x00000002   PAD
    0x020029fc   0x020029fc   0x00000054   Code   RO         1514    i.I2sConfigInit     i2s_master.o
    0x02002a50   0x02002a50   0x00000026   Code   RO         1515    i.I2sGpioInit       i2s_master.o
    0x02002a76   0x02002a76   0x00000002   PAD
    0x02002a78   0x02002a78   0x00000044   Code   RO         1517    i.I2sSend           i2s_master.o
    0x02002abc   0x02002abc   0x00000014   Code   RO         1518    i.I2sTest           i2s_master.o
    0x02002ad0   0x02002ad0   0x0000001c   Code   RO         3000    i.KEYSCAN_GetIntStateFifoEmptyRaw  peripheral_keyscan.o
    0x02002aec   0x02002aec   0x0000001c   Code   RO         3003    i.KEYSCAN_GetKeyData  peripheral_keyscan.o
    0x02002b08   0x02002b08   0x0000001c   Code   RO         3010    i.KEYSCAN_LoopIntClr  peripheral_keyscan.o
    0x02002b24   0x02002b24   0x00000018   Code   RO         3032    i.KEYSCAN_reg_read_bits  peripheral_keyscan.o
    0x02002b3c   0x02002b3c   0x00000022   Code   RO         3033    i.KEYSCAN_reg_write_bits  peripheral_keyscan.o
    0x02002b5e   0x02002b5e   0x00000002   PAD
    0x02002b60   0x02002b60   0x00000048   Code   RO         1109    i.KeyScan_IRQHandler  keyscan_normal.o
    0x02002ba8   0x02002ba8   0x00000022   Code   RO         1519    i.NVIC_Configuration  i2s_master.o
    0x02002bca   0x02002bca   0x00000002   PAD
    0x02002bcc   0x02002bcc   0x00000070   Code   RO          544    i.NVIC_Init         misc.o
    0x02002c3c   0x02002c3c   0x00000010   Code   RO         2374    i.PCAP_ReadData     peripheral_pwm.o
    0x02002c4c   0x02002c4c   0x0000001c   Code   RO         3448    i.PDM_Enable        peripheral_asdm.o
    0x02002c68   0x02002c68   0x00000054   Code   RO         1930    i.PINCTRL_SelI2sIn  peripheral_pinctrl.o
    0x02002cbc   0x02002cbc   0x0000005c   Code   RO         1931    i.PINCTRL_SelInput  peripheral_pinctrl.o
    0x02002d18   0x02002d18   0x00000038   Code   RO         1941    i.PINCTRL_SelUartRxdIn  peripheral_pinctrl.o
    0x02002d50   0x02002d50   0x000000dc   Code   RO         1943    i.PINCTRL_SetPadMux  peripheral_pinctrl.o
    0x02002e2c   0x02002e2c   0x00000054   Code   RO          767    i.PWM0_IRQHandler   pwm.o
    0x02002e80   0x02002e80   0x00000010   Code   RO         2378    i.PWM_GetFifoStatus  peripheral_pwm.o
    0x02002e90   0x02002e90   0x000001b0   Code   RO         1394    i.QDEC0_IRQHandler  qdec_timer.o
    0x02003040   0x02003040   0x000001b0   Code   RO         1395    i.QDEC1_IRQHandler  qdec_timer.o
    0x020031f0   0x020031f0   0x000001b0   Code   RO         1396    i.QDEC2_IRQHandler  qdec_timer.o
    0x020033a0   0x020033a0   0x00000010   Code   RO         3238    i.QDEC_GetChxIntStateClr  peripheral_qdec.o
    0x020033b0   0x020033b0   0x0000000a   Code   RO         1458    i.QSPI_IRQHandler   spi_slave.o
    0x020033ba   0x020033ba   0x00000002   PAD
    0x020033bc   0x020033bc   0x00000030   Code   RO         1290    i.RCMFDTRIM_IRQHandler  r_timer.o
    0x020033ec   0x020033ec   0x0000000a   Code   RO         3754    i.RTMR_IntClr       peripheral_timer.o
    0x020033f6   0x020033f6   0x0000000a   Code   RO         3757    i.RTMR_IntHappened  peripheral_timer.o
    0x02003400   0x02003400   0x00000008   Code   RO          242    i.SEGGER_RTT_Init   segger_rtt.o
    0x02003408   0x02003408   0x00000048   Code   RO          257    i.SEGGER_RTT_Write  segger_rtt.o
    0x02003450   0x02003450   0x00000084   Code   RO          260    i.SEGGER_RTT_WriteNoLock  segger_rtt.o
    0x020034d4   0x020034d4   0x00000022   Code   RO          503    i.SEGGER_RTT_printf  segger_rtt_printf.o
    0x020034f6   0x020034f6   0x0000020a   Code   RO          504    i.SEGGER_RTT_vprintf  segger_rtt_printf.o
    0x02003700   0x02003700   0x0000000e   Code   RO         1719    i.SYSCTRL_ClearClkGate  peripheral_sysctrl.o
    0x0200370e   0x0200370e   0x00000020   Code   RO         1720    i.SYSCTRL_ClearClkGateMulti  peripheral_sysctrl.o
    0x0200372e   0x0200372e   0x00000002   PAD
    0x02003730   0x02003730   0x00000214   Code   RO         1721    i.SYSCTRL_ClkGateCtrl  peripheral_sysctrl.o
    0x02003944   0x02003944   0x0000010c   Code   RO         1722    i.SYSCTRL_ConfigPLLClk  peripheral_sysctrl.o
    0x02003a50   0x02003a50   0x0000003c   Code   RO         1723    i.SYSCTRL_DelayCycles  peripheral_sysctrl.o
    0x02003a8c   0x02003a8c   0x00000030   Code   RO         1730    i.SYSCTRL_GetHClk   peripheral_sysctrl.o
    0x02003abc   0x02003abc   0x00000040   Code   RO         1731    i.SYSCTRL_GetPLLClk  peripheral_sysctrl.o
    0x02003afc   0x02003afc   0x0000001c   Code   RO         1732    i.SYSCTRL_GetSlowClk  peripheral_sysctrl.o
    0x02003b18   0x02003b18   0x00000038   Code   RO         1739    i.SYSCTRL_SelectI2sClk  peripheral_sysctrl.o
    0x02003b50   0x02003b50   0x00000010   Code   RO          201    i.SysTick_Handler   timer_delay.o
    0x02003b60   0x02003b60   0x00000030   Code   RO         1333    i.TIMER0_IRQHandler  pte_lib_timer.o
    0x02003b90   0x02003b90   0x00000028   Code   RO         1334    i.TIMER1_IRQHandler  pte_lib_timer.o
    0x02003bb8   0x02003bb8   0x0000001e   Code   RO         3761    i.TMR_Enable        peripheral_timer.o
    0x02003bd6   0x02003bd6   0x0000000e   Code   RO         3765    i.TMR_IntClr        peripheral_timer.o
    0x02003be4   0x02003be4   0x00000008   Code   RO          593    i.UART0_IRQHandler  uart.o
    0x02003bec   0x02003bec   0x00000004   Code   RO         2089    i.UART_SendData     peripheral_uart.o
    0x02003bf0   0x02003bf0   0x00000070   Code   RO          264    i._DoInit           segger_rtt.o
    0x02003c60   0x02003c60   0x0000001c   Code   RO          265    i._GetAvailWriteSpace  segger_rtt.o
    0x02003c7c   0x02003c7c   0x000000ec   Code   RO          505    i._PrintInt         segger_rtt_printf.o
    0x02003d68   0x02003d68   0x000000ec   Code   RO          506    i._PrintUnsigned    segger_rtt_printf.o
    0x02003e54   0x02003e54   0x00000044   Code   RO          507    i._StoreChar        segger_rtt_printf.o
    0x02003e98   0x02003e98   0x00000072   Code   RO          267    i._WriteBlocking    segger_rtt.o
    0x02003f0a   0x02003f0a   0x0000004c   Code   RO          268    i._WriteNoCheck     segger_rtt.o
    0x02003f56   0x02003f56   0x00000002   PAD
    0x02003f58   0x02003f58   0x00000034   Code   RO         4038    i.__0vsnprintf      mc_w.l(printfa.o)
    0x02003f8c   0x02003f8c   0x0000000e   Code   RO         4148    i.__scatterload_copy  mc_w.l(handlers.o)
    0x02003f9a   0x02003f9a   0x00000002   Code   RO         4149    i.__scatterload_null  mc_w.l(handlers.o)
    0x02003f9c   0x02003f9c   0x0000000e   Code   RO         4150    i.__scatterload_zeroinit  mc_w.l(handlers.o)
    0x02003faa   0x02003faa   0x00000002   PAD
    0x02003fac   0x02003fac   0x00000184   Code   RO         4040    i._fp_digits        mc_w.l(printfa.o)
    0x02004130   0x02004130   0x000006b4   Code   RO         4041    i._printf_core      mc_w.l(printfa.o)
    0x020047e4   0x020047e4   0x00000024   Code   RO         4042    i._printf_post_padding  mc_w.l(printfa.o)
    0x02004808   0x02004808   0x0000002e   Code   RO         4043    i._printf_pre_padding  mc_w.l(printfa.o)
    0x02004836   0x02004836   0x00000016   Code   RO         4044    i._snputc           mc_w.l(printfa.o)
    0x0200484c   0x0200484c   0x00000008   Code   RO         2578    i.apSSP_ClearIntStatus  peripheral_ssp.o
    0x02004854   0x02004854   0x00000014   Code   RO         2580    i.apSSP_GetDataNumInRxFifo  peripheral_ssp.o
    0x02004868   0x02004868   0x00000006   Code   RO         2582    i.apSSP_GetIntRawStatus  peripheral_ssp.o
    0x0200486e   0x0200486e   0x00000006   Code   RO         2594    i.apSSP_ReadFIFO    peripheral_ssp.o
    0x02004874   0x02004874   0x0000000a   Code   RO         2597    i.apSSP_RxFifoEmpty  peripheral_ssp.o
    0x0200487e   0x0200487e   0x0000000a   Code   RO         2616    i.apSSP_TxFifoFull  peripheral_ssp.o
    0x02004888   0x02004888   0x00000004   Code   RO         2618    i.apSSP_WriteFIFO   peripheral_ssp.o
    0x0200488c   0x0200488c   0x00000042   Code   RO         2091    i.apUART_BaudRateSet  peripheral_uart.o
    0x020048ce   0x020048ce   0x0000000a   Code   RO         2093    i.apUART_Check_RXFIFO_EMPTY  peripheral_uart.o
    0x020048d8   0x020048d8   0x0000000a   Code   RO         2096    i.apUART_Check_TXFIFO_EMPTY  peripheral_uart.o
    0x020048e2   0x020048e2   0x00000006   Code   RO         2106    i.apUART_Get_all_raw_int_stat  peripheral_uart.o
    0x020048e8   0x020048e8   0x0000007c   Code   RO         2107    i.apUART_Initialize  peripheral_uart.o
    0x02004964   0x02004964   0x00000058   Code   RO          597    i.config_uart       uart.o
    0x020049bc   0x020049bc   0x00000010   Code   RO          956    i.debug_hex         debug_print.o
    0x020049cc   0x020049cc   0x00000034   Code   RO          957    i.debug_uart        debug_print.o
    0x02004a00   0x02004a00   0x0000001a   Code   RO         1748    i.get_safe_divider  peripheral_sysctrl.o
    0x02004a1a   0x02004a1a   0x00000002   PAD
    0x02004a1c   0x02004a1c   0x00000070   Code   RO         1111    i.key_scan_check    keyscan_normal.o
    0x02004a8c   0x02004a8c   0x000000dc   Code   RO            7    i.main              main.o
    0x02004b68   0x02004b68   0x00000130   Code   RO          875    i.peripherals_i2c_isr  iic_master_920.o
    0x02004c98   0x02004c98   0x000000fc   Code   RO         1459    i.peripherals_spi_isr  spi_slave.o
    0x02004d94   0x02004d94   0x0000005c   Code   RO         1944    i.pin_id_for_input_source  peripheral_pinctrl.o
    0x02004df0   0x02004df0   0x00000016   Code   RO         1749    i.set_reg_bit       peripheral_sysctrl.o
    0x02004e06   0x02004e06   0x0000001a   Code   RO         1750    i.set_reg_bits      peripheral_sysctrl.o
    0x02004e20   0x02004e20   0x0000001e   Code   RO         1945    i.set_reg_bits      peripheral_pinctrl.o
    0x02004e3e   0x02004e3e   0x00000002   PAD
    0x02004e40   0x02004e40   0x00000064   Code   RO         1946    i.source_id_on_pin  peripheral_pinctrl.o
    0x02004ea4   0x02004ea4   0x00000030   Code   RO          601    i.uart_init_board   uart.o
    0x02004ed4   0x02004ed4   0x000000c8   Code   RO          603    i.uart_int_fifo_callback  uart.o
    0x02004f9c   0x02004f9c   0x0000002c   Code   RO          606    i.uart_send_test    uart.o
    0x02004fc8   0x02004fc8   0x00000010   Code   RO          962    i.write_uart_buffer  debug_print.o
    0x02004fd8   0x02004fd8   0x00000010   Data   RO          508    .constdata          segger_rtt_printf.o
    0x02004fe8   0x02004fe8   0x000003c0   Data   RO         1947    .constdata          peripheral_pinctrl.o
    0x020053a8   0x020053a8   0x00000020   Data   RO         4146    Region$$Table       anon$$obj.o


    Execution Region RW_IRAM1 (Exec base: 0x20000000, Load base: 0x020053c8, Size: 0x00001a70, Max: 0x00008000, ABSOLUTE)

    Exec Addr    Load Addr    Size         Type   Attr      Idx    E Section Name        Object

    0x20000000   0x020053c8   0x00000004   Data   RW          202    .data               timer_delay.o
    0x20000004   0x020053cc   0x00000025   Data   RW          611    .data               uart.o
    0x20000029   0x020053f1   0x00000003   PAD
    0x2000002c   0x020053f4   0x0000000e   Data   RW          878    .data               iic_master_920.o
    0x2000003a   0x02005402   0x00000002   PAD
    0x2000003c   0x02005404   0x00000032   Data   RW         1114    .data               keyscan_normal.o
    0x2000006e   0x02005436   0x00000004   Data   RW         1183    .data               pdm.o
    0x20000072   0x0200543a   0x00000008   Data   RW         1463    .data               spi_slave.o
    0x2000007a   0x02005442   0x00000001   Data   RW         1521    .data               i2s_master.o
    0x2000007b   0x02005443   0x00000001   PAD
    0x2000007c        -       0x00000458   Zero   RW          269    .bss                segger_rtt.o
    0x200004d4   0x02005443   0x00000004   PAD
    0x200004d8        -       0x0000011c   Zero   RW          610    .bss                uart.o
    0x200005f4        -       0x00000032   Zero   RW         1113    .bss                keyscan_normal.o
    0x20000626   0x02005443   0x00000002   PAD
    0x20000628        -       0x0000101c   Zero   RW         1182    .bss                pdm.o
    0x20001644        -       0x00000028   Zero   RW         1520    .bss                i2s_master.o
    0x2000166c   0x02005443   0x00000004   PAD
    0x20001670        -       0x00000400   Zero   RW         1576    STACK               startup_ing920.o


==============================================================================

Image component sizes


      Code (inc. data)   RO Data    RW Data    ZI Data      Debug   Object Name

        84          0          0          0          0       1593   debug_print.o
        48         22          0          0          0        407   gpio.o
       324         34          0          1         40       3379   i2s_master.o
       314         32          0         14          0       2028   iic_master_920.o
       184         64          0         50         50       4235   keyscan_normal.o
       224         50          0          0          0      72898   main.o
       112         12          0          0          0        968   misc.o
       104         16          0          4       4124       1807   pdm.o
        66          0          0          0          0       3079   peripheral_asdm.o
       180         16          0          0          0       2440   peripheral_dma.o
        96         18          0          0          0       3000   peripheral_gpio.o
        70          0          0          0          0       4184   peripheral_i2c.o
       224          0          0          0          0       6204   peripheral_i2s.o
       142         18          0          0          0       4732   peripheral_keyscan.o
       674         22        960          0          0       7887   peripheral_pinctrl.o
        32          8          0          0          0       2644   peripheral_pwm.o
        16          4          0          0          0       1865   peripheral_qdec.o
        64          0          0          0          0       9864   peripheral_ssp.o
      1176         68          0          0          0       7758   peripheral_sysctrl.o
        64          0          0          0          0       2759   peripheral_timer.o
       220          0          0          0          0       8175   peripheral_uart.o
        88         34          0          0          0        884   pte_lib_timer.o
        84         32          0          0          0        502   pwm.o
      1296        840          0          0          0       1717   qdec_timer.o
        48         22          0          0          0        431   r_timer.o
       542         48          0          0       1112       8232   segger_rtt.o
      1096          6         16          0          0       5321   segger_rtt_printf.o
       262         88          0          8          0       2134   spi_slave.o
        28          4        212          0       1024        736   startup_ing920.o
        16          4          0          4          0        919   timer_delay.o
       388         62          0         37        284       3567   uart.o

    ----------------------------------------------------------------------
      8288       1524       1220        124       6644     176349   Object Totals
         0          0         32          0          0          0   (incl. Generated)
        22          0          0          6         10          0   (incl. Padding)

    ----------------------------------------------------------------------

      Code (inc. data)   RO Data    RW Data    ZI Data      Debug   Library Member Name

         0          0          0          0          0          0   entry.o
         0          0          0          0          0          0   entry10a.o
         0          0          0          0          0          0   entry11a.o
         4          0          0          0          0          0   entry12b.o
         8          4          0          0          0          0   entry2.o
         4          0          0          0          0          0   entry5.o
         0          0          0          0          0          0   entry7b.o
         0          0          0          0          0          0   entry8b.o
         8          4          0          0          0          0   entry9a.o
        30          0          0          0          0          0   handlers.o
        36          8          0          0          0         68   init.o
         0          0          0          0          0          0   iusefp.o
        30          0          0          0          0         68   llshl.o
        36          0          0          0          0         68   llsshr.o
        32          0          0          0          0         68   llushr.o
        36          0          0          0          0         68   memcpya.o
        36          0          0          0          0        108   memseta.o
      2260         86          0          0          0        528   printfa.o
        18          0          0          0          0         68   strcpy.o
        44          0          0          0          0         80   uidiv.o
        98          0          0          0          0         92   uldiv.o
        48          0          0          0          0         68   cdrcmple.o
       334          0          0          0          0        148   dadd.o
       222          0          0          0          0        100   ddiv.o
       186          0          0          0          0        176   depilogue.o
        48          0          0          0          0         68   dfixul.o
       228          0          0          0          0         96   dmul.o

    ----------------------------------------------------------------------
      3748        102          0          0          0       1872   Library Totals
         2          0          0          0          0          0   (incl. Padding)

    ----------------------------------------------------------------------

      Code (inc. data)   RO Data    RW Data    ZI Data      Debug   Library Name

      2680        102          0          0          0       1216   mc_w.l
      1066          0          0          0          0        656   mf_w.l

    ----------------------------------------------------------------------
      3748        102          0          0          0       1872   Library Totals

    ----------------------------------------------------------------------

==============================================================================


      Code (inc. data)   RO Data    RW Data    ZI Data      Debug   

     12036       1626       1220        124       6644     171457   Grand Totals
     12036       1626       1220        124       6644     171457   ELF Image Totals
     12036       1626       1220        124          0          0   ROM Totals

==============================================================================

    Total RO  Size (Code + RO Data)                13256 (  12.95kB)
    Total RW  Size (RW Data + ZI Data)              6768 (   6.61kB)
    Total ROM Size (Code + RO Data + RW Data)      13380 (  13.07kB)

==============================================================================

