Component: Arm Compiler for Embedded 6.19 Tool: armlink [5e73cb00]

==============================================================================

Section Cross References

    main.o(.ARM.exidx.text.cb_putc) refers to main.o(.text.cb_putc) for [Anonymous Symbol]
    main.o(.ARM.exidx.text.fputc) refers to main.o(.text.fputc) for [Anonymous Symbol]
    main.o(.ARM.exidx.text.chip_init) refers to main.o(.text.chip_init) for [Anonymous Symbol]
    main.o(.ARM.exidx.text.main) refers to main.o(.text.main) for [Anonymous Symbol]
    startup_ing920.o(RESET) refers to startup_ing920.o(STACK) for __initial_sp
    startup_ing920.o(RESET) refers to startup_ing920.o(.text) for Reset_Handler
    startup_ing920.o(.text) refers to main.o(.text.chip_init) for chip_init
    startup_ing920.o(.text) refers to entry.o(.ARM.Collect$$$$00000000) for __main
    entry.o(.ARM.Collect$$$$00000000) refers (Special) to entry10a.o(.ARM.Collect$$$$0000000D) for __rt_final_cpp
    entry.o(.ARM.Collect$$$$00000000) refers (Special) to entry11a.o(.ARM.Collect$$$$0000000F) for __rt_final_exit
    entry.o(.ARM.Collect$$$$00000000) refers (Special) to entry7b.o(.ARM.Collect$$$$00000008) for _main_clock
    entry.o(.ARM.Collect$$$$00000000) refers (Special) to entry8b.o(.ARM.Collect$$$$0000000A) for _main_cpp_init
    entry.o(.ARM.Collect$$$$00000000) refers (Special) to entry9a.o(.ARM.Collect$$$$0000000B) for _main_init
    entry.o(.ARM.Collect$$$$00000000) refers (Special) to entry5.o(.ARM.Collect$$$$00000004) for _main_scatterload
    entry.o(.ARM.Collect$$$$00000000) refers (Special) to entry2.o(.ARM.Collect$$$$00000001) for _main_stk
    entry2.o(.ARM.Collect$$$$00000001) refers to entry2.o(.ARM.Collect$$$$00002712) for __lit__00000000
    entry2.o(.ARM.Collect$$$$00002712) refers to startup_ing920.o(STACK) for __initial_sp
    entry2.o(__vectab_stack_and_reset_area) refers to startup_ing920.o(STACK) for __initial_sp
    entry2.o(__vectab_stack_and_reset_area) refers to entry.o(.ARM.Collect$$$$00000000) for __main
    entry5.o(.ARM.Collect$$$$00000004) refers to init.o(.text) for __scatterload
    entry9a.o(.ARM.Collect$$$$0000000B) refers to main.o(.text.main) for main
    entry9b.o(.ARM.Collect$$$$0000000C) refers to main.o(.text.main) for main
    init.o(.text) refers to entry5.o(.ARM.Collect$$$$00000004) for __main_after_scatterload


==============================================================================

Removing Unused input sections from the image.

    Removing main.o(.text), (0 bytes).
    Removing main.o(.text.cb_putc), (4 bytes).
    Removing main.o(.ARM.exidx.text.cb_putc), (8 bytes).
    Removing main.o(.text.fputc), (2 bytes).
    Removing main.o(.ARM.exidx.text.fputc), (8 bytes).
    Removing main.o(.ARM.exidx.text.chip_init), (8 bytes).
    Removing main.o(.ARM.exidx.text.main), (8 bytes).
    Removing main.o(.ARM.use_no_argv), (4 bytes).
    Removing startup_ing920.o(HEAP), (256 bytes).

9 unused section(s) (total 298 bytes) removed from the image.

==============================================================================

Image Symbol Table

    Local Symbols

    Symbol Name                              Value     Ov Type        Size  Object(Section)

    ../clib/microlib/init/entry.s            0x00000000   Number         0  entry.o ABSOLUTE
    ../clib/microlib/init/entry.s            0x00000000   Number         0  entry2.o ABSOLUTE
    ../clib/microlib/init/entry.s            0x00000000   Number         0  entry5.o ABSOLUTE
    ../clib/microlib/init/entry.s            0x00000000   Number         0  entry7a.o ABSOLUTE
    ../clib/microlib/init/entry.s            0x00000000   Number         0  entry7b.o ABSOLUTE
    ../clib/microlib/init/entry.s            0x00000000   Number         0  entry8a.o ABSOLUTE
    ../clib/microlib/init/entry.s            0x00000000   Number         0  entry8b.o ABSOLUTE
    ../clib/microlib/init/entry.s            0x00000000   Number         0  entry9a.o ABSOLUTE
    ../clib/microlib/init/entry.s            0x00000000   Number         0  entry9b.o ABSOLUTE
    ../clib/microlib/init/entry.s            0x00000000   Number         0  entry10a.o ABSOLUTE
    ../clib/microlib/init/entry.s            0x00000000   Number         0  entry10b.o ABSOLUTE
    ../clib/microlib/init/entry.s            0x00000000   Number         0  entry11a.o ABSOLUTE
    ../clib/microlib/init/entry.s            0x00000000   Number         0  entry11b.o ABSOLUTE
    dc.s                                     0x00000000   Number         0  dc.o ABSOLUTE
    handlers.s                               0x00000000   Number         0  handlers.o ABSOLUTE
    init.s                                   0x00000000   Number         0  init.o ABSOLUTE
    main.c                                   0x00000000   Number         0  main.o ABSOLUTE
    src\startup_ing920.s                     0x00000000   Number         0  startup_ing920.o ABSOLUTE
    RESET                                    0x0202a000   Section      212  startup_ing920.o(RESET)
    .ARM.Collect$$$$00000000                 0x0202a0d4   Section        0  entry.o(.ARM.Collect$$$$00000000)
    .ARM.Collect$$$$00000001                 0x0202a0d4   Section        4  entry2.o(.ARM.Collect$$$$00000001)
    .ARM.Collect$$$$00000004                 0x0202a0d8   Section        4  entry5.o(.ARM.Collect$$$$00000004)
    .ARM.Collect$$$$00000008                 0x0202a0dc   Section        0  entry7b.o(.ARM.Collect$$$$00000008)
    .ARM.Collect$$$$0000000A                 0x0202a0dc   Section        0  entry8b.o(.ARM.Collect$$$$0000000A)
    .ARM.Collect$$$$0000000B                 0x0202a0dc   Section        8  entry9a.o(.ARM.Collect$$$$0000000B)
    __lit__00000000                          0x0202a0e4   Data           4  entry2.o(.ARM.Collect$$$$00002712)
    .ARM.Collect$$$$0000000D                 0x0202a0e4   Section        0  entry10a.o(.ARM.Collect$$$$0000000D)
    .ARM.Collect$$$$0000000F                 0x0202a0e4   Section        0  entry11a.o(.ARM.Collect$$$$0000000F)
    .ARM.Collect$$$$00002712                 0x0202a0e4   Section        4  entry2.o(.ARM.Collect$$$$00002712)
    $v0                                      0x0202a0e8   Number         0  startup_ing920.o(.text)
    .text                                    0x0202a0e8   Section       52  startup_ing920.o(.text)
    .text                                    0x0202a11c   Section       36  init.o(.text)
    [Anonymous Symbol]                       0x0202a140   Section        0  main.o(.text.chip_init)
    [Anonymous Symbol]                       0x0202a144   Section        0  main.o(.text.main)
    i.__scatterload_copy                     0x0202a146   Section       14  handlers.o(i.__scatterload_copy)
    i.__scatterload_null                     0x0202a154   Section        2  handlers.o(i.__scatterload_null)
    i.__scatterload_zeroinit                 0x0202a156   Section       14  handlers.o(i.__scatterload_zeroinit)
    STACK                                    0x20005420   Section     1024  startup_ing920.o(STACK)

    Global Symbols

    Symbol Name                              Value     Ov Type        Size  Object(Section)

    BuildAttributes$$THM_ISAv4$E$P$D$K$B$S$7EM$VFPi3$EXTD16$VFPS$VFMA$PE$A:L22UL41UL21$X:L11$S22US41US21$IEEE1$IW$~IW$USESV6$~STKCKD$USESV7$~SHL$OTIME$EBA8$MICROLIB$REQ8$PRES8$EABIv2 0x00000000   Number         0  anon$$obj.o ABSOLUTE
    __cpp_initialize__aeabi_                  - Undefined Weak Reference
    __cxa_finalize                            - Undefined Weak Reference
    __decompress                              - Undefined Weak Reference
    _clock_init                               - Undefined Weak Reference
    _microlib_exit                            - Undefined Weak Reference
    __Vectors                                0x0202a000   Data           4  startup_ing920.o(RESET)
    __main                                   0x0202a0d5   Thumb Code     0  entry.o(.ARM.Collect$$$$00000000)
    _main_stk                                0x0202a0d5   Thumb Code     0  entry2.o(.ARM.Collect$$$$00000001)
    _main_scatterload                        0x0202a0d9   Thumb Code     0  entry5.o(.ARM.Collect$$$$00000004)
    __main_after_scatterload                 0x0202a0dd   Thumb Code     0  entry5.o(.ARM.Collect$$$$00000004)
    _main_clock                              0x0202a0dd   Thumb Code     0  entry7b.o(.ARM.Collect$$$$00000008)
    _main_cpp_init                           0x0202a0dd   Thumb Code     0  entry8b.o(.ARM.Collect$$$$0000000A)
    _main_init                               0x0202a0dd   Thumb Code     0  entry9a.o(.ARM.Collect$$$$0000000B)
    __rt_final_cpp                           0x0202a0e5   Thumb Code     0  entry10a.o(.ARM.Collect$$$$0000000D)
    __rt_final_exit                          0x0202a0e5   Thumb Code     0  entry11a.o(.ARM.Collect$$$$0000000F)
    Reset_Handler                            0x0202a0e9   Thumb Code    18  startup_ing920.o(.text)
    NMI_Handler                              0x0202a0fb   Thumb Code     2  startup_ing920.o(.text)
    HardFault_Handler                        0x0202a0fd   Thumb Code     2  startup_ing920.o(.text)
    MemManage_Handler                        0x0202a0ff   Thumb Code     2  startup_ing920.o(.text)
    BusFault_Handler                         0x0202a101   Thumb Code     2  startup_ing920.o(.text)
    UsageFault_Handler                       0x0202a103   Thumb Code     2  startup_ing920.o(.text)
    SVC_Handler                              0x0202a105   Thumb Code     2  startup_ing920.o(.text)
    DebugMon_Handler                         0x0202a107   Thumb Code     2  startup_ing920.o(.text)
    PendSV_Handler                           0x0202a109   Thumb Code     2  startup_ing920.o(.text)
    SysTick_Handler                          0x0202a10b   Thumb Code     2  startup_ing920.o(.text)
    ACTCNT32K_IRQHandler                     0x0202a10d   Thumb Code     0  startup_ing920.o(.text)
    APBSPI_IRQHandler                        0x0202a10d   Thumb Code     0  startup_ing920.o(.text)
    AudioEnc_IRQHandler                      0x0202a10d   Thumb Code     0  startup_ing920.o(.text)
    CacheI_IRQHandler                        0x0202a10d   Thumb Code     0  startup_ing920.o(.text)
    DMA_IRQHandler                           0x0202a10d   Thumb Code     0  startup_ing920.o(.text)
    GPIO0_IRQHandler                         0x0202a10d   Thumb Code     0  startup_ing920.o(.text)
    GPIO1_IRQHandler                         0x0202a10d   Thumb Code     0  startup_ing920.o(.text)
    I2C0_IRQHandler                          0x0202a10d   Thumb Code     0  startup_ing920.o(.text)
    I2S_IRQHandler                           0x0202a10d   Thumb Code     0  startup_ing920.o(.text)
    KeyScan_IRQHandler                       0x0202a10d   Thumb Code     0  startup_ing920.o(.text)
    LLEAES_IRQHandler                        0x0202a10d   Thumb Code     0  startup_ing920.o(.text)
    LLEERR_IRQHandler                        0x0202a10d   Thumb Code     0  startup_ing920.o(.text)
    LLEFUN_IRQHandler                        0x0202a10d   Thumb Code     0  startup_ing920.o(.text)
    PMUPDR_IRQHandler                        0x0202a10d   Thumb Code     0  startup_ing920.o(.text)
    PMUPVD_IRQHandler                        0x0202a10d   Thumb Code     0  startup_ing920.o(.text)
    POW_CS_IRQHandler                        0x0202a10d   Thumb Code     0  startup_ing920.o(.text)
    PWM0_IRQHandler                          0x0202a10d   Thumb Code     0  startup_ing920.o(.text)
    PWM1_IRQHandler                          0x0202a10d   Thumb Code     0  startup_ing920.o(.text)
    PWM2_IRQHandler                          0x0202a10d   Thumb Code     0  startup_ing920.o(.text)
    QDEC0_IRQHandler                         0x0202a10d   Thumb Code     0  startup_ing920.o(.text)
    QDEC1_IRQHandler                         0x0202a10d   Thumb Code     0  startup_ing920.o(.text)
    QDEC2_IRQHandler                         0x0202a10d   Thumb Code     0  startup_ing920.o(.text)
    QSPI_IRQHandler                          0x0202a10d   Thumb Code     0  startup_ing920.o(.text)
    RCMFDTRIM_IRQHandler                     0x0202a10d   Thumb Code     0  startup_ing920.o(.text)
    SADC_IRQHandler                          0x0202a10d   Thumb Code     0  startup_ing920.o(.text)
    SPIFlash_IRQHandler                      0x0202a10d   Thumb Code     0  startup_ing920.o(.text)
    TBCU_IRQHandler                          0x0202a10d   Thumb Code     0  startup_ing920.o(.text)
    TIMER0_IRQHandler                        0x0202a10d   Thumb Code     0  startup_ing920.o(.text)
    TIMER1_IRQHandler                        0x0202a10d   Thumb Code     0  startup_ing920.o(.text)
    TRNG_IRQHandler                          0x0202a10d   Thumb Code     0  startup_ing920.o(.text)
    UART0_IRQHandler                         0x0202a10d   Thumb Code     0  startup_ing920.o(.text)
    UART1_IRQHandler                         0x0202a10d   Thumb Code     0  startup_ing920.o(.text)
    USB_IRQHandler                           0x0202a10d   Thumb Code     0  startup_ing920.o(.text)
    WDT_IRQHandler                           0x0202a10d   Thumb Code     0  startup_ing920.o(.text)
    XOREADY_IRQHandler                       0x0202a10d   Thumb Code     0  startup_ing920.o(.text)
    __scatterload                            0x0202a11d   Thumb Code    28  init.o(.text)
    __scatterload_rt2                        0x0202a11d   Thumb Code     0  init.o(.text)
    chip_init                                0x0202a141   Thumb Code     4  main.o(.text.chip_init)
    main                                     0x0202a145   Thumb Code     2  main.o(.text.main)
    __scatterload_copy                       0x0202a147   Thumb Code    14  handlers.o(i.__scatterload_copy)
    __scatterload_null                       0x0202a155   Thumb Code     2  handlers.o(i.__scatterload_null)
    __scatterload_zeroinit                   0x0202a157   Thumb Code    14  handlers.o(i.__scatterload_zeroinit)
    Region$$Table$$Base                      0x0202a164   Number         0  anon$$obj.o(Region$$Table)
    Region$$Table$$Limit                     0x0202a174   Number         0  anon$$obj.o(Region$$Table)
    __initial_sp                             0x20005820   Data           0  startup_ing920.o(STACK)



==============================================================================

Memory Map of the image

  Image Entry point : 0x0202a0d5

  Load Region LR_IROM1 (Base: 0x0202a000, Size: 0x00000174, Max: 0x00056000, ABSOLUTE)

    Execution Region ER_IROM1 (Exec base: 0x0202a000, Load base: 0x0202a000, Size: 0x00000174, Max: 0x00056000, ABSOLUTE)

    Exec Addr    Load Addr    Size         Type   Attr      Idx    E Section Name        Object

    0x0202a000   0x0202a000   0x000000d4   Data   RO           19    RESET               startup_ing920.o
    0x0202a0d4   0x0202a0d4   0x00000000   Code   RO           26  * .ARM.Collect$$$$00000000  mc_w.l(entry.o)
    0x0202a0d4   0x0202a0d4   0x00000004   Code   RO           29    .ARM.Collect$$$$00000001  mc_w.l(entry2.o)
    0x0202a0d8   0x0202a0d8   0x00000004   Code   RO           32    .ARM.Collect$$$$00000004  mc_w.l(entry5.o)
    0x0202a0dc   0x0202a0dc   0x00000000   Code   RO           34    .ARM.Collect$$$$00000008  mc_w.l(entry7b.o)
    0x0202a0dc   0x0202a0dc   0x00000000   Code   RO           36    .ARM.Collect$$$$0000000A  mc_w.l(entry8b.o)
    0x0202a0dc   0x0202a0dc   0x00000008   Code   RO           37    .ARM.Collect$$$$0000000B  mc_w.l(entry9a.o)
    0x0202a0e4   0x0202a0e4   0x00000000   Code   RO           39    .ARM.Collect$$$$0000000D  mc_w.l(entry10a.o)
    0x0202a0e4   0x0202a0e4   0x00000000   Code   RO           41    .ARM.Collect$$$$0000000F  mc_w.l(entry11a.o)
    0x0202a0e4   0x0202a0e4   0x00000004   Code   RO           30    .ARM.Collect$$$$00002712  mc_w.l(entry2.o)
    0x0202a0e8   0x0202a0e8   0x00000034   Code   RO           20    .text               startup_ing920.o
    0x0202a11c   0x0202a11c   0x00000024   Code   RO           43    .text               mc_w.l(init.o)
    0x0202a140   0x0202a140   0x00000004   Code   RO            6    .text.chip_init     main.o
    0x0202a144   0x0202a144   0x00000002   Code   RO            8    .text.main          main.o
    0x0202a146   0x0202a146   0x0000000e   Code   RO           47    i.__scatterload_copy  mc_w.l(handlers.o)
    0x0202a154   0x0202a154   0x00000002   Code   RO           48    i.__scatterload_null  mc_w.l(handlers.o)
    0x0202a156   0x0202a156   0x0000000e   Code   RO           49    i.__scatterload_zeroinit  mc_w.l(handlers.o)
    0x0202a164   0x0202a164   0x00000010   Data   RO           46    Region$$Table       anon$$obj.o


    Execution Region RW_IRAM1 (Exec base: 0x20005420, Load base: 0x0202a174, Size: 0x00000400, Max: 0x00002be0, ABSOLUTE)

    Exec Addr    Load Addr    Size         Type   Attr      Idx    E Section Name        Object

    0x20005420        -       0x00000400   Zero   RW           17    STACK               startup_ing920.o


==============================================================================

Image component sizes


      Code (inc. data)   RO Data    RW Data    ZI Data      Debug   Object Name

         6          0          0          0          0       1096   main.o
        52         14        212          0       1024        816   startup_ing920.o

    ----------------------------------------------------------------------
        58         14        228          0       1024       1912   Object Totals
         0          0         16          0          0          0   (incl. Generated)
         0          0          0          0          0          0   (incl. Padding)

    ----------------------------------------------------------------------

      Code (inc. data)   RO Data    RW Data    ZI Data      Debug   Library Member Name

         0          0          0          0          0          0   entry.o
         0          0          0          0          0          0   entry10a.o
         0          0          0          0          0          0   entry11a.o
         8          4          0          0          0          0   entry2.o
         4          0          0          0          0          0   entry5.o
         0          0          0          0          0          0   entry7b.o
         0          0          0          0          0          0   entry8b.o
         8          4          0          0          0          0   entry9a.o
        30          0          0          0          0          0   handlers.o
        36          8          0          0          0         68   init.o

    ----------------------------------------------------------------------
        86         16          0          0          0         68   Library Totals
         0          0          0          0          0          0   (incl. Padding)

    ----------------------------------------------------------------------

      Code (inc. data)   RO Data    RW Data    ZI Data      Debug   Library Name

        86         16          0          0          0         68   mc_w.l

    ----------------------------------------------------------------------
        86         16          0          0          0         68   Library Totals

    ----------------------------------------------------------------------

==============================================================================


      Code (inc. data)   RO Data    RW Data    ZI Data      Debug   

       144         30        228          0       1024       2184   Grand Totals
       144         30        228          0       1024       2184   ELF Image Totals
       144         30        228          0          0          0   ROM Totals

==============================================================================

    Total RO  Size (Code + RO Data)                  372 (   0.36kB)
    Total RW  Size (RW Data + ZI Data)              1024 (   1.00kB)
    Total ROM Size (Code + RO Data + RW Data)        372 (   0.36kB)

==============================================================================

