Component: ARM Compiler 5.06 update 7 (build 960) Tool: armlink [4d3601]

==============================================================================

Section Cross References

    main.o(i.cb_putc) refers to peripheral_uart.o(i.apUART_Check_TXFIFO_FULL) for apUART_Check_TXFIFO_FULL
    main.o(i.cb_putc) refers to peripheral_uart.o(i.UART_SendData) for UART_SendData
    main.o(i.fputc) refers to main.o(i.cb_putc) for cb_putc
    main.o(i.main) refers to uart.o(i.uart_init_board) for uart_init_board
    main.o(i.main) refers to debug_print.o(i.debug_uart) for debug_uart
    main.o(i.main) refers to segger_rtt.o(i.SEGGER_RTT_Init) for SEGGER_RTT_Init
    main.o(i.main) refers to segger_rtt_printf.o(i.SEGGER_RTT_printf) for SEGGER_RTT_printf
    main.o(i.main) refers to iic_slave.o(i.i2c_test) for i2c_test
    main.o(i.main) refers to peripheral_sysctrl.o(i.SYSCTRL_DelayCycles) for SYSCTRL_DelayCycles
    timer_delay.o(i.SysTick_Handler) refers to timer_delay.o(.data) for jiffes
    segger_rtt.o(i.SEGGER_RTT_AllocDownBuffer) refers to segger_rtt.o(i._DoInit) for _DoInit
    segger_rtt.o(i.SEGGER_RTT_AllocDownBuffer) refers to segger_rtt.o(.bss) for _SEGGER_RTT
    segger_rtt.o(i.SEGGER_RTT_AllocUpBuffer) refers to segger_rtt.o(i._DoInit) for _DoInit
    segger_rtt.o(i.SEGGER_RTT_AllocUpBuffer) refers to segger_rtt.o(.bss) for _SEGGER_RTT
    segger_rtt.o(i.SEGGER_RTT_ConfigDownBuffer) refers to segger_rtt.o(i._DoInit) for _DoInit
    segger_rtt.o(i.SEGGER_RTT_ConfigDownBuffer) refers to segger_rtt.o(.bss) for _SEGGER_RTT
    segger_rtt.o(i.SEGGER_RTT_ConfigUpBuffer) refers to segger_rtt.o(i._DoInit) for _DoInit
    segger_rtt.o(i.SEGGER_RTT_ConfigUpBuffer) refers to segger_rtt.o(.bss) for _SEGGER_RTT
    segger_rtt.o(i.SEGGER_RTT_GetAvailWriteSpace) refers to segger_rtt.o(i._GetAvailWriteSpace) for _GetAvailWriteSpace
    segger_rtt.o(i.SEGGER_RTT_GetAvailWriteSpace) refers to segger_rtt.o(.bss) for _SEGGER_RTT
    segger_rtt.o(i.SEGGER_RTT_GetBytesInBuffer) refers to segger_rtt.o(.bss) for _SEGGER_RTT
    segger_rtt.o(i.SEGGER_RTT_GetKey) refers to segger_rtt.o(i.SEGGER_RTT_Read) for SEGGER_RTT_Read
    segger_rtt.o(i.SEGGER_RTT_HasData) refers to segger_rtt.o(.bss) for _SEGGER_RTT
    segger_rtt.o(i.SEGGER_RTT_HasDataUp) refers to segger_rtt.o(.bss) for _SEGGER_RTT
    segger_rtt.o(i.SEGGER_RTT_HasKey) refers to segger_rtt.o(i._DoInit) for _DoInit
    segger_rtt.o(i.SEGGER_RTT_HasKey) refers to segger_rtt.o(.bss) for _SEGGER_RTT
    segger_rtt.o(i.SEGGER_RTT_Init) refers to segger_rtt.o(i._DoInit) for _DoInit
    segger_rtt.o(i.SEGGER_RTT_PutChar) refers to segger_rtt.o(i._DoInit) for _DoInit
    segger_rtt.o(i.SEGGER_RTT_PutChar) refers to segger_rtt.o(.bss) for _SEGGER_RTT
    segger_rtt.o(i.SEGGER_RTT_PutCharSkip) refers to segger_rtt.o(i._DoInit) for _DoInit
    segger_rtt.o(i.SEGGER_RTT_PutCharSkip) refers to segger_rtt.o(.bss) for _SEGGER_RTT
    segger_rtt.o(i.SEGGER_RTT_PutCharSkipNoLock) refers to segger_rtt.o(.bss) for _SEGGER_RTT
    segger_rtt.o(i.SEGGER_RTT_Read) refers to segger_rtt.o(i.SEGGER_RTT_ReadNoLock) for SEGGER_RTT_ReadNoLock
    segger_rtt.o(i.SEGGER_RTT_ReadNoLock) refers to segger_rtt.o(i._DoInit) for _DoInit
    segger_rtt.o(i.SEGGER_RTT_ReadNoLock) refers to memcpya.o(.text) for __aeabi_memcpy
    segger_rtt.o(i.SEGGER_RTT_ReadNoLock) refers to segger_rtt.o(.bss) for _SEGGER_RTT
    segger_rtt.o(i.SEGGER_RTT_ReadUpBuffer) refers to segger_rtt.o(i.SEGGER_RTT_ReadUpBufferNoLock) for SEGGER_RTT_ReadUpBufferNoLock
    segger_rtt.o(i.SEGGER_RTT_ReadUpBufferNoLock) refers to segger_rtt.o(i._DoInit) for _DoInit
    segger_rtt.o(i.SEGGER_RTT_ReadUpBufferNoLock) refers to memcpya.o(.text) for __aeabi_memcpy
    segger_rtt.o(i.SEGGER_RTT_ReadUpBufferNoLock) refers to segger_rtt.o(.bss) for _SEGGER_RTT
    segger_rtt.o(i.SEGGER_RTT_SetFlagsDownBuffer) refers to segger_rtt.o(i._DoInit) for _DoInit
    segger_rtt.o(i.SEGGER_RTT_SetFlagsDownBuffer) refers to segger_rtt.o(.bss) for _SEGGER_RTT
    segger_rtt.o(i.SEGGER_RTT_SetFlagsUpBuffer) refers to segger_rtt.o(i._DoInit) for _DoInit
    segger_rtt.o(i.SEGGER_RTT_SetFlagsUpBuffer) refers to segger_rtt.o(.bss) for _SEGGER_RTT
    segger_rtt.o(i.SEGGER_RTT_SetNameDownBuffer) refers to segger_rtt.o(i._DoInit) for _DoInit
    segger_rtt.o(i.SEGGER_RTT_SetNameDownBuffer) refers to segger_rtt.o(.bss) for _SEGGER_RTT
    segger_rtt.o(i.SEGGER_RTT_SetNameUpBuffer) refers to segger_rtt.o(i._DoInit) for _DoInit
    segger_rtt.o(i.SEGGER_RTT_SetNameUpBuffer) refers to segger_rtt.o(.bss) for _SEGGER_RTT
    segger_rtt.o(i.SEGGER_RTT_SetTerminal) refers to segger_rtt.o(i._DoInit) for _DoInit
    segger_rtt.o(i.SEGGER_RTT_SetTerminal) refers to segger_rtt.o(i._WriteBlocking) for _WriteBlocking
    segger_rtt.o(i.SEGGER_RTT_SetTerminal) refers to segger_rtt.o(i._GetAvailWriteSpace) for _GetAvailWriteSpace
    segger_rtt.o(i.SEGGER_RTT_SetTerminal) refers to segger_rtt.o(i._WriteNoCheck) for _WriteNoCheck
[...]
    Removing peripheral_dma.o(.rev16_text), (4 bytes).
    Removing peripheral_dma.o(.revsh_text), (4 bytes).
    Removing peripheral_dma.o(.rrx_text), (6 bytes).
    Removing peripheral_dma.o(i.DMA_AbortChannel), (20 bytes).
    Removing peripheral_dma.o(i.DMA_GetCtrlConfigDst), (176 bytes).
    Removing peripheral_dma.o(i.DMA_GetCtrlConfigSrc), (112 bytes).
    Removing peripheral_dma.o(i.DMA_GetCtrlConfigSrcDst), (104 bytes).
    Removing peripheral_dma.o(i.DMA_GetPeripheralDataAddr), (216 bytes).
    Removing peripheral_dma.o(i.DMA_GetPeripheralWidth), (108 bytes).
    Removing peripheral_dma.o(i.DMA_MemCopy), (82 bytes).
    Removing peripheral_dma.o(i.DMA_PrepareMem2Mem), (94 bytes).
    Removing peripheral_dma.o(i.DMA_PrepareMem2Peripheral), (162 bytes).
    Removing peripheral_dma.o(i.DMA_PreparePeripheral2Mem), (158 bytes).
    Removing peripheral_dma.o(i.DMA_PreparePeripheral2Peripheral), (218 bytes).
    Removing peripheral_dma.o(i.DMA_Reset), (36 bytes).
    Removing peripheral_dma.o(i.DMG_GetSPIDMAWidth), (30 bytes).
    Removing peripheral_pwm.o(.rev16_text), (4 bytes).
    Removing peripheral_pwm.o(.revsh_text), (4 bytes).
    Removing peripheral_pwm.o(.rrx_text), (6 bytes).
    Removing peripheral_pwm.o(i.IR_BusyState), (20 bytes).
    Removing peripheral_pwm.o(i.IR_CycleCarrierSetup), (108 bytes).
    Removing peripheral_pwm.o(i.IR_WriteCarrierData), (16 bytes).
    Removing peripheral_pwm.o(i.PCAP_ClearFifo), (22 bytes).
    Removing peripheral_pwm.o(i.PCAP_CounterEnable), (12 bytes).
    Removing peripheral_pwm.o(i.PCAP_Enable), (22 bytes).
    Removing peripheral_pwm.o(i.PCAP_EnableEvents), (20 bytes).
    Removing peripheral_pwm.o(i.PCAP_ReadCounter), (12 bytes).
    Removing peripheral_pwm.o(i.PWM_DmaEnable), (52 bytes).
    Removing peripheral_pwm.o(i.PWM_Enable), (26 bytes).
    Removing peripheral_pwm.o(i.PWM_FifoIntEnable), (48 bytes).
    Removing peripheral_pwm.o(i.PWM_GetMode), (20 bytes).
    Removing peripheral_pwm.o(i.PWM_HaltCtrlCfg), (30 bytes).
    Removing peripheral_pwm.o(i.PWM_HaltCtrlEnable), (18 bytes).
    Removing peripheral_pwm.o(i.PWM_HaltCtrlEnable2), (30 bytes).
    Removing peripheral_pwm.o(i.PWM_SetDiedZoneThreshold), (16 bytes).
    Removing peripheral_pwm.o(i.PWM_SetHighThreshold), (16 bytes).
    Removing peripheral_pwm.o(i.PWM_SetInitVale), (30 bytes).
    Removing peripheral_pwm.o(i.PWM_SetIntTrigLevel), (26 bytes).
    Removing peripheral_pwm.o(i.PWM_SetInvertOutput), (30 bytes).
    Removing peripheral_pwm.o(i.PWM_SetMask), (30 bytes).
    Removing peripheral_pwm.o(i.PWM_SetMode), (42 bytes).
    Removing peripheral_pwm.o(i.PWM_SetPeraThreshold), (16 bytes).
    Removing peripheral_pwm.o(i.PWM_SetRegBit), (44 bytes).
    Removing peripheral_pwm.o(i.PWM_SetStepCnt), (44 bytes).
    Removing peripheral_pwm.o(i.PWM_SetStepTarget), (32 bytes).
    Removing peripheral_pwm.o(i.PWM_SetupSimple), (126 bytes).
    Removing peripheral_pwm.o(i.PWM_SetupSingle), (80 bytes).
    Removing peripheral_pwm.o(i.PWM_StepEnabled), (52 bytes).
    Removing peripheral_pwm.o(i.PWM_StepLoopEnabled), (52 bytes).
    Removing peripheral_ssp.o(.rev16_text), (4 bytes).
    Removing peripheral_ssp.o(.revsh_text), (4 bytes).
    Removing peripheral_ssp.o(.rrx_text), (6 bytes).
    Removing peripheral_ssp.o(i.apSSP_DeviceParametersSet), (142 bytes).
    Removing peripheral_ssp.o(i.apSSP_GetDataNumInTxFifo), (20 bytes).
    Removing peripheral_ssp.o(i.apSSP_GetRxFifoDepthWords), (6 bytes).
    Removing peripheral_ssp.o(i.apSSP_GetSPIActiveStatus), (10 bytes).
    Removing peripheral_ssp.o(i.apSSP_GetSlaveRxDataCnt), (10 bytes).
    Removing peripheral_ssp.o(i.apSSP_GetSlaveTxDataCnt), (10 bytes).
    Removing peripheral_ssp.o(i.apSSP_GetSpiStatus), (6 bytes).
    Removing peripheral_ssp.o(i.apSSP_GetStatus), (6 bytes).
    Removing peripheral_ssp.o(i.apSSP_GetTxFifoDepthWords), (6 bytes).
    Removing peripheral_ssp.o(i.apSSP_Initialize), (38 bytes).
    Removing peripheral_ssp.o(i.apSSP_IntDisable), (8 bytes).
    Removing peripheral_ssp.o(i.apSSP_IntEnable), (8 bytes).
    Removing peripheral_ssp.o(i.apSSP_ReadCommand), (6 bytes).
    Removing peripheral_ssp.o(i.apSSP_ResetRxFifo), (22 bytes).
    Removing peripheral_ssp.o(i.apSSP_ResetTxFifo), (22 bytes).
    Removing peripheral_ssp.o(i.apSSP_RxFifoFull), (10 bytes).
    Removing peripheral_ssp.o(i.apSSP_SetAddrEn), (22 bytes).
    Removing peripheral_ssp.o(i.apSSP_SetCmdEn), (22 bytes).
    Removing peripheral_ssp.o(i.apSSP_SetMemAccessCmd), (16 bytes).
    Removing peripheral_ssp.o(i.apSSP_SetRxDmaEn), (18 bytes).
    Removing peripheral_ssp.o(i.apSSP_SetRxThres), (18 bytes).
    Removing peripheral_ssp.o(i.apSSP_SetTimingCs2Sclk), (18 bytes).
    Removing peripheral_ssp.o(i.apSSP_SetTimingSclkDiv), (16 bytes).
    Removing peripheral_ssp.o(i.apSSP_SetTransMode), (18 bytes).
    Removing peripheral_ssp.o(i.apSSP_SetTransferControl), (28 bytes).
    Removing peripheral_ssp.o(i.apSSP_SetTransferControlAddrFmt), (18 bytes).
    Removing peripheral_ssp.o(i.apSSP_SetTransferControlDummyCnt), (24 bytes).
    Removing peripheral_ssp.o(i.apSSP_SetTransferControlRdTranCnt), (22 bytes).
    Removing peripheral_ssp.o(i.apSSP_SetTransferControlWrTranCnt), (28 bytes).
    Removing peripheral_ssp.o(i.apSSP_SetTransferFormat), (28 bytes).
    Removing peripheral_ssp.o(i.apSSP_SetTxDmaEn), (18 bytes).
    Removing peripheral_ssp.o(i.apSSP_SetTxThres), (18 bytes).
    Removing peripheral_ssp.o(i.apSSP_TxFifoEmpty), (10 bytes).
    Removing peripheral_ssp.o(i.apSSP_WriteCmd), (6 bytes).
    Removing peripheral_ssp.o(i.apSSP_WrtEnlargeCnt), (22 bytes).
    Removing peripheral_ssp.o(i.apSSP_WrtEnlargeEn), (22 bytes).
    Removing peripheral_i2c.o(.rev16_text), (4 bytes).
    Removing peripheral_i2c.o(.revsh_text), (4 bytes).
    Removing peripheral_i2c.o(.rrx_text), (6 bytes).
    Removing peripheral_i2c.o(i.I2C_CommandWrite), (4 bytes).
    Removing peripheral_i2c.o(i.I2C_ConfigSlave), (28 bytes).
    Removing peripheral_i2c.o(i.I2C_CtrlGetDataCnt), (8 bytes).
    Removing peripheral_i2c.o(i.I2C_CtrlUpdateDataCnt), (16 bytes).
    Removing peripheral_i2c.o(i.I2C_CtrlUpdateDirection), (18 bytes).
    Removing peripheral_i2c.o(i.I2C_DataWrite), (4 bytes).
    Removing peripheral_i2c.o(i.I2C_DmaEnable), (20 bytes).
    Removing peripheral_i2c.o(i.I2C_FifoFull), (10 bytes).
    Removing peripheral_i2c.o(i.I2C_GetTransactionDir), (10 bytes).
    Removing peripheral_i2c.o(i.I2C_IntDisable), (12 bytes).
    Removing peripheral_i2c.o(i.I2C_TransactionComplete), (10 bytes).
    Removing peripheral_keyscan.o(.rev16_text), (4 bytes).
    Removing peripheral_keyscan.o(.revsh_text), (4 bytes).
    Removing peripheral_keyscan.o(.rrx_text), (6 bytes).
    Removing peripheral_keyscan.o(i.KEYSCAN_CheckStatePara), (24 bytes).
    Removing peripheral_keyscan.o(i.KEYSCAN_DbClkSel), (40 bytes).
    Removing peripheral_keyscan.o(i.KEYSCAN_GetIntStateFifoFullRaw), (28 bytes).
    Removing peripheral_keyscan.o(i.KEYSCAN_GetIntStateLoopTrig), (28 bytes).
    Removing peripheral_keyscan.o(i.KEYSCAN_GetKeyScannerBusy), (28 bytes).
    Removing peripheral_keyscan.o(i.KEYSCAN_GetScanMode), (118 bytes).
    Removing peripheral_keyscan.o(i.KEYSCAN_GetScannerEn), (28 bytes).
    Removing peripheral_keyscan.o(i.KEYSCAN_InitKeyScanToIdx), (50 bytes).
    Removing peripheral_keyscan.o(i.KEYSCAN_Initialize), (36 bytes).
    Removing peripheral_keyscan.o(i.KEYSCAN_InitializeScanParameter), (320 bytes).
    Removing peripheral_keyscan.o(i.KEYSCAN_LoopIntEn), (40 bytes).
    Removing peripheral_keyscan.o(i.KEYSCAN_NormalHighLowDataToIdex), (42 bytes).
    Removing peripheral_keyscan.o(i.KEYSCAN_ScanDataToIdex), (54 bytes).
    Removing peripheral_keyscan.o(i.KEYSCAN_SetDebounceCounter), (28 bytes).
    Removing peripheral_keyscan.o(i.KEYSCAN_SetDebounceEn), (28 bytes).
    Removing peripheral_keyscan.o(i.KEYSCAN_SetDmaEn), (40 bytes).
    Removing peripheral_keyscan.o(i.KEYSCAN_SetDmaNumTrigInt), (28 bytes).
    Removing peripheral_keyscan.o(i.KEYSCAN_SetFifoClrReg), (28 bytes).
    Removing peripheral_keyscan.o(i.KEYSCAN_SetFifoNumTrigInt), (28 bytes).
    Removing peripheral_keyscan.o(i.KEYSCAN_SetInColMask), (28 bytes).
    Removing peripheral_keyscan.o(i.KEYSCAN_SetIntTrigEn), (40 bytes).
    Removing peripheral_keyscan.o(i.KEYSCAN_SetLoopNumTrigInt), (28 bytes).
    Removing peripheral_keyscan.o(i.KEYSCAN_SetLpkeyModeEn), (44 bytes).
    Removing peripheral_keyscan.o(i.KEYSCAN_SetOutRowMask), (28 bytes).
    Removing peripheral_keyscan.o(i.KEYSCAN_SetPeReg), (44 bytes).
    Removing peripheral_keyscan.o(i.KEYSCAN_SetPsReg), (44 bytes).
    Removing peripheral_keyscan.o(i.KEYSCAN_SetReleaseTime), (28 bytes).
    Removing peripheral_keyscan.o(i.KEYSCAN_SetScanInterval), (28 bytes).
    Removing peripheral_keyscan.o(i.KEYSCAN_SetScannerEn), (40 bytes).
    Removing peripheral_keyscan.o(i.KEYSCAN_SetTableModeEn), (44 bytes).
    Removing peripheral_keyscan.o(i.KEYSCAN_TableHighLowDataToIdex), (68 bytes).
    Removing peripheral_qdec.o(.rev16_text), (4 bytes).
    Removing peripheral_qdec.o(.revsh_text), (4 bytes).
    Removing peripheral_qdec.o(.rrx_text), (6 bytes).
    Removing peripheral_qdec.o(i.QDEC_ChModeCfg), (168 bytes).
    Removing peripheral_qdec.o(i.QDEC_ChannelEnable), (32 bytes).
    Removing peripheral_qdec.o(i.QDEC_EnableChannel), (48 bytes).
    Removing peripheral_qdec.o(i.QDEC_EnableQdecDiv), (48 bytes).
    Removing peripheral_qdec.o(i.QDEC_ExternalEventEdgeSet), (32 bytes).
    Removing peripheral_qdec.o(i.QDEC_GetChxIntEn), (16 bytes).
    Removing peripheral_qdec.o(i.QDEC_GetData), (16 bytes).
    Removing peripheral_qdec.o(i.QDEC_GetDirection), (16 bytes).
    Removing peripheral_qdec.o(i.QDEC_IntClear), (14 bytes).
    Removing peripheral_qdec.o(i.QDEC_QdecCfg), (170 bytes).
    Removing peripheral_qdec.o(i.QDEC_RegClr), (28 bytes).
    Removing peripheral_qdec.o(i.QDEC_RegRd), (24 bytes).
    Removing peripheral_qdec.o(i.QDEC_RegWrBit), (24 bytes).
    Removing peripheral_qdec.o(i.QDEC_RegWrBits), (40 bytes).
    Removing peripheral_qdec.o(i.QDEC_Reset), (14 bytes).
    Removing peripheral_qdec.o(i.QDEC_SetCHxTmrCntA), (16 bytes).
    Removing peripheral_qdec.o(i.QDEC_SetCHxTmrCntB), (16 bytes).
    Removing peripheral_qdec.o(i.QDEC_SetCHxTmrCntC), (16 bytes).
    Removing peripheral_qdec.o(i.QDEC_SetChxCpcStopEn), (28 bytes).
    Removing peripheral_qdec.o(i.QDEC_SetChxCpcTrg), (28 bytes).
    Removing peripheral_qdec.o(i.QDEC_SetChxIntEn), (28 bytes).
    Removing peripheral_qdec.o(i.QDEC_SetEtrg), (32 bytes).
    Removing peripheral_qdec.o(i.QDEC_SetEtrgEn), (28 bytes).
    Removing peripheral_qdec.o(i.QDEC_SetRegBit), (22 bytes).
    Removing peripheral_qdec.o(i.QDEC_SetRegBits), (26 bytes).
    Removing peripheral_qdec.o(i.QDEC_TmrCfg), (52 bytes).
    Removing peripheral_asdm.o(.rev16_text), (4 bytes).
    Removing peripheral_asdm.o(.revsh_text), (4 bytes).
    Removing peripheral_asdm.o(.rrx_text), (6 bytes).
    Removing peripheral_asdm.o(i.ADSM_GetReadFlag), (10 bytes).
    Removing peripheral_asdm.o(i.ADSM_VolZeroState), (10 bytes).
    Removing peripheral_asdm.o(i.ASDM_AGCEn), (20 bytes).
    Removing peripheral_asdm.o(i.ASDM_AGCNoiseGateEn), (20 bytes).
    Removing peripheral_asdm.o(i.ASDM_ClrOverflowError), (18 bytes).
    Removing peripheral_asdm.o(i.ASDM_FadeInOutEn), (20 bytes).
    Removing peripheral_asdm.o(i.ASDM_FifoEn), (20 bytes).
    Removing peripheral_asdm.o(i.ASDM_GetFifoEmptyState), (10 bytes).
    Removing peripheral_asdm.o(i.ASDM_GetFifoFullState), (10 bytes).
    Removing peripheral_asdm.o(i.ASDM_HighPassErrorEn), (18 bytes).
    Removing peripheral_asdm.o(i.ASDM_InvertInput), (18 bytes).
    Removing peripheral_asdm.o(i.ASDM_MuteEn), (20 bytes).
    Removing peripheral_asdm.o(i.ASDM_NoiseHold), (22 bytes).
    Removing peripheral_asdm.o(i.ASDM_PDM_Config), (200 bytes).
    Removing peripheral_asdm.o(i.ASDM_Reset), (18 bytes).
    Removing peripheral_asdm.o(i.ASDM_SelDownSample), (18 bytes).
    Removing peripheral_asdm.o(i.ASDM_SelMic), (18 bytes).
    Removing peripheral_asdm.o(i.ASDM_SetAGCFrameTime), (22 bytes).
    Removing peripheral_asdm.o(i.ASDM_SetAGCGateMode), (20 bytes).
    Removing peripheral_asdm.o(i.ASDM_SetAGCMaxLevel), (22 bytes).
    Removing peripheral_asdm.o(i.ASDM_SetAGCMute), (10 bytes).
    Removing peripheral_asdm.o(i.ASDM_SetAGCNoiseMode), (20 bytes).
    Removing peripheral_asdm.o(i.ASDM_SetAGCNoiseThresh), (22 bytes).
    Removing peripheral_asdm.o(i.ASDM_SetEdgeSample), (18 bytes).
    Removing peripheral_asdm.o(i.ASDM_SetFifoDepth), (22 bytes).
    Removing peripheral_asdm.o(i.ASDM_SetFifoInt), (22 bytes).
    Removing peripheral_asdm.o(i.ASDM_SetFifoTrig), (22 bytes).
    Removing peripheral_asdm.o(i.ASDM_SetHighPassEn), (18 bytes).
    Removing peripheral_asdm.o(i.ASDM_SetHighPassFilter), (22 bytes).
    Removing peripheral_asdm.o(i.ASDM_SetRegBits), (26 bytes).
    Removing peripheral_asdm.o(i.ASDM_SetVol), (22 bytes).
    Removing peripheral_asdm.o(i.ASDM_SetVolStep), (22 bytes).
    Removing peripheral_asdm.o(i.ASDM_UpdateSr), (30 bytes).
    Removing peripheral_asdm.o(i.ASDM_clrFifo), (18 bytes).
    Removing peripheral_pte.o(.rev16_text), (4 bytes).
    Removing peripheral_pte.o(.revsh_text), (4 bytes).
    Removing peripheral_pte.o(.rrx_text), (6 bytes).
    Removing peripheral_pte.o(i.PTE_ChxDisable), (12 bytes).
    Removing peripheral_pte.o(i.PTE_ChxEnable), (12 bytes).
    Removing peripheral_pte.o(i.PTE_ChxGetEnableState), (12 bytes).
    Removing peripheral_pte.o(i.PTE_SetModuleTaskEventConfig), (708 bytes).
    Removing peripheral_pte.o(i.PTE_SetRegBit), (22 bytes).
    Removing peripheral_pte.o(i.PTE_SetTaskChxGroupDis), (16 bytes).
    Removing peripheral_pte.o(i.PTE_SetTaskChxGroupDisConfig), (16 bytes).
    Removing peripheral_pte.o(i.PTE_SetTaskChxGroupEN), (16 bytes).
    Removing peripheral_pte.o(i.PTE_SetTaskChxGroupEnConfig), (16 bytes).
    Removing peripheral_pte.o(i.PTE_SetTaskChxGroupMap), (12 bytes).
    Removing peripheral_pte.o(i.PTE_TaskEnable), (816 bytes).
    Removing peripheral_pte.o(i.PTE_TriggerTask), (404 bytes).
    Removing peripheral_timer.o(.rev16_text), (4 bytes).
    Removing peripheral_timer.o(.revsh_text), (4 bytes).
    Removing peripheral_timer.o(.rrx_text), (6 bytes).
    Removing peripheral_timer.o(i.RTMR_Disable), (10 bytes).
    Removing peripheral_timer.o(i.RTMR_Enable), (10 bytes).
    Removing peripheral_timer.o(i.RTMR_GetCMP), (6 bytes).
    Removing peripheral_timer.o(i.RTMR_GetCNT), (6 bytes).
    Removing peripheral_timer.o(i.RTMR_IntDisable), (10 bytes).
    Removing peripheral_timer.o(i.RTMR_IntEnable), (10 bytes).
    Removing peripheral_timer.o(i.RTMR_Reload), (10 bytes).
    Removing peripheral_timer.o(i.RTMR_SetCMP), (4 bytes).
    Removing peripheral_timer.o(i.RTMR_SetOpMode), (14 bytes).
    Removing peripheral_timer.o(i.TMR_GetCMP), (14 bytes).
    Removing peripheral_timer.o(i.TMR_GetCNT), (14 bytes).
    Removing peripheral_timer.o(i.TMR_GetClk), (12 bytes).
    Removing peripheral_timer.o(i.TMR_IntEnable), (30 bytes).
    Removing peripheral_timer.o(i.TMR_IntHappened), (14 bytes).
    Removing peripheral_timer.o(i.TMR_PauseEnable), (64 bytes).
    Removing peripheral_timer.o(i.TMR_SetOpMode), (26 bytes).
    Removing peripheral_timer.o(i.TMR_SetReload), (12 bytes).
    Removing peripheral_timer.o(i.TMR_WatchDogClearInt), (12 bytes).
    Removing peripheral_timer.o(i.TMR_WatchDogDisable), (36 bytes).
    Removing peripheral_timer.o(i.TMR_WatchDogEnable3), (52 bytes).
    Removing peripheral_timer.o(i.TMR_WatchDogRestart), (20 bytes).
    Removing peripheral_i2s.o(.rev16_text), (4 bytes).
    Removing peripheral_i2s.o(.revsh_text), (4 bytes).
    Removing peripheral_i2s.o(.rrx_text), (6 bytes).
    Removing peripheral_i2s.o(i.I2S_ClearRxFIFO), (10 bytes).
    Removing peripheral_i2s.o(i.I2S_ClearTxFIFO), (10 bytes).
    Removing peripheral_i2s.o(i.I2S_Config), (112 bytes).
    Removing peripheral_i2s.o(i.I2S_ConfigClk), (14 bytes).
    Removing peripheral_i2s.o(i.I2S_ConfigIRQ), (32 bytes).
    Removing peripheral_i2s.o(i.I2S_DMAEnable), (24 bytes).
    Removing peripheral_i2s.o(i.I2S_Enable), (22 bytes).
    Removing peripheral_i2s.o(i.I2S_GetTxFIFOCount), (10 bytes).
    Removing peripheral_i2s.o(i.I2S_PushTxFIFO), (4 bytes).
    Removing fmul.o(.text), (100 bytes).
    Removing fdiv.o(.text), (124 bytes).
    Removing ffltui.o(.text), (10 bytes).
    Removing dfltui.o(.text), (26 bytes).
    Removing ffixi.o(.text), (50 bytes).
    Removing ffixui.o(.text), (40 bytes).
    Removing d2f.o(.text), (56 bytes).
    Removing fepilogue.o(.text), (110 bytes).

529 unused section(s) (total 24307 bytes) removed from the image.

==============================================================================

Image Symbol Table

    Local Symbols

    Symbol Name                              Value     Ov Type        Size  Object(Section)

    ../clib/microlib/division.c              0x00000000   Number         0  uidiv.o ABSOLUTE
    ../clib/microlib/division.c              0x00000000   Number         0  uldiv.o ABSOLUTE
    ../clib/microlib/init/entry.s            0x00000000   Number         0  entry2.o ABSOLUTE
    ../clib/microlib/init/entry.s            0x00000000   Number         0  entry7b.o ABSOLUTE
    ../clib/microlib/init/entry.s            0x00000000   Number         0  entry8a.o ABSOLUTE
    ../clib/microlib/init/entry.s            0x00000000   Number         0  entry8b.o ABSOLUTE
    ../clib/microlib/init/entry.s            0x00000000   Number         0  entry9a.o ABSOLUTE
    ../clib/microlib/init/entry.s            0x00000000   Number         0  entry5.o ABSOLUTE
    ../clib/microlib/init/entry.s            0x00000000   Number         0  entry12b.o ABSOLUTE
    ../clib/microlib/init/entry.s            0x00000000   Number         0  entry.o ABSOLUTE
    ../clib/microlib/init/entry.s            0x00000000   Number         0  entry9b.o ABSOLUTE
    ../clib/microlib/init/entry.s            0x00000000   Number         0  entry10a.o ABSOLUTE
    ../clib/microlib/init/entry.s            0x00000000   Number         0  entry12a.o ABSOLUTE
    ../clib/microlib/init/entry.s            0x00000000   Number         0  entry10b.o ABSOLUTE
    ../clib/microlib/init/entry.s            0x00000000   Number         0  entry11a.o ABSOLUTE
    ../clib/microlib/init/entry.s            0x00000000   Number         0  entry11b.o ABSOLUTE
    ../clib/microlib/init/entry.s            0x00000000   Number         0  entry7a.o ABSOLUTE
    ../clib/microlib/longlong.c              0x00000000   Number         0  llshl.o ABSOLUTE
    ../clib/microlib/longlong.c              0x00000000   Number         0  llushr.o ABSOLUTE
    ../clib/microlib/longlong.c              0x00000000   Number         0  llsshr.o ABSOLUTE
    ../clib/microlib/malloc/malloc.c         0x00000000   Number         0  malloc.o ABSOLUTE
    ../clib/microlib/malloc/malloc.c         0x00000000   Number         0  mallocr.o ABSOLUTE
    ../clib/microlib/malloc/malloc.c         0x00000000   Number         0  malloca.o ABSOLUTE
    ../clib/microlib/malloc/malloc.c         0x00000000   Number         0  mallocra.o ABSOLUTE
    ../clib/microlib/malloc/mvars.c          0x00000000   Number         0  mvars.o ABSOLUTE
    ../clib/microlib/printf/printf.c         0x00000000   Number         0  printfa.o ABSOLUTE
    ../clib/microlib/stdio/streams.c         0x00000000   Number         0  stdout.o ABSOLUTE
    ../clib/microlib/string/memcpy.c         0x00000000   Number         0  memcpya.o ABSOLUTE
    ../clib/microlib/string/memcpy.c         0x00000000   Number         0  memcpyb.o ABSOLUTE
    ../clib/microlib/string/memset.c         0x00000000   Number         0  memseta.o ABSOLUTE
    ../clib/microlib/string/strcpy.c         0x00000000   Number         0  strcpy.o ABSOLUTE
    ../clib/microlib/string/strlen.c         0x00000000   Number         0  strlen.o ABSOLUTE
    ../clib/microlib/stubs.s                 0x00000000   Number         0  iusefp.o ABSOLUTE
    ../fplib/microlib/d2f.c                  0x00000000   Number         0  d2f.o ABSOLUTE
    ../fplib/microlib/fpadd.c                0x00000000   Number         0  dadd.o ABSOLUTE
    ../fplib/microlib/fpdiv.c                0x00000000   Number         0  fdiv.o ABSOLUTE
    ../fplib/microlib/fpdiv.c                0x00000000   Number         0  ddiv.o ABSOLUTE
    ../fplib/microlib/fpepilogue.c           0x00000000   Number         0  depilogue.o ABSOLUTE
    ../fplib/microlib/fpepilogue.c           0x00000000   Number         0  fepilogue.o ABSOLUTE
    ../fplib/microlib/fpfix.c                0x00000000   Number         0  ffixui.o ABSOLUTE
    ../fplib/microlib/fpfix.c                0x00000000   Number         0  ffixi.o ABSOLUTE
    ../fplib/microlib/fpfix.c                0x00000000   Number         0  dfixul.o ABSOLUTE
    ../fplib/microlib/fpflt.c                0x00000000   Number         0  dfltui.o ABSOLUTE
    ../fplib/microlib/fpflt.c                0x00000000   Number         0  ffltui.o ABSOLUTE
    ../fplib/microlib/fpmul.c                0x00000000   Number         0  fmul.o ABSOLUTE
    ../fplib/microlib/fpmul.c                0x00000000   Number         0  dmul.o ABSOLUTE
    FWlib\\peripheral_asdm.c                 0x00000000   Number         0  peripheral_asdm.o ABSOLUTE
    FWlib\\peripheral_dma.c                  0x00000000   Number         0  peripheral_dma.o ABSOLUTE
    FWlib\\peripheral_gpio.c                 0x00000000   Number         0  peripheral_gpio.o ABSOLUTE
    FWlib\\peripheral_i2c.c                  0x00000000   Number         0  peripheral_i2c.o ABSOLUTE
    FWlib\\peripheral_i2s.c                  0x00000000   Number         0  peripheral_i2s.o ABSOLUTE
    FWlib\\peripheral_keyscan.c              0x00000000   Number         0  peripheral_keyscan.o ABSOLUTE
    FWlib\\peripheral_pinctrl.c              0x00000000   Number         0  peripheral_pinctrl.o ABSOLUTE
    FWlib\\peripheral_pte.c                  0x00000000   Number         0  peripheral_pte.o ABSOLUTE
    FWlib\\peripheral_pwm.c                  0x00000000   Number         0  peripheral_pwm.o ABSOLUTE
    FWlib\\peripheral_qdec.c                 0x00000000   Number         0  peripheral_qdec.o ABSOLUTE
    FWlib\\peripheral_ssp.c                  0x00000000   Number         0  peripheral_ssp.o ABSOLUTE
    FWlib\\peripheral_sysctrl.c              0x00000000   Number         0  peripheral_sysctrl.o ABSOLUTE
    FWlib\\peripheral_timer.c                0x00000000   Number         0  peripheral_timer.o ABSOLUTE
    FWlib\\peripheral_uart.c                 0x00000000   Number         0  peripheral_uart.o ABSOLUTE
    FWlib\peripheral_asdm.c                  0x00000000   Number         0  peripheral_asdm.o ABSOLUTE
    FWlib\peripheral_dma.c                   0x00000000   Number         0  peripheral_dma.o ABSOLUTE
    FWlib\peripheral_gpio.c                  0x00000000   Number         0  peripheral_gpio.o ABSOLUTE
    FWlib\peripheral_i2c.c                   0x00000000   Number         0  peripheral_i2c.o ABSOLUTE
    FWlib\peripheral_i2s.c                   0x00000000   Number         0  peripheral_i2s.o ABSOLUTE
    FWlib\peripheral_keyscan.c               0x00000000   Number         0  peripheral_keyscan.o ABSOLUTE
    FWlib\peripheral_pinctrl.c               0x00000000   Number         0  peripheral_pinctrl.o ABSOLUTE
    FWlib\peripheral_pte.c                   0x00000000   Number         0  peripheral_pte.o ABSOLUTE
    FWlib\peripheral_pwm.c                   0x00000000   Number         0  peripheral_pwm.o ABSOLUTE
    FWlib\peripheral_qdec.c                  0x00000000   Number         0  peripheral_qdec.o ABSOLUTE
    FWlib\peripheral_ssp.c                   0x00000000   Number         0  peripheral_ssp.o ABSOLUTE
    FWlib\peripheral_sysctrl.c               0x00000000   Number         0  peripheral_sysctrl.o ABSOLUTE
    FWlib\peripheral_timer.c                 0x00000000   Number         0  peripheral_timer.o ABSOLUTE
    FWlib\peripheral_uart.c                  0x00000000   Number         0  peripheral_uart.o ABSOLUTE
    cdrcmple.s                               0x00000000   Number         0  cdrcmple.o ABSOLUTE
    dc.s                                     0x00000000   Number         0  dc.o ABSOLUTE
    handlers.s                               0x00000000   Number         0  handlers.o ABSOLUTE
    init.s                                   0x00000000   Number         0  init.o ABSOLUTE
    src\I2S\i2s_master.c                     0x00000000   Number         0  i2s_master.o ABSOLUTE
    src\PTE\PTE_LIB\PTE_lib_timer.c          0x00000000   Number         0  pte_lib_timer.o ABSOLUTE
    src\PWM.c                                0x00000000   Number         0  pwm.o ABSOLUTE
    src\SEGGER_RTT.c                         0x00000000   Number         0  segger_rtt.o ABSOLUTE
    src\SEGGER_RTT_printf.c                  0x00000000   Number         0  segger_rtt_printf.o ABSOLUTE
    src\\I2S\\i2s_master.c                   0x00000000   Number         0  i2s_master.o ABSOLUTE
    src\\PTE\\PTE_LIB\\PTE_lib_timer.c       0x00000000   Number         0  pte_lib_timer.o ABSOLUTE
    src\\PWM.c                               0x00000000   Number         0  pwm.o ABSOLUTE
    src\\audioadc\\PDM.c                     0x00000000   Number         0  pdm.o ABSOLUTE
    src\\debug_print.c                       0x00000000   Number         0  debug_print.o ABSOLUTE
    src\\gpio.c                              0x00000000   Number         0  gpio.o ABSOLUTE
    src\\iic\\iic_slave.c                    0x00000000   Number         0  iic_slave.o ABSOLUTE
    src\\keyscan_demo\\keyscan_normal.c      0x00000000   Number         0  keyscan_normal.o ABSOLUTE
    src\\main.c                              0x00000000   Number         0  main.o ABSOLUTE
    src\\misc.c                              0x00000000   Number         0  misc.o ABSOLUTE
    src\\pingpong.c                          0x00000000   Number         0  pingpong.o ABSOLUTE
    src\\qdec.c                              0x00000000   Number         0  qdec.o ABSOLUTE
    src\\qdec\\qdec_timer.c                  0x00000000   Number         0  qdec_timer.o ABSOLUTE
    src\\spi\\spi_slave.c                    0x00000000   Number         0  spi_slave.o ABSOLUTE
    src\\test.c                              0x00000000   Number         0  test.o ABSOLUTE
    src\\timer\\r_timer.c                    0x00000000   Number         0  r_timer.o ABSOLUTE
    src\\timer_delay.c                       0x00000000   Number         0  timer_delay.o ABSOLUTE
    src\\uart.c                              0x00000000   Number         0  uart.o ABSOLUTE
    src\ano_protocol.c                       0x00000000   Number         0  ano_protocol.o ABSOLUTE
    src\audioadc\PDM.c                       0x00000000   Number         0  pdm.o ABSOLUTE
    src\debug_print.c                        0x00000000   Number         0  debug_print.o ABSOLUTE
    src\gpio.c                               0x00000000   Number         0  gpio.o ABSOLUTE
    src\iic\iic_slave.c                      0x00000000   Number         0  iic_slave.o ABSOLUTE
    src\keyscan_demo\keyscan_normal.c        0x00000000   Number         0  keyscan_normal.o ABSOLUTE
    src\main.c                               0x00000000   Number         0  main.o ABSOLUTE
    src\misc.c                               0x00000000   Number         0  misc.o ABSOLUTE
    src\pingpong.c                           0x00000000   Number         0  pingpong.o ABSOLUTE
    src\qdec.c                               0x00000000   Number         0  qdec.o ABSOLUTE
    src\qdec\qdec_timer.c                    0x00000000   Number         0  qdec_timer.o ABSOLUTE
    src\spi\spi_slave.c                      0x00000000   Number         0  spi_slave.o ABSOLUTE
    src\startup_ing920.s                     0x00000000   Number         0  startup_ing920.o ABSOLUTE
    src\test.c                               0x00000000   Number         0  test.o ABSOLUTE
    src\timer\r_timer.c                      0x00000000   Number         0  r_timer.o ABSOLUTE
    src\timer_delay.c                        0x00000000   Number         0  timer_delay.o ABSOLUTE
    src\uart.c                               0x00000000   Number         0  uart.o ABSOLUTE
    RESET                                    0x02002000   Section      212  startup_ing920.o(RESET)
    .ARM.Collect$$$$00000000                 0x020020d4   Section        0  entry.o(.ARM.Collect$$$$00000000)
    .ARM.Collect$$$$00000001                 0x020020d4   Section        4  entry2.o(.ARM.Collect$$$$00000001)
    .ARM.Collect$$$$00000004                 0x020020d8   Section        4  entry5.o(.ARM.Collect$$$$00000004)
    .ARM.Collect$$$$00000008                 0x020020dc   Section        0  entry7b.o(.ARM.Collect$$$$00000008)
    .ARM.Collect$$$$0000000A                 0x020020dc   Section        0  entry8b.o(.ARM.Collect$$$$0000000A)
    .ARM.Collect$$$$0000000B                 0x020020dc   Section        8  entry9a.o(.ARM.Collect$$$$0000000B)
    .ARM.Collect$$$$0000000E                 0x020020e4   Section        4  entry12b.o(.ARM.Collect$$$$0000000E)
    .ARM.Collect$$$$0000000F                 0x020020e8   Section        0  entry10a.o(.ARM.Collect$$$$0000000F)
    .ARM.Collect$$$$00000011                 0x020020e8   Section        0  entry11a.o(.ARM.Collect$$$$00000011)
    .ARM.Collect$$$$00002712                 0x020020e8   Section        4  entry2.o(.ARM.Collect$$$$00002712)
    __lit__00000000                          0x020020e8   Data           4  entry2.o(.ARM.Collect$$$$00002712)
    .text                                    0x020020ec   Section       28  startup_ing920.o(.text)
    .text                                    0x02002108   Section        0  uldiv.o(.text)
    .text                                    0x0200216a   Section        0  memcpya.o(.text)
    .text                                    0x0200218e   Section        0  memseta.o(.text)
    .text                                    0x020021b2   Section        0  strcpy.o(.text)
    .text                                    0x020021c4   Section        0  dadd.o(.text)
    .text                                    0x02002312   Section        0  ddiv.o(.text)
    .text                                    0x020023f0   Section        0  uidiv.o(.text)
    .text                                    0x0200241c   Section        0  llshl.o(.text)
    .text                                    0x0200243a   Section        0  llushr.o(.text)
    .text                                    0x0200245a   Section        0  llsshr.o(.text)
    .text                                    0x0200247e   Section        0  iusefp.o(.text)
    .text                                    0x0200247e   Section        0  depilogue.o(.text)
    .text                                    0x02002538   Section        0  dmul.o(.text)
    .text                                    0x0200261c   Section        0  dfixul.o(.text)
    .text                                    0x0200264c   Section       48  cdrcmple.o(.text)
    .text                                    0x0200267c   Section       36  init.o(.text)
    i.ASDM_GetFifoCount                      0x020026a0   Section        0  peripheral_asdm.o(i.ASDM_GetFifoCount)
    i.ASDM_GetOutData                        0x020026aa   Section        0  peripheral_asdm.o(i.ASDM_GetOutData)
    i.ASDM_IRQHandler                        0x020026b0   Section        0  pdm.o(i.ASDM_IRQHandler)
    i.ASDM_SetRegBit                         0x020026ec   Section        0  peripheral_asdm.o(i.ASDM_SetRegBit)
    ASDM_SetRegBit                           0x020026ed   Thumb Code    22  peripheral_asdm.o(i.ASDM_SetRegBit)
    i.DMA_ClearChannelIntState               0x02002704   Section        0  peripheral_dma.o(i.DMA_ClearChannelIntState)
    i.DMA_EnableChannel                      0x0200274c   Section        0  peripheral_dma.o(i.DMA_EnableChannel)
    i.DMA_GetChannelIntState                 0x02002788   Section        0  peripheral_dma.o(i.DMA_GetChannelIntState)
    i.DMA_IRQHandler                         0x020027b8   Section        0  pdm.o(i.DMA_IRQHandler)
    i.GIO_ClearIntStatus                     0x020027e4   Section        0  peripheral_gpio.o(i.GIO_ClearIntStatus)
    i.GIO_GetIntStatus                       0x02002814   Section        0  peripheral_gpio.o(i.GIO_GetIntStatus)
    i.GPIO0_IRQHandler                       0x02002844   Section        0  gpio.o(i.GPIO0_IRQHandler)
    i.HardFault_Handler                      0x02002874   Section        0  main.o(i.HardFault_Handler)
    i.I2C0_IRQHandler                        0x02002878   Section        0  iic_slave.o(i.I2C0_IRQHandler)
    i.I2C_ClearIntState                      0x020028fc   Section        0  peripheral_i2c.o(i.I2C_ClearIntState)
    i.I2C_Config                             0x02002908   Section        0  peripheral_i2c.o(i.I2C_Config)
    i.I2C_ConfigClkFrequency                 0x02002932   Section        0  peripheral_i2c.o(i.I2C_ConfigClkFrequency)
    i.I2C_ConfigSCLTiming                    0x0200299a   Section        0  peripheral_i2c.o(i.I2C_ConfigSCLTiming)
    i.I2C_DataRead                           0x020029d4   Section        0  peripheral_i2c.o(i.I2C_DataRead)
    i.I2C_Enable                             0x020029dc   Section        0  peripheral_i2c.o(i.I2C_Enable)
    i.I2C_FifoEmpty                          0x020029f2   Section        0  peripheral_i2c.o(i.I2C_FifoEmpty)
    i.I2C_GetIntState                        0x020029fc   Section        0  peripheral_i2c.o(i.I2C_GetIntState)
    i.I2C_IntEnable                          0x02002a06   Section        0  peripheral_i2c.o(i.I2C_IntEnable)
    i.I2S_ClearIntState                      0x02002a12   Section        0  peripheral_i2s.o(i.I2S_ClearIntState)
    i.I2S_GetIntState                        0x02002a16   Section        0  peripheral_i2s.o(i.I2S_GetIntState)
    i.I2S_GetRxFIFOCount                     0x02002a20   Section        0  peripheral_i2s.o(i.I2S_GetRxFIFOCount)
    i.I2S_IRQHandler                         0x02002a2c   Section        0  i2s_master.o(i.I2S_IRQHandler)
    i.I2S_PopRxFIFO                          0x02002a7c   Section        0  peripheral_i2s.o(i.I2S_PopRxFIFO)
    i.KEYSCAN_GetIntStateFifoEmptyRaw        0x02002a84   Section        0  peripheral_keyscan.o(i.KEYSCAN_GetIntStateFifoEmptyRaw)
    i.KEYSCAN_GetKeyData                     0x02002aa0   Section        0  peripheral_keyscan.o(i.KEYSCAN_GetKeyData)
    i.KEYSCAN_LoopIntClr                     0x02002abc   Section        0  peripheral_keyscan.o(i.KEYSCAN_LoopIntClr)
    i.KEYSCAN_reg_read_bits                  0x02002ad8   Section        0  peripheral_keyscan.o(i.KEYSCAN_reg_read_bits)
    KEYSCAN_reg_read_bits                    0x02002ad9   Thumb Code    24  peripheral_keyscan.o(i.KEYSCAN_reg_read_bits)
    i.KEYSCAN_reg_write_bits                 0x02002af0   Section        0  peripheral_keyscan.o(i.KEYSCAN_reg_write_bits)
    KEYSCAN_reg_write_bits                   0x02002af1   Thumb Code    34  peripheral_keyscan.o(i.KEYSCAN_reg_write_bits)
    i.KeyScan_IRQHandler                     0x02002b14   Section        0  keyscan_normal.o(i.KeyScan_IRQHandler)
    i.NVIC_Configuration                     0x02002b5c   Section        0  iic_slave.o(i.NVIC_Configuration)
    NVIC_Configuration                       0x02002b5d   Thumb Code    34  iic_slave.o(i.NVIC_Configuration)
    i.NVIC_Init                              0x02002b80   Section        0  misc.o(i.NVIC_Init)
    i.PCAP_ReadData                          0x02002bf0   Section        0  peripheral_pwm.o(i.PCAP_ReadData)
    i.PDM_Enable                             0x02002c00   Section        0  peripheral_asdm.o(i.PDM_Enable)
    i.PINCTRL_Pull                           0x02002c1c   Section        0  peripheral_pinctrl.o(i.PINCTRL_Pull)
    i.PINCTRL_SelI2cIn                       0x02002c74   Section        0  peripheral_pinctrl.o(i.PINCTRL_SelI2cIn)
    i.PINCTRL_SelInput                       0x02002cd8   Section        0  peripheral_pinctrl.o(i.PINCTRL_SelInput)
    PINCTRL_SelInput                         0x02002cd9   Thumb Code    86  peripheral_pinctrl.o(i.PINCTRL_SelInput)
    i.PINCTRL_SelUartRxdIn                   0x02002d34   Section        0  peripheral_pinctrl.o(i.PINCTRL_SelUartRxdIn)
    i.PINCTRL_SetPadMux                      0x02002d6c   Section        0  peripheral_pinctrl.o(i.PINCTRL_SetPadMux)
    i.PWM0_IRQHandler                        0x02002e48   Section        0  pwm.o(i.PWM0_IRQHandler)
    i.PWM_GetFifoStatus                      0x02002e9c   Section        0  peripheral_pwm.o(i.PWM_GetFifoStatus)
    i.QDEC0_IRQHandler                       0x02002eac   Section        0  qdec_timer.o(i.QDEC0_IRQHandler)
    i.QDEC1_IRQHandler                       0x0200305c   Section        0  qdec_timer.o(i.QDEC1_IRQHandler)
    i.QDEC2_IRQHandler                       0x0200320c   Section        0  qdec_timer.o(i.QDEC2_IRQHandler)
    i.QDEC_GetChxIntStateClr                 0x020033bc   Section        0  peripheral_qdec.o(i.QDEC_GetChxIntStateClr)
    i.QSPI_IRQHandler                        0x020033cc   Section        0  spi_slave.o(i.QSPI_IRQHandler)
    i.RCMFDTRIM_IRQHandler                   0x020033d8   Section        0  r_timer.o(i.RCMFDTRIM_IRQHandler)
    i.RTMR_IntClr                            0x02003408   Section        0  peripheral_timer.o(i.RTMR_IntClr)
    i.RTMR_IntHappened                       0x02003412   Section        0  peripheral_timer.o(i.RTMR_IntHappened)
    i.SEGGER_RTT_Init                        0x0200341c   Section        0  segger_rtt.o(i.SEGGER_RTT_Init)
    i.SEGGER_RTT_Write                       0x02003424   Section        0  segger_rtt.o(i.SEGGER_RTT_Write)
    i.SEGGER_RTT_WriteNoLock                 0x0200346c   Section        0  segger_rtt.o(i.SEGGER_RTT_WriteNoLock)
    i.SEGGER_RTT_printf                      0x020034f0   Section        0  segger_rtt_printf.o(i.SEGGER_RTT_printf)
    i.SEGGER_RTT_vprintf                     0x02003512   Section        0  segger_rtt_printf.o(i.SEGGER_RTT_vprintf)
    i.SYSCTRL_ClearClkGate                   0x0200371c   Section        0  peripheral_sysctrl.o(i.SYSCTRL_ClearClkGate)
    i.SYSCTRL_ClearClkGateMulti              0x0200372a   Section        0  peripheral_sysctrl.o(i.SYSCTRL_ClearClkGateMulti)
    i.SYSCTRL_ClkGateCtrl                    0x0200374c   Section        0  peripheral_sysctrl.o(i.SYSCTRL_ClkGateCtrl)
    SYSCTRL_ClkGateCtrl                      0x0200374d   Thumb Code   528  peripheral_sysctrl.o(i.SYSCTRL_ClkGateCtrl)
    i.SYSCTRL_DelayCycles                    0x02003960   Section        0  peripheral_sysctrl.o(i.SYSCTRL_DelayCycles)
    i.SYSCTRL_GetHClk                        0x0200399c   Section        0  peripheral_sysctrl.o(i.SYSCTRL_GetHClk)
    i.SYSCTRL_GetPLLClk                      0x020039cc   Section        0  peripheral_sysctrl.o(i.SYSCTRL_GetPLLClk)
    i.SYSCTRL_GetSlowClk                     0x02003a0c   Section        0  peripheral_sysctrl.o(i.SYSCTRL_GetSlowClk)
    i.SysTick_Handler                        0x02003a28   Section        0  timer_delay.o(i.SysTick_Handler)
    i.TIMER0_IRQHandler                      0x02003a38   Section        0  pte_lib_timer.o(i.TIMER0_IRQHandler)
    i.TIMER1_IRQHandler                      0x02003a68   Section        0  pte_lib_timer.o(i.TIMER1_IRQHandler)
    i.TMR_Enable                             0x02003a90   Section        0  peripheral_timer.o(i.TMR_Enable)
    i.TMR_IntClr                             0x02003aae   Section        0  peripheral_timer.o(i.TMR_IntClr)
    i.UART0_IRQHandler                       0x02003abc   Section        0  uart.o(i.UART0_IRQHandler)
    i.UART_SendData                          0x02003ac4   Section        0  peripheral_uart.o(i.UART_SendData)
    i._DoInit                                0x02003ac8   Section        0  segger_rtt.o(i._DoInit)
    _DoInit                                  0x02003ac9   Thumb Code    74  segger_rtt.o(i._DoInit)
    i._GetAvailWriteSpace                    0x02003b38   Section        0  segger_rtt.o(i._GetAvailWriteSpace)
    _GetAvailWriteSpace                      0x02003b39   Thumb Code    28  segger_rtt.o(i._GetAvailWriteSpace)
    i._PrintInt                              0x02003b54   Section        0  segger_rtt_printf.o(i._PrintInt)
    _PrintInt                                0x02003b55   Thumb Code   236  segger_rtt_printf.o(i._PrintInt)
    i._PrintUnsigned                         0x02003c40   Section        0  segger_rtt_printf.o(i._PrintUnsigned)
    _PrintUnsigned                           0x02003c41   Thumb Code   230  segger_rtt_printf.o(i._PrintUnsigned)
    i._StoreChar                             0x02003d2c   Section        0  segger_rtt_printf.o(i._StoreChar)
    _StoreChar                               0x02003d2d   Thumb Code    68  segger_rtt_printf.o(i._StoreChar)
    i._WriteBlocking                         0x02003d70   Section        0  segger_rtt.o(i._WriteBlocking)
    _WriteBlocking                           0x02003d71   Thumb Code   114  segger_rtt.o(i._WriteBlocking)
    i._WriteNoCheck                          0x02003de2   Section        0  segger_rtt.o(i._WriteNoCheck)
    _WriteNoCheck                            0x02003de3   Thumb Code    76  segger_rtt.o(i._WriteNoCheck)
    i.__0vsnprintf                           0x02003e30   Section        0  printfa.o(i.__0vsnprintf)
    i.__scatterload_copy                     0x02003e64   Section       14  handlers.o(i.__scatterload_copy)
    i.__scatterload_null                     0x02003e72   Section        2  handlers.o(i.__scatterload_null)
    i.__scatterload_zeroinit                 0x02003e74   Section       14  handlers.o(i.__scatterload_zeroinit)
    i._fp_digits                             0x02003e84   Section        0  printfa.o(i._fp_digits)
    _fp_digits                               0x02003e85   Thumb Code   366  printfa.o(i._fp_digits)
    i._printf_core                           0x02004008   Section        0  printfa.o(i._printf_core)
    _printf_core                             0x02004009   Thumb Code  1704  printfa.o(i._printf_core)
    i._printf_post_padding                   0x020046bc   Section        0  printfa.o(i._printf_post_padding)
    _printf_post_padding                     0x020046bd   Thumb Code    36  printfa.o(i._printf_post_padding)
    i._printf_pre_padding                    0x020046e0   Section        0  printfa.o(i._printf_pre_padding)
    _printf_pre_padding                      0x020046e1   Thumb Code    46  printfa.o(i._printf_pre_padding)
    i._snputc                                0x0200470e   Section        0  printfa.o(i._snputc)
    _snputc                                  0x0200470f   Thumb Code    22  printfa.o(i._snputc)
    i.apSSP_ClearIntStatus                   0x02004724   Section        0  peripheral_ssp.o(i.apSSP_ClearIntStatus)
    i.apSSP_GetDataNumInRxFifo               0x0200472c   Section        0  peripheral_ssp.o(i.apSSP_GetDataNumInRxFifo)
    i.apSSP_GetIntRawStatus                  0x02004740   Section        0  peripheral_ssp.o(i.apSSP_GetIntRawStatus)
    i.apSSP_ReadFIFO                         0x02004746   Section        0  peripheral_ssp.o(i.apSSP_ReadFIFO)
    i.apSSP_RxFifoEmpty                      0x0200474c   Section        0  peripheral_ssp.o(i.apSSP_RxFifoEmpty)
    i.apSSP_TxFifoFull                       0x02004756   Section        0  peripheral_ssp.o(i.apSSP_TxFifoFull)
    i.apSSP_WriteFIFO                        0x02004760   Section        0  peripheral_ssp.o(i.apSSP_WriteFIFO)
    i.apUART_BaudRateSet                     0x02004764   Section        0  peripheral_uart.o(i.apUART_BaudRateSet)
    i.apUART_Check_RXFIFO_EMPTY              0x020047a6   Section        0  peripheral_uart.o(i.apUART_Check_RXFIFO_EMPTY)
    i.apUART_Check_TXFIFO_EMPTY              0x020047b0   Section        0  peripheral_uart.o(i.apUART_Check_TXFIFO_EMPTY)
    i.apUART_Get_all_raw_int_stat            0x020047ba   Section        0  peripheral_uart.o(i.apUART_Get_all_raw_int_stat)
    i.apUART_Initialize                      0x020047c0   Section        0  peripheral_uart.o(i.apUART_Initialize)
    i.config_uart                            0x0200483c   Section        0  uart.o(i.config_uart)
    i.debug_hex                              0x02004894   Section        0  debug_print.o(i.debug_hex)
    i.debug_uart                             0x020048a4   Section        0  debug_print.o(i.debug_uart)
    i.get_safe_divider                       0x020048d8   Section        0  peripheral_sysctrl.o(i.get_safe_divider)
    get_safe_divider                         0x020048d9   Thumb Code    26  peripheral_sysctrl.o(i.get_safe_divider)
    i.i2c_test                               0x020048f2   Section        0  iic_slave.o(i.i2c_test)
    i.key_scan_check                         0x02004904   Section        0  keyscan_normal.o(i.key_scan_check)
    i.main                                   0x02004974   Section        0  main.o(i.main)
    i.peripherals_spi_isr                    0x02004a50   Section        0  spi_slave.o(i.peripherals_spi_isr)
    peripherals_spi_isr                      0x02004a51   Thumb Code   164  spi_slave.o(i.peripherals_spi_isr)
    i.pin_id_for_input_source                0x02004b4c   Section        0  peripheral_pinctrl.o(i.pin_id_for_input_source)
    pin_id_for_input_source                  0x02004b4d   Thumb Code    86  peripheral_pinctrl.o(i.pin_id_for_input_source)
    i.set_reg_bit                            0x02004ba8   Section        0  peripheral_sysctrl.o(i.set_reg_bit)
    set_reg_bit                              0x02004ba9   Thumb Code    22  peripheral_sysctrl.o(i.set_reg_bit)
    i.set_reg_bits                           0x02004bbe   Section        0  peripheral_pinctrl.o(i.set_reg_bits)
    set_reg_bits                             0x02004bbf   Thumb Code    30  peripheral_pinctrl.o(i.set_reg_bits)
    i.setup_peripherals_i2c_module           0x02004bdc   Section        0  iic_slave.o(i.setup_peripherals_i2c_module)
    i.setup_peripherals_i2c_pin              0x02004c0c   Section        0  iic_slave.o(i.setup_peripherals_i2c_pin)
    i.source_id_on_pin                       0x02004c24   Section        0  peripheral_pinctrl.o(i.source_id_on_pin)
    source_id_on_pin                         0x02004c25   Thumb Code    96  peripheral_pinctrl.o(i.source_id_on_pin)
    i.uart_init_board                        0x02004c88   Section        0  uart.o(i.uart_init_board)
    i.uart_int_fifo_callback                 0x02004cb8   Section        0  uart.o(i.uart_int_fifo_callback)
    uart_int_fifo_callback                   0x02004cb9   Thumb Code   152  uart.o(i.uart_int_fifo_callback)
    i.uart_send_test                         0x02004d80   Section        0  uart.o(i.uart_send_test)
    i.write_uart_buffer                      0x02004dac   Section        0  debug_print.o(i.write_uart_buffer)
    .constdata                               0x02004dbc   Section       16  segger_rtt_printf.o(.constdata)
    _aV2C                                    0x02004dbc   Data          16  segger_rtt_printf.o(.constdata)
    .constdata                               0x02004dcc   Section      960  peripheral_pinctrl.o(.constdata)
    source_tab                               0x02005114   Data          12  peripheral_pinctrl.o(.constdata)
    reg_tab                                  0x02005120   Data          12  peripheral_pinctrl.o(.constdata)
    bit_offset_tab                           0x0200512c   Data          12  peripheral_pinctrl.o(.constdata)
    source_tab                               0x02005138   Data          12  peripheral_pinctrl.o(.constdata)
    settings                                 0x02005144   Data          72  peripheral_pinctrl.o(.constdata)
    .data                                    0x20000000   Section        4  timer_delay.o(.data)
    .data                                    0x20000004   Section       37  uart.o(.data)
    index_uart                               0x20000024   Data           4  uart.o(.data)
    .data                                    0x2000002c   Section       50  keyscan_normal.o(.data)
    keyscan_set                              0x2000003c   Data          32  keyscan_normal.o(.data)
    num                                      0x2000005c   Data           2  keyscan_normal.o(.data)
    .data                                    0x2000005e   Section        4  pdm.o(.data)
    .data                                    0x20000062   Section        8  spi_slave.o(.data)
    .bss                                     0x2000006c   Section     1112  segger_rtt.o(.bss)
    _acUpBuffer                              0x200000b4   Data        1024  segger_rtt.o(.bss)
    _acDownBuffer                            0x200004b4   Data          16  segger_rtt.o(.bss)
    .bss                                     0x200004c8   Section      284  uart.o(.bss)
    dst                                      0x200004e4   Data         256  uart.o(.bss)
    .bss                                     0x200005e4   Section       50  keyscan_normal.o(.bss)
    key_ctx                                  0x200005e4   Data          30  keyscan_normal.o(.bss)
    key_vale                                 0x20000602   Data          20  keyscan_normal.o(.bss)
    .bss                                     0x20000618   Section     4124  pdm.o(.bss)
    STACK                                    0x20001638   Section     1024  startup_ing920.o(STACK)

    Global Symbols

    Symbol Name                              Value     Ov Type        Size  Object(Section)

    BuildAttributes$$THM_ISAv4$P$D$K$B$S$PE$A:L22UL41UL21$X:L11$S22US41US21$IEEE1$IW$USESV6$~STKCKD$USESV7$~SHL$OTIME$ROPI$EBA8$MICROLIB$REQ8$PRES8$EABIv2 0x00000000   Number         0  anon$$obj.o ABSOLUTE
    __ARM_use_no_argv                        0x00000000   Number         0  main.o ABSOLUTE
    __arm_fini_                               - Undefined Weak Reference
    __cpp_initialize__aeabi_                  - Undefined Weak Reference
    __cxa_finalize                            - Undefined Weak Reference
    __decompress                              - Undefined Weak Reference
    _clock_init                               - Undefined Weak Reference
    _microlib_exit                            - Undefined Weak Reference
    __Vectors                                0x02002000   Data           4  startup_ing920.o(RESET)
    __main                                   0x020020d5   Thumb Code     0  entry.o(.ARM.Collect$$$$00000000)
    _main_stk                                0x020020d5   Thumb Code     0  entry2.o(.ARM.Collect$$$$00000001)
    _main_scatterload                        0x020020d9   Thumb Code     0  entry5.o(.ARM.Collect$$$$00000004)
    __main_after_scatterload                 0x020020dd   Thumb Code     0  entry5.o(.ARM.Collect$$$$00000004)
    _main_clock                              0x020020dd   Thumb Code     0  entry7b.o(.ARM.Collect$$$$00000008)
    _main_cpp_init                           0x020020dd   Thumb Code     0  entry8b.o(.ARM.Collect$$$$0000000A)
    _main_init                               0x020020dd   Thumb Code     0  entry9a.o(.ARM.Collect$$$$0000000B)
    __rt_lib_shutdown_fini                   0x020020e5   Thumb Code     0  entry12b.o(.ARM.Collect$$$$0000000E)
    __rt_final_cpp                           0x020020e9   Thumb Code     0  entry10a.o(.ARM.Collect$$$$0000000F)
    __rt_final_exit                          0x020020e9   Thumb Code     0  entry11a.o(.ARM.Collect$$$$00000011)
    Reset_Handler                            0x020020ed   Thumb Code     4  startup_ing920.o(.text)
    NMI_Handler                              0x020020f1   Thumb Code     2  startup_ing920.o(.text)
    MemManage_Handler                        0x020020f5   Thumb Code     2  startup_ing920.o(.text)
    BusFault_Handler                         0x020020f7   Thumb Code     2  startup_ing920.o(.text)
    UsageFault_Handler                       0x020020f9   Thumb Code     2  startup_ing920.o(.text)
    SVC_Handler                              0x020020fb   Thumb Code     2  startup_ing920.o(.text)
    DebugMon_Handler                         0x020020fd   Thumb Code     2  startup_ing920.o(.text)
    PendSV_Handler                           0x020020ff   Thumb Code     2  startup_ing920.o(.text)
    ACTCNT32K_IRQHandler                     0x02002103   Thumb Code     0  startup_ing920.o(.text)
    APBSPI_IRQHandler                        0x02002103   Thumb Code     0  startup_ing920.o(.text)
    CacheI_IRQHandler                        0x02002103   Thumb Code     0  startup_ing920.o(.text)
    GPIO1_IRQHandler                         0x02002103   Thumb Code     0  startup_ing920.o(.text)
    LLEAES_IRQHandler                        0x02002103   Thumb Code     0  startup_ing920.o(.text)
    LLEERR_IRQHandler                        0x02002103   Thumb Code     0  startup_ing920.o(.text)
    LLEFUN_IRQHandler                        0x02002103   Thumb Code     0  startup_ing920.o(.text)
    PMUPDR_IRQHandler                        0x02002103   Thumb Code     0  startup_ing920.o(.text)
    PMUPVD_IRQHandler                        0x02002103   Thumb Code     0  startup_ing920.o(.text)
    POW_CS_IRQHandler                        0x02002103   Thumb Code     0  startup_ing920.o(.text)
    PWM1_IRQHandler                          0x02002103   Thumb Code     0  startup_ing920.o(.text)
    PWM2_IRQHandler                          0x02002103   Thumb Code     0  startup_ing920.o(.text)
    SADC_IRQHandler                          0x02002103   Thumb Code     0  startup_ing920.o(.text)
    SPIFlash_IRQHandler                      0x02002103   Thumb Code     0  startup_ing920.o(.text)
    TBCU_IRQHandler                          0x02002103   Thumb Code     0  startup_ing920.o(.text)
    TRNG_IRQHandler                          0x02002103   Thumb Code     0  startup_ing920.o(.text)
    UART1_IRQHandler                         0x02002103   Thumb Code     0  startup_ing920.o(.text)
    USB_IRQHandler                           0x02002103   Thumb Code     0  startup_ing920.o(.text)
    WDT_IRQHandler                           0x02002103   Thumb Code     0  startup_ing920.o(.text)
    XOREADY_IRQHandler                       0x02002103   Thumb Code     0  startup_ing920.o(.text)
    __aeabi_uldivmod                         0x02002109   Thumb Code    98  uldiv.o(.text)
    __aeabi_memcpy                           0x0200216b   Thumb Code    36  memcpya.o(.text)
    __aeabi_memcpy4                          0x0200216b   Thumb Code     0  memcpya.o(.text)
    __aeabi_memcpy8                          0x0200216b   Thumb Code     0  memcpya.o(.text)
    __aeabi_memset                           0x0200218f   Thumb Code    14  memseta.o(.text)
    __aeabi_memset4                          0x0200218f   Thumb Code     0  memseta.o(.text)
    __aeabi_memset8                          0x0200218f   Thumb Code     0  memseta.o(.text)
    __aeabi_memclr                           0x0200219d   Thumb Code     4  memseta.o(.text)
    __aeabi_memclr4                          0x0200219d   Thumb Code     0  memseta.o(.text)
    __aeabi_memclr8                          0x0200219d   Thumb Code     0  memseta.o(.text)
    _memset$wrapper                          0x020021a1   Thumb Code    18  memseta.o(.text)
    strcpy                                   0x020021b3   Thumb Code    18  strcpy.o(.text)
    __aeabi_dadd                             0x020021c5   Thumb Code   322  dadd.o(.text)
    __aeabi_dsub                             0x02002307   Thumb Code     6  dadd.o(.text)
    __aeabi_drsub                            0x0200230d   Thumb Code     6  dadd.o(.text)
    __aeabi_ddiv                             0x02002313   Thumb Code   222  ddiv.o(.text)
    __aeabi_uidiv                            0x020023f1   Thumb Code     0  uidiv.o(.text)
    __aeabi_uidivmod                         0x020023f1   Thumb Code    44  uidiv.o(.text)
    __aeabi_llsl                             0x0200241d   Thumb Code    30  llshl.o(.text)
    _ll_shift_l                              0x0200241d   Thumb Code     0  llshl.o(.text)
    __aeabi_llsr                             0x0200243b   Thumb Code    32  llushr.o(.text)
    _ll_ushift_r                             0x0200243b   Thumb Code     0  llushr.o(.text)
    __aeabi_lasr                             0x0200245b   Thumb Code    36  llsshr.o(.text)
    _ll_sshift_r                             0x0200245b   Thumb Code     0  llsshr.o(.text)
    __I$use$fp                               0x0200247f   Thumb Code     0  iusefp.o(.text)
    _double_round                            0x0200247f   Thumb Code    30  depilogue.o(.text)
    _double_epilogue                         0x0200249d   Thumb Code   156  depilogue.o(.text)
    __aeabi_dmul                             0x02002539   Thumb Code   228  dmul.o(.text)
    __aeabi_d2ulz                            0x0200261d   Thumb Code    48  dfixul.o(.text)
    __aeabi_cdrcmple                         0x0200264d   Thumb Code    48  cdrcmple.o(.text)
    __scatterload                            0x0200267d   Thumb Code    28  init.o(.text)
    __scatterload_rt2                        0x0200267d   Thumb Code     0  init.o(.text)
    ASDM_GetFifoCount                        0x020026a1   Thumb Code    10  peripheral_asdm.o(i.ASDM_GetFifoCount)
    ASDM_GetOutData                          0x020026ab   Thumb Code     6  peripheral_asdm.o(i.ASDM_GetOutData)
    ASDM_IRQHandler                          0x020026b1   Thumb Code    54  pdm.o(i.ASDM_IRQHandler)
    DMA_ClearChannelIntState                 0x02002705   Thumb Code    68  peripheral_dma.o(i.DMA_ClearChannelIntState)
    DMA_EnableChannel                        0x0200274d   Thumb Code    54  peripheral_dma.o(i.DMA_EnableChannel)
    DMA_GetChannelIntState                   0x02002789   Thumb Code    42  peripheral_dma.o(i.DMA_GetChannelIntState)
    DMA_IRQHandler                           0x020027b9   Thumb Code    34  pdm.o(i.DMA_IRQHandler)
    GIO_ClearIntStatus                       0x020027e5   Thumb Code    40  peripheral_gpio.o(i.GIO_ClearIntStatus)
    GIO_GetIntStatus                         0x02002815   Thumb Code    38  peripheral_gpio.o(i.GIO_GetIntStatus)
    GPIO0_IRQHandler                         0x02002845   Thumb Code    26  gpio.o(i.GPIO0_IRQHandler)
    HardFault_Handler                        0x02002875   Thumb Code     4  main.o(i.HardFault_Handler)
    I2C0_IRQHandler                          0x02002879   Thumb Code   106  iic_slave.o(i.I2C0_IRQHandler)
    I2C_ClearIntState                        0x020028fd   Thumb Code    12  peripheral_i2c.o(i.I2C_ClearIntState)
    I2C_Config                               0x02002909   Thumb Code    42  peripheral_i2c.o(i.I2C_Config)
    I2C_ConfigClkFrequency                   0x02002933   Thumb Code   104  peripheral_i2c.o(i.I2C_ConfigClkFrequency)
    I2C_ConfigSCLTiming                      0x0200299b   Thumb Code    58  peripheral_i2c.o(i.I2C_ConfigSCLTiming)
    I2C_DataRead                             0x020029d5   Thumb Code     8  peripheral_i2c.o(i.I2C_DataRead)
    I2C_Enable                               0x020029dd   Thumb Code    22  peripheral_i2c.o(i.I2C_Enable)
    I2C_FifoEmpty                            0x020029f3   Thumb Code    10  peripheral_i2c.o(i.I2C_FifoEmpty)
    I2C_GetIntState                          0x020029fd   Thumb Code    10  peripheral_i2c.o(i.I2C_GetIntState)
    I2C_IntEnable                            0x02002a07   Thumb Code    12  peripheral_i2c.o(i.I2C_IntEnable)
    I2S_ClearIntState                        0x02002a13   Thumb Code     4  peripheral_i2s.o(i.I2S_ClearIntState)
    I2S_GetIntState                          0x02002a17   Thumb Code    10  peripheral_i2s.o(i.I2S_GetIntState)
    I2S_GetRxFIFOCount                       0x02002a21   Thumb Code    10  peripheral_i2s.o(i.I2S_GetRxFIFOCount)
    I2S_IRQHandler                           0x02002a2d   Thumb Code    62  i2s_master.o(i.I2S_IRQHandler)
    I2S_PopRxFIFO                            0x02002a7d   Thumb Code     6  peripheral_i2s.o(i.I2S_PopRxFIFO)
    KEYSCAN_GetIntStateFifoEmptyRaw          0x02002a85   Thumb Code    22  peripheral_keyscan.o(i.KEYSCAN_GetIntStateFifoEmptyRaw)
    KEYSCAN_GetKeyData                       0x02002aa1   Thumb Code    22  peripheral_keyscan.o(i.KEYSCAN_GetKeyData)
    KEYSCAN_LoopIntClr                       0x02002abd   Thumb Code    22  peripheral_keyscan.o(i.KEYSCAN_LoopIntClr)
    KeyScan_IRQHandler                       0x02002b15   Thumb Code    46  keyscan_normal.o(i.KeyScan_IRQHandler)
    NVIC_Init                                0x02002b81   Thumb Code   100  misc.o(i.NVIC_Init)
    PCAP_ReadData                            0x02002bf1   Thumb Code    12  peripheral_pwm.o(i.PCAP_ReadData)
    PDM_Enable                               0x02002c01   Thumb Code    28  peripheral_asdm.o(i.PDM_Enable)
    PINCTRL_Pull                             0x02002c1d   Thumb Code    82  peripheral_pinctrl.o(i.PINCTRL_Pull)
    PINCTRL_SelI2cIn                         0x02002c75   Thumb Code   100  peripheral_pinctrl.o(i.PINCTRL_SelI2cIn)
    PINCTRL_SelUartRxdIn                     0x02002d35   Thumb Code    56  peripheral_pinctrl.o(i.PINCTRL_SelUartRxdIn)
    PINCTRL_SetPadMux                        0x02002d6d   Thumb Code   214  peripheral_pinctrl.o(i.PINCTRL_SetPadMux)
    PWM0_IRQHandler                          0x02002e49   Thumb Code    52  pwm.o(i.PWM0_IRQHandler)
    PWM_GetFifoStatus                        0x02002e9d   Thumb Code    12  peripheral_pwm.o(i.PWM_GetFifoStatus)
    QDEC0_IRQHandler                         0x02002ead   Thumb Code   152  qdec_timer.o(i.QDEC0_IRQHandler)
    QDEC1_IRQHandler                         0x0200305d   Thumb Code   152  qdec_timer.o(i.QDEC1_IRQHandler)
    QDEC2_IRQHandler                         0x0200320d   Thumb Code   152  qdec_timer.o(i.QDEC2_IRQHandler)
    QDEC_GetChxIntStateClr                   0x020033bd   Thumb Code    12  peripheral_qdec.o(i.QDEC_GetChxIntStateClr)
    QSPI_IRQHandler                          0x020033cd   Thumb Code    10  spi_slave.o(i.QSPI_IRQHandler)
    RCMFDTRIM_IRQHandler                     0x020033d9   Thumb Code    26  r_timer.o(i.RCMFDTRIM_IRQHandler)
    RTMR_IntClr                              0x02003409   Thumb Code    10  peripheral_timer.o(i.RTMR_IntClr)
    RTMR_IntHappened                         0x02003413   Thumb Code    10  peripheral_timer.o(i.RTMR_IntHappened)
    SEGGER_RTT_Init                          0x0200341d   Thumb Code     8  segger_rtt.o(i.SEGGER_RTT_Init)
    SEGGER_RTT_Write                         0x02003425   Thumb Code    68  segger_rtt.o(i.SEGGER_RTT_Write)
    SEGGER_RTT_WriteNoLock                   0x0200346d   Thumb Code   126  segger_rtt.o(i.SEGGER_RTT_WriteNoLock)
    SEGGER_RTT_printf                        0x020034f1   Thumb Code    34  segger_rtt_printf.o(i.SEGGER_RTT_printf)
    SEGGER_RTT_vprintf                       0x02003513   Thumb Code   522  segger_rtt_printf.o(i.SEGGER_RTT_vprintf)
    SYSCTRL_ClearClkGate                     0x0200371d   Thumb Code    14  peripheral_sysctrl.o(i.SYSCTRL_ClearClkGate)
    SYSCTRL_ClearClkGateMulti                0x0200372b   Thumb Code    32  peripheral_sysctrl.o(i.SYSCTRL_ClearClkGateMulti)
    SYSCTRL_DelayCycles                      0x02003961   Thumb Code    60  peripheral_sysctrl.o(i.SYSCTRL_DelayCycles)
    SYSCTRL_GetHClk                          0x0200399d   Thumb Code    42  peripheral_sysctrl.o(i.SYSCTRL_GetHClk)
    SYSCTRL_GetPLLClk                        0x020039cd   Thumb Code    58  peripheral_sysctrl.o(i.SYSCTRL_GetPLLClk)
    SYSCTRL_GetSlowClk                       0x02003a0d   Thumb Code    18  peripheral_sysctrl.o(i.SYSCTRL_GetSlowClk)
    SysTick_Handler                          0x02003a29   Thumb Code    12  timer_delay.o(i.SysTick_Handler)
    TIMER0_IRQHandler                        0x02003a39   Thumb Code    32  pte_lib_timer.o(i.TIMER0_IRQHandler)
    TIMER1_IRQHandler                        0x02003a69   Thumb Code    22  pte_lib_timer.o(i.TIMER1_IRQHandler)
    TMR_Enable                               0x02003a91   Thumb Code    30  peripheral_timer.o(i.TMR_Enable)
    TMR_IntClr                               0x02003aaf   Thumb Code    14  peripheral_timer.o(i.TMR_IntClr)
    UART0_IRQHandler                         0x02003abd   Thumb Code     8  uart.o(i.UART0_IRQHandler)
    UART_SendData                            0x02003ac5   Thumb Code     4  peripheral_uart.o(i.UART_SendData)
    __0vsnprintf                             0x02003e31   Thumb Code    46  printfa.o(i.__0vsnprintf)
    __1vsnprintf                             0x02003e31   Thumb Code     0  printfa.o(i.__0vsnprintf)
    __2vsnprintf                             0x02003e31   Thumb Code     0  printfa.o(i.__0vsnprintf)
    __c89vsnprintf                           0x02003e31   Thumb Code     0  printfa.o(i.__0vsnprintf)
    vsnprintf                                0x02003e31   Thumb Code     0  printfa.o(i.__0vsnprintf)
    __scatterload_copy                       0x02003e65   Thumb Code    14  handlers.o(i.__scatterload_copy)
    __scatterload_null                       0x02003e73   Thumb Code     2  handlers.o(i.__scatterload_null)
    __scatterload_zeroinit                   0x02003e75   Thumb Code    14  handlers.o(i.__scatterload_zeroinit)
    apSSP_ClearIntStatus                     0x02004725   Thumb Code     8  peripheral_ssp.o(i.apSSP_ClearIntStatus)
    apSSP_GetDataNumInRxFifo                 0x0200472d   Thumb Code    20  peripheral_ssp.o(i.apSSP_GetDataNumInRxFifo)
    apSSP_GetIntRawStatus                    0x02004741   Thumb Code     6  peripheral_ssp.o(i.apSSP_GetIntRawStatus)
    apSSP_ReadFIFO                           0x02004747   Thumb Code     6  peripheral_ssp.o(i.apSSP_ReadFIFO)
    apSSP_RxFifoEmpty                        0x0200474d   Thumb Code    10  peripheral_ssp.o(i.apSSP_RxFifoEmpty)
    apSSP_TxFifoFull                         0x02004757   Thumb Code    10  peripheral_ssp.o(i.apSSP_TxFifoFull)
    apSSP_WriteFIFO                          0x02004761   Thumb Code     4  peripheral_ssp.o(i.apSSP_WriteFIFO)
    apUART_BaudRateSet                       0x02004765   Thumb Code    66  peripheral_uart.o(i.apUART_BaudRateSet)
    apUART_Check_RXFIFO_EMPTY                0x020047a7   Thumb Code    10  peripheral_uart.o(i.apUART_Check_RXFIFO_EMPTY)
    apUART_Check_TXFIFO_EMPTY                0x020047b1   Thumb Code    10  peripheral_uart.o(i.apUART_Check_TXFIFO_EMPTY)
    apUART_Get_all_raw_int_stat              0x020047bb   Thumb Code     6  peripheral_uart.o(i.apUART_Get_all_raw_int_stat)
    apUART_Initialize                        0x020047c1   Thumb Code   124  peripheral_uart.o(i.apUART_Initialize)
    config_uart                              0x0200483d   Thumb Code    84  uart.o(i.config_uart)
    debug_hex                                0x02004895   Thumb Code    16  debug_print.o(i.debug_hex)
    debug_uart                               0x020048a5   Thumb Code    52  debug_print.o(i.debug_uart)
    i2c_test                                 0x020048f3   Thumb Code    16  iic_slave.o(i.i2c_test)
    key_scan_check                           0x02004905   Thumb Code    74  keyscan_normal.o(i.key_scan_check)
    main                                     0x02004975   Thumb Code   170  main.o(i.main)
    setup_peripherals_i2c_module             0x02004bdd   Thumb Code    42  iic_slave.o(i.setup_peripherals_i2c_module)
    setup_peripherals_i2c_pin                0x02004c0d   Thumb Code    22  iic_slave.o(i.setup_peripherals_i2c_pin)
    uart_init_board                          0x02004c89   Thumb Code    44  uart.o(i.uart_init_board)
    uart_send_test                           0x02004d81   Thumb Code    38  uart.o(i.uart_send_test)
    write_uart_buffer                        0x02004dad   Thumb Code    16  debug_print.o(i.write_uart_buffer)
    io_output_source_map                     0x02004dcc   Data         840  peripheral_pinctrl.o(.constdata)
    Region$$Table$$Base                      0x0200518c   Number         0  anon$$obj.o(Region$$Table)
    Region$$Table$$Limit                     0x020051ac   Number         0  anon$$obj.o(Region$$Table)
    jiffes                                   0x20000000   Data           4  timer_delay.o(.data)
    src                                      0x20000004   Data          30  uart.o(.data)
    rc_data                                  0x20000028   Data           1  uart.o(.data)
    key_out_row                              0x2000002c   Data           8  keyscan_normal.o(.data)
    key_in_col                               0x20000034   Data           8  keyscan_normal.o(.data)
    dma_data                                 0x2000005e   Data           1  pdm.o(.data)
    out_data                                 0x20000060   Data           2  pdm.o(.data)
    send_data                                0x20000062   Data           8  spi_slave.o(.data)
    _SEGGER_RTT                              0x2000006c   Data          72  segger_rtt.o(.bss)
    test                                     0x200004c8   Data          28  uart.o(.bss)
    mda_rc_pdm_data                          0x20000618   Data        4096  pdm.o(.bss)
    pdm_dma                                  0x20001618   Data          28  pdm.o(.bss)
    __initial_sp                             0x20001a38   Data           0  startup_ing920.o(STACK)



==============================================================================

Memory Map of the image

  Image Entry point : 0x020020d5

  Load Region LR_IROM1 (Base: 0x02002000, Size: 0x00003218, Max: 0x00020000, ABSOLUTE)

    Execution Region ER_IROM1 (Exec base: 0x02002000, Load base: 0x02002000, Size: 0x000031ac, Max: 0x00020000, ABSOLUTE)

    Exec Addr    Load Addr    Size         Type   Attr      Idx    E Section Name        Object

    0x02002000   0x02002000   0x000000d4   Data   RO         1551    RESET               startup_ing920.o
    0x020020d4   0x020020d4   0x00000000   Code   RO         3990  * .ARM.Collect$$$$00000000  mc_w.l(entry.o)
    0x020020d4   0x020020d4   0x00000004   Code   RO         4079    .ARM.Collect$$$$00000001  mc_w.l(entry2.o)
    0x020020d8   0x020020d8   0x00000004   Code   RO         4082    .ARM.Collect$$$$00000004  mc_w.l(entry5.o)
    0x020020dc   0x020020dc   0x00000000   Code   RO         4084    .ARM.Collect$$$$00000008  mc_w.l(entry7b.o)
    0x020020dc   0x020020dc   0x00000000   Code   RO         4086    .ARM.Collect$$$$0000000A  mc_w.l(entry8b.o)
    0x020020dc   0x020020dc   0x00000008   Code   RO         4087    .ARM.Collect$$$$0000000B  mc_w.l(entry9a.o)
    0x020020e4   0x020020e4   0x00000004   Code   RO         4094    .ARM.Collect$$$$0000000E  mc_w.l(entry12b.o)
    0x020020e8   0x020020e8   0x00000000   Code   RO         4089    .ARM.Collect$$$$0000000F  mc_w.l(entry10a.o)
    0x020020e8   0x020020e8   0x00000000   Code   RO         4091    .ARM.Collect$$$$00000011  mc_w.l(entry11a.o)
    0x020020e8   0x020020e8   0x00000004   Code   RO         4080    .ARM.Collect$$$$00002712  mc_w.l(entry2.o)
    0x020020ec   0x020020ec   0x0000001c   Code   RO         1552    .text               startup_ing920.o
    0x02002108   0x02002108   0x00000062   Code   RO         3993    .text               mc_w.l(uldiv.o)
    0x0200216a   0x0200216a   0x00000024   Code   RO         3995    .text               mc_w.l(memcpya.o)
    0x0200218e   0x0200218e   0x00000024   Code   RO         3997    .text               mc_w.l(memseta.o)
    0x020021b2   0x020021b2   0x00000012   Code   RO         4001    .text               mc_w.l(strcpy.o)
    0x020021c4   0x020021c4   0x0000014e   Code   RO         4065    .text               mf_w.l(dadd.o)
    0x02002312   0x02002312   0x000000de   Code   RO         4067    .text               mf_w.l(ddiv.o)
    0x020023f0   0x020023f0   0x0000002c   Code   RO         4096    .text               mc_w.l(uidiv.o)
    0x0200241c   0x0200241c   0x0000001e   Code   RO         4098    .text               mc_w.l(llshl.o)
    0x0200243a   0x0200243a   0x00000020   Code   RO         4100    .text               mc_w.l(llushr.o)
    0x0200245a   0x0200245a   0x00000024   Code   RO         4102    .text               mc_w.l(llsshr.o)
    0x0200247e   0x0200247e   0x00000000   Code   RO         4106    .text               mc_w.l(iusefp.o)
    0x0200247e   0x0200247e   0x000000ba   Code   RO         4109    .text               mf_w.l(depilogue.o)
    0x02002538   0x02002538   0x000000e4   Code   RO         4111    .text               mf_w.l(dmul.o)
    0x0200261c   0x0200261c   0x00000030   Code   RO         4113    .text               mf_w.l(dfixul.o)
    0x0200264c   0x0200264c   0x00000030   Code   RO         4115    .text               mf_w.l(cdrcmple.o)
    0x0200267c   0x0200267c   0x00000024   Code   RO         4117    .text               mc_w.l(init.o)
    0x020026a0   0x020026a0   0x0000000a   Code   RO         3391    i.ASDM_GetFifoCount  peripheral_asdm.o
    0x020026aa   0x020026aa   0x00000006   Code   RO         3394    i.ASDM_GetOutData   peripheral_asdm.o
    0x020026b0   0x020026b0   0x0000003c   Code   RO         1090    i.ASDM_IRQHandler   pdm.o
    0x020026ec   0x020026ec   0x00000016   Code   RO         3415    i.ASDM_SetRegBit    peripheral_asdm.o
    0x02002702   0x02002702   0x00000002   PAD
    0x02002704   0x02002704   0x00000048   Code   RO         2229    i.DMA_ClearChannelIntState  peripheral_dma.o
    0x0200274c   0x0200274c   0x0000003c   Code   RO         2230    i.DMA_EnableChannel  peripheral_dma.o
    0x02002788   0x02002788   0x00000030   Code   RO         2231    i.DMA_GetChannelIntState  peripheral_dma.o
    0x020027b8   0x020027b8   0x0000002c   Code   RO         1091    i.DMA_IRQHandler    pdm.o
    0x020027e4   0x020027e4   0x00000030   Code   RO         1561    i.GIO_ClearIntStatus  peripheral_gpio.o
    0x02002814   0x02002814   0x00000030   Code   RO         1567    i.GIO_GetIntStatus  peripheral_gpio.o
    0x02002844   0x02002844   0x00000030   Code   RO          471    i.GPIO0_IRQHandler  gpio.o
    0x02002874   0x02002874   0x00000004   Code   RO            4    i.HardFault_Handler  main.o
    0x02002878   0x02002878   0x00000084   Code   RO         1499    i.I2C0_IRQHandler   iic_slave.o
    0x020028fc   0x020028fc   0x0000000c   Code   RO         2830    i.I2C_ClearIntState  peripheral_i2c.o
    0x02002908   0x02002908   0x0000002a   Code   RO         2832    i.I2C_Config        peripheral_i2c.o
    0x02002932   0x02002932   0x00000068   Code   RO         2833    i.I2C_ConfigClkFrequency  peripheral_i2c.o
    0x0200299a   0x0200299a   0x0000003a   Code   RO         2834    i.I2C_ConfigSCLTiming  peripheral_i2c.o
    0x020029d4   0x020029d4   0x00000008   Code   RO         2839    i.I2C_DataRead      peripheral_i2c.o
    0x020029dc   0x020029dc   0x00000016   Code   RO         2842    i.I2C_Enable        peripheral_i2c.o
    0x020029f2   0x020029f2   0x0000000a   Code   RO         2843    i.I2C_FifoEmpty     peripheral_i2c.o
    0x020029fc   0x020029fc   0x0000000a   Code   RO         2845    i.I2C_GetIntState   peripheral_i2c.o
    0x02002a06   0x02002a06   0x0000000c   Code   RO         2848    i.I2C_IntEnable     peripheral_i2c.o
    0x02002a12   0x02002a12   0x00000004   Code   RO         3894    i.I2S_ClearIntState  peripheral_i2s.o
    0x02002a16   0x02002a16   0x0000000a   Code   RO         3902    i.I2S_GetIntState   peripheral_i2s.o
    0x02002a20   0x02002a20   0x0000000a   Code   RO         3903    i.I2S_GetRxFIFOCount  peripheral_i2s.o
    0x02002a2a   0x02002a2a   0x00000002   PAD
    0x02002a2c   0x02002a2c   0x00000050   Code   RO         1433    i.I2S_IRQHandler    i2s_master.o
    0x02002a7c   0x02002a7c   0x00000006   Code   RO         3905    i.I2S_PopRxFIFO     peripheral_i2s.o
    0x02002a82   0x02002a82   0x00000002   PAD
    0x02002a84   0x02002a84   0x0000001c   Code   RO         2973    i.KEYSCAN_GetIntStateFifoEmptyRaw  peripheral_keyscan.o
    0x02002aa0   0x02002aa0   0x0000001c   Code   RO         2976    i.KEYSCAN_GetKeyData  peripheral_keyscan.o
    0x02002abc   0x02002abc   0x0000001c   Code   RO         2983    i.KEYSCAN_LoopIntClr  peripheral_keyscan.o
    0x02002ad8   0x02002ad8   0x00000018   Code   RO         3005    i.KEYSCAN_reg_read_bits  peripheral_keyscan.o
    0x02002af0   0x02002af0   0x00000022   Code   RO         3006    i.KEYSCAN_reg_write_bits  peripheral_keyscan.o
    0x02002b12   0x02002b12   0x00000002   PAD
    0x02002b14   0x02002b14   0x00000048   Code   RO         1029    i.KeyScan_IRQHandler  keyscan_normal.o
    0x02002b5c   0x02002b5c   0x00000022   Code   RO         1500    i.NVIC_Configuration  iic_slave.o
    0x02002b7e   0x02002b7e   0x00000002   PAD
    0x02002b80   0x02002b80   0x00000070   Code   RO          544    i.NVIC_Init         misc.o
    0x02002bf0   0x02002bf0   0x00000010   Code   RO         2347    i.PCAP_ReadData     peripheral_pwm.o
    0x02002c00   0x02002c00   0x0000001c   Code   RO         3421    i.PDM_Enable        peripheral_asdm.o
    0x02002c1c   0x02002c1c   0x00000058   Code   RO         1898    i.PINCTRL_Pull      peripheral_pinctrl.o
    0x02002c74   0x02002c74   0x00000064   Code   RO         1901    i.PINCTRL_SelI2cIn  peripheral_pinctrl.o
    0x02002cd8   0x02002cd8   0x0000005c   Code   RO         1904    i.PINCTRL_SelInput  peripheral_pinctrl.o
    0x02002d34   0x02002d34   0x00000038   Code   RO         1914    i.PINCTRL_SelUartRxdIn  peripheral_pinctrl.o
    0x02002d6c   0x02002d6c   0x000000dc   Code   RO         1916    i.PINCTRL_SetPadMux  peripheral_pinctrl.o
    0x02002e48   0x02002e48   0x00000054   Code   RO          767    i.PWM0_IRQHandler   pwm.o
    0x02002e9c   0x02002e9c   0x00000010   Code   RO         2351    i.PWM_GetFifoStatus  peripheral_pwm.o
    0x02002eac   0x02002eac   0x000001b0   Code   RO         1314    i.QDEC0_IRQHandler  qdec_timer.o
    0x0200305c   0x0200305c   0x000001b0   Code   RO         1315    i.QDEC1_IRQHandler  qdec_timer.o
    0x0200320c   0x0200320c   0x000001b0   Code   RO         1316    i.QDEC2_IRQHandler  qdec_timer.o
    0x020033bc   0x020033bc   0x00000010   Code   RO         3211    i.QDEC_GetChxIntStateClr  peripheral_qdec.o
    0x020033cc   0x020033cc   0x0000000a   Code   RO         1378    i.QSPI_IRQHandler   spi_slave.o
    0x020033d6   0x020033d6   0x00000002   PAD
    0x020033d8   0x020033d8   0x00000030   Code   RO         1210    i.RCMFDTRIM_IRQHandler  r_timer.o
    0x02003408   0x02003408   0x0000000a   Code   RO         3727    i.RTMR_IntClr       peripheral_timer.o
    0x02003412   0x02003412   0x0000000a   Code   RO         3730    i.RTMR_IntHappened  peripheral_timer.o
    0x0200341c   0x0200341c   0x00000008   Code   RO          242    i.SEGGER_RTT_Init   segger_rtt.o
    0x02003424   0x02003424   0x00000048   Code   RO          257    i.SEGGER_RTT_Write  segger_rtt.o
    0x0200346c   0x0200346c   0x00000084   Code   RO          260    i.SEGGER_RTT_WriteNoLock  segger_rtt.o
    0x020034f0   0x020034f0   0x00000022   Code   RO          503    i.SEGGER_RTT_printf  segger_rtt_printf.o
    0x02003512   0x02003512   0x0000020a   Code   RO          504    i.SEGGER_RTT_vprintf  segger_rtt_printf.o
    0x0200371c   0x0200371c   0x0000000e   Code   RO         1692    i.SYSCTRL_ClearClkGate  peripheral_sysctrl.o
    0x0200372a   0x0200372a   0x00000020   Code   RO         1693    i.SYSCTRL_ClearClkGateMulti  peripheral_sysctrl.o
    0x0200374a   0x0200374a   0x00000002   PAD
    0x0200374c   0x0200374c   0x00000214   Code   RO         1694    i.SYSCTRL_ClkGateCtrl  peripheral_sysctrl.o
    0x02003960   0x02003960   0x0000003c   Code   RO         1696    i.SYSCTRL_DelayCycles  peripheral_sysctrl.o
    0x0200399c   0x0200399c   0x00000030   Code   RO         1703    i.SYSCTRL_GetHClk   peripheral_sysctrl.o
    0x020039cc   0x020039cc   0x00000040   Code   RO         1704    i.SYSCTRL_GetPLLClk  peripheral_sysctrl.o
    0x02003a0c   0x02003a0c   0x0000001c   Code   RO         1705    i.SYSCTRL_GetSlowClk  peripheral_sysctrl.o
    0x02003a28   0x02003a28   0x00000010   Code   RO          201    i.SysTick_Handler   timer_delay.o
    0x02003a38   0x02003a38   0x00000030   Code   RO         1253    i.TIMER0_IRQHandler  pte_lib_timer.o
    0x02003a68   0x02003a68   0x00000028   Code   RO         1254    i.TIMER1_IRQHandler  pte_lib_timer.o
    0x02003a90   0x02003a90   0x0000001e   Code   RO         3734    i.TMR_Enable        peripheral_timer.o
    0x02003aae   0x02003aae   0x0000000e   Code   RO         3738    i.TMR_IntClr        peripheral_timer.o
    0x02003abc   0x02003abc   0x00000008   Code   RO          593    i.UART0_IRQHandler  uart.o
    0x02003ac4   0x02003ac4   0x00000004   Code   RO         2062    i.UART_SendData     peripheral_uart.o
    0x02003ac8   0x02003ac8   0x00000070   Code   RO          264    i._DoInit           segger_rtt.o
    0x02003b38   0x02003b38   0x0000001c   Code   RO          265    i._GetAvailWriteSpace  segger_rtt.o
    0x02003b54   0x02003b54   0x000000ec   Code   RO          505    i._PrintInt         segger_rtt_printf.o
    0x02003c40   0x02003c40   0x000000ec   Code   RO          506    i._PrintUnsigned    segger_rtt_printf.o
    0x02003d2c   0x02003d2c   0x00000044   Code   RO          507    i._StoreChar        segger_rtt_printf.o
    0x02003d70   0x02003d70   0x00000072   Code   RO          267    i._WriteBlocking    segger_rtt.o
    0x02003de2   0x02003de2   0x0000004c   Code   RO          268    i._WriteNoCheck     segger_rtt.o
    0x02003e2e   0x02003e2e   0x00000002   PAD
    0x02003e30   0x02003e30   0x00000034   Code   RO         4011    i.__0vsnprintf      mc_w.l(printfa.o)
    0x02003e64   0x02003e64   0x0000000e   Code   RO         4121    i.__scatterload_copy  mc_w.l(handlers.o)
    0x02003e72   0x02003e72   0x00000002   Code   RO         4122    i.__scatterload_null  mc_w.l(handlers.o)
    0x02003e74   0x02003e74   0x0000000e   Code   RO         4123    i.__scatterload_zeroinit  mc_w.l(handlers.o)
    0x02003e82   0x02003e82   0x00000002   PAD
    0x02003e84   0x02003e84   0x00000184   Code   RO         4013    i._fp_digits        mc_w.l(printfa.o)
    0x02004008   0x02004008   0x000006b4   Code   RO         4014    i._printf_core      mc_w.l(printfa.o)
    0x020046bc   0x020046bc   0x00000024   Code   RO         4015    i._printf_post_padding  mc_w.l(printfa.o)
    0x020046e0   0x020046e0   0x0000002e   Code   RO         4016    i._printf_pre_padding  mc_w.l(printfa.o)
    0x0200470e   0x0200470e   0x00000016   Code   RO         4017    i._snputc           mc_w.l(printfa.o)
    0x02004724   0x02004724   0x00000008   Code   RO         2551    i.apSSP_ClearIntStatus  peripheral_ssp.o
    0x0200472c   0x0200472c   0x00000014   Code   RO         2553    i.apSSP_GetDataNumInRxFifo  peripheral_ssp.o
    0x02004740   0x02004740   0x00000006   Code   RO         2555    i.apSSP_GetIntRawStatus  peripheral_ssp.o
    0x02004746   0x02004746   0x00000006   Code   RO         2567    i.apSSP_ReadFIFO    peripheral_ssp.o
    0x0200474c   0x0200474c   0x0000000a   Code   RO         2570    i.apSSP_RxFifoEmpty  peripheral_ssp.o
    0x02004756   0x02004756   0x0000000a   Code   RO         2589    i.apSSP_TxFifoFull  peripheral_ssp.o
    0x02004760   0x02004760   0x00000004   Code   RO         2591    i.apSSP_WriteFIFO   peripheral_ssp.o
    0x02004764   0x02004764   0x00000042   Code   RO         2064    i.apUART_BaudRateSet  peripheral_uart.o
    0x020047a6   0x020047a6   0x0000000a   Code   RO         2066    i.apUART_Check_RXFIFO_EMPTY  peripheral_uart.o
    0x020047b0   0x020047b0   0x0000000a   Code   RO         2069    i.apUART_Check_TXFIFO_EMPTY  peripheral_uart.o
    0x020047ba   0x020047ba   0x00000006   Code   RO         2079    i.apUART_Get_all_raw_int_stat  peripheral_uart.o
    0x020047c0   0x020047c0   0x0000007c   Code   RO         2080    i.apUART_Initialize  peripheral_uart.o
    0x0200483c   0x0200483c   0x00000058   Code   RO          597    i.config_uart       uart.o
    0x02004894   0x02004894   0x00000010   Code   RO          869    i.debug_hex         debug_print.o
    0x020048a4   0x020048a4   0x00000034   Code   RO          870    i.debug_uart        debug_print.o
    0x020048d8   0x020048d8   0x0000001a   Code   RO         1721    i.get_safe_divider  peripheral_sysctrl.o
    0x020048f2   0x020048f2   0x00000010   Code   RO         1501    i.i2c_test          iic_slave.o
    0x02004902   0x02004902   0x00000002   PAD
    0x02004904   0x02004904   0x00000070   Code   RO         1031    i.key_scan_check    keyscan_normal.o
    0x02004974   0x02004974   0x000000dc   Code   RO            7    i.main              main.o
    0x02004a50   0x02004a50   0x000000fc   Code   RO         1379    i.peripherals_spi_isr  spi_slave.o
    0x02004b4c   0x02004b4c   0x0000005c   Code   RO         1917    i.pin_id_for_input_source  peripheral_pinctrl.o
    0x02004ba8   0x02004ba8   0x00000016   Code   RO         1722    i.set_reg_bit       peripheral_sysctrl.o
    0x02004bbe   0x02004bbe   0x0000001e   Code   RO         1918    i.set_reg_bits      peripheral_pinctrl.o
    0x02004bdc   0x02004bdc   0x00000030   Code   RO         1502    i.setup_peripherals_i2c_module  iic_slave.o
    0x02004c0c   0x02004c0c   0x00000016   Code   RO         1503    i.setup_peripherals_i2c_pin  iic_slave.o
    0x02004c22   0x02004c22   0x00000002   PAD
    0x02004c24   0x02004c24   0x00000064   Code   RO         1919    i.source_id_on_pin  peripheral_pinctrl.o
    0x02004c88   0x02004c88   0x00000030   Code   RO          601    i.uart_init_board   uart.o
    0x02004cb8   0x02004cb8   0x000000c8   Code   RO          603    i.uart_int_fifo_callback  uart.o
    0x02004d80   0x02004d80   0x0000002c   Code   RO          606    i.uart_send_test    uart.o
    0x02004dac   0x02004dac   0x00000010   Code   RO          875    i.write_uart_buffer  debug_print.o
    0x02004dbc   0x02004dbc   0x00000010   Data   RO          508    .constdata          segger_rtt_printf.o
    0x02004dcc   0x02004dcc   0x000003c0   Data   RO         1920    .constdata          peripheral_pinctrl.o
    0x0200518c   0x0200518c   0x00000020   Data   RO         4119    Region$$Table       anon$$obj.o


    Execution Region RW_IRAM1 (Exec base: 0x20000000, Load base: 0x020051ac, Size: 0x00001a38, Max: 0x00008000, ABSOLUTE)

    Exec Addr    Load Addr    Size         Type   Attr      Idx    E Section Name        Object

    0x20000000   0x020051ac   0x00000004   Data   RW          202    .data               timer_delay.o
    0x20000004   0x020051b0   0x00000025   Data   RW          611    .data               uart.o
    0x20000029   0x020051d5   0x00000003   PAD
    0x2000002c   0x020051d8   0x00000032   Data   RW         1034    .data               keyscan_normal.o
    0x2000005e   0x0200520a   0x00000004   Data   RW         1103    .data               pdm.o
    0x20000062   0x0200520e   0x00000008   Data   RW         1383    .data               spi_slave.o
    0x2000006a   0x02005216   0x00000002   PAD
    0x2000006c        -       0x00000458   Zero   RW          269    .bss                segger_rtt.o
    0x200004c4   0x02005216   0x00000004   PAD
    0x200004c8        -       0x0000011c   Zero   RW          610    .bss                uart.o
    0x200005e4        -       0x00000032   Zero   RW         1033    .bss                keyscan_normal.o
    0x20000616   0x02005216   0x00000002   PAD
    0x20000618        -       0x0000101c   Zero   RW         1102    .bss                pdm.o
    0x20001634   0x02005216   0x00000004   PAD
    0x20001638        -       0x00000400   Zero   RW         1549    STACK               startup_ing920.o


==============================================================================

Image component sizes


      Code (inc. data)   RO Data    RW Data    ZI Data      Debug   Object Name

        84          0          0          0          0       1593   debug_print.o
        48         22          0          0          0        407   gpio.o
        80         18          0          0          0        553   i2s_master.o
       252         32          0          0          0       2300   iic_slave.o
       184         64          0         50         50       4235   keyscan_normal.o
       224         50          0          0          0      72274   main.o
       112         12          0          0          0        968   misc.o
       104         16          0          4       4124       1807   pdm.o
        66          0          0          0          0       3079   peripheral_asdm.o
       180         16          0          0          0       2440   peripheral_dma.o
        96         18          0          0          0       3000   peripheral_gpio.o
       278          0          0          0          0       6938   peripheral_i2c.o
        30          0          0          0          0       2251   peripheral_i2s.o
       142         18          0          0          0       4732   peripheral_keyscan.o
       778         28        960          0          0       8570   peripheral_pinctrl.o
        32          8          0          0          0       2644   peripheral_pwm.o
        16          4          0          0          0       1865   peripheral_qdec.o
        64          0          0          0          0       9864   peripheral_ssp.o
       826         48          0          0          0       5656   peripheral_sysctrl.o
        64          0          0          0          0       2759   peripheral_timer.o
       220          0          0          0          0       8175   peripheral_uart.o
        88         34          0          0          0        884   pte_lib_timer.o
        84         32          0          0          0        502   pwm.o
      1296        840          0          0          0       1717   qdec_timer.o
        48         22          0          0          0        431   r_timer.o
       542         48          0          0       1112       8232   segger_rtt.o
      1096          6         16          0          0       5321   segger_rtt_printf.o
       262         88          0          8          0       2134   spi_slave.o
        28          4        212          0       1024        736   startup_ing920.o
        16          4          0          4          0        919   timer_delay.o
       388         62          0         37        284       3567   uart.o

    ----------------------------------------------------------------------
      7748       1494       1220        108       6604     170553   Object Totals
         0          0         32          0          0          0   (incl. Generated)
        20          0          0          5         10          0   (incl. Padding)

    ----------------------------------------------------------------------

      Code (inc. data)   RO Data    RW Data    ZI Data      Debug   Library Member Name

         0          0          0          0          0          0   entry.o
         0          0          0          0          0          0   entry10a.o
         0          0          0          0          0          0   entry11a.o
         4          0          0          0          0          0   entry12b.o
         8          4          0          0          0          0   entry2.o
         4          0          0          0          0          0   entry5.o
         0          0          0          0          0          0   entry7b.o
         0          0          0          0          0          0   entry8b.o
         8          4          0          0          0          0   entry9a.o
        30          0          0          0          0          0   handlers.o
        36          8          0          0          0         68   init.o
         0          0          0          0          0          0   iusefp.o
        30          0          0          0          0         68   llshl.o
        36          0          0          0          0         68   llsshr.o
        32          0          0          0          0         68   llushr.o
        36          0          0          0          0         68   memcpya.o
        36          0          0          0          0        108   memseta.o
      2260         86          0          0          0        528   printfa.o
        18          0          0          0          0         68   strcpy.o
        44          0          0          0          0         80   uidiv.o
        98          0          0          0          0         92   uldiv.o
        48          0          0          0          0         68   cdrcmple.o
       334          0          0          0          0        148   dadd.o
       222          0          0          0          0        100   ddiv.o
       186          0          0          0          0        176   depilogue.o
        48          0          0          0          0         68   dfixul.o
       228          0          0          0          0         96   dmul.o

    ----------------------------------------------------------------------
      3748        102          0          0          0       1872   Library Totals
         2          0          0          0          0          0   (incl. Padding)

    ----------------------------------------------------------------------

      Code (inc. data)   RO Data    RW Data    ZI Data      Debug   Library Name

      2680        102          0          0          0       1216   mc_w.l
      1066          0          0          0          0        656   mf_w.l

    ----------------------------------------------------------------------
      3748        102          0          0          0       1872   Library Totals

    ----------------------------------------------------------------------

==============================================================================


      Code (inc. data)   RO Data    RW Data    ZI Data      Debug   

     11496       1596       1220        108       6604     166129   Grand Totals
     11496       1596       1220        108       6604     166129   ELF Image Totals
     11496       1596       1220        108          0          0   ROM Totals

==============================================================================

    Total RO  Size (Code + RO Data)                12716 (  12.42kB)
    Total RW  Size (RW Data + ZI Data)              6712 (   6.55kB)
    Total ROM Size (Code + RO Data + RW Data)      12824 (  12.52kB)

==============================================================================

