Component: Arm Compiler for Embedded 6.19 Tool: armlink [5e73cb00]

==============================================================================

Section Cross References

    main.o(.text.cube_soc_init) refers to peripheral_rtc.o(.text.RTC_Enable) for RTC_Enable
    main.o(.text.cube_soc_init) refers to peripheral_rtc.o(.text.RTC_ModifyTime) for RTC_ModifyTime
    main.o(.text.cube_soc_init) refers to peripheral_rtc.o(.text.RTC_EnableIRQ) for RTC_EnableIRQ
    main.o(.ARM.exidx.text.cube_soc_init) refers to main.o(.text.cube_soc_init) for [Anonymous Symbol]
    main.o(.text.cube_setup_peripherals) refers to peripheral_sysctrl.o(.text.SYSCTRL_ClearClkGateMulti) for SYSCTRL_ClearClkGateMulti
    main.o(.text.cube_setup_peripherals) refers to peripheral_pwm.o(.text.PWM_SetPeraThreshold) for PWM_SetPeraThreshold
    main.o(.text.cube_setup_peripherals) refers to peripheral_pwm.o(.text.PWM_SetHighThreshold) for PWM_SetHighThreshold
    main.o(.text.cube_setup_peripherals) refers to peripheral_pwm.o(.text.PWM_Enable) for PWM_Enable
    main.o(.ARM.exidx.text.cube_setup_peripherals) refers to main.o(.text.cube_setup_peripherals) for [Anonymous Symbol]
    main.o(.ARM.exidx.text.cube_on_lle_init) refers to main.o(.text.cube_on_lle_init) for [Anonymous Symbol]
    main.o(.text.cb_putc) refers to peripheral_uart.o(.text.apUART_Check_TXFIFO_FULL) for apUART_Check_TXFIFO_FULL
    main.o(.text.cb_putc) refers to peripheral_uart.o(.text.UART_SendData) for UART_SendData
    main.o(.ARM.exidx.text.cb_putc) refers to main.o(.text.cb_putc) for [Anonymous Symbol]
    main.o(.text.fputc) refers to peripheral_uart.o(.text.apUART_Check_TXFIFO_FULL) for apUART_Check_TXFIFO_FULL
    main.o(.text.fputc) refers to peripheral_uart.o(.text.UART_SendData) for UART_SendData
    main.o(.ARM.exidx.text.fputc) refers to main.o(.text.fputc) for [Anonymous Symbol]
    main.o(.text.setup_peripherals) refers to peripheral_sysctrl.o(.text.SYSCTRL_ClearClkGateMulti) for SYSCTRL_ClearClkGateMulti
    main.o(.text.setup_peripherals) refers to peripheral_pwm.o(.text.PWM_SetPeraThreshold) for PWM_SetPeraThreshold
    main.o(.text.setup_peripherals) refers to peripheral_pwm.o(.text.PWM_SetHighThreshold) for PWM_SetHighThreshold
    main.o(.text.setup_peripherals) refers to peripheral_pwm.o(.text.PWM_Enable) for PWM_Enable
    main.o(.ARM.exidx.text.setup_peripherals) refers to main.o(.text.setup_peripherals) for [Anonymous Symbol]
    main.o(.ARM.exidx.text.on_lle_init) refers to main.o(.text.on_lle_init) for [Anonymous Symbol]
    main.o(.text.on_deep_sleep_wakeup) refers to peripheral_sysctrl.o(.text.SYSCTRL_ClearClkGateMulti) for SYSCTRL_ClearClkGateMulti
    main.o(.text.on_deep_sleep_wakeup) refers to peripheral_pwm.o(.text.PWM_SetPeraThreshold) for PWM_SetPeraThreshold
    main.o(.text.on_deep_sleep_wakeup) refers to peripheral_pwm.o(.text.PWM_SetHighThreshold) for PWM_SetHighThreshold
    main.o(.text.on_deep_sleep_wakeup) refers to peripheral_pwm.o(.text.PWM_Enable) for PWM_Enable
    main.o(.ARM.exidx.text.on_deep_sleep_wakeup) refers to main.o(.text.on_deep_sleep_wakeup) for [Anonymous Symbol]
    main.o(.ARM.exidx.text.query_deep_sleep_allowed) refers to main.o(.text.query_deep_sleep_allowed) for [Anonymous Symbol]
    main.o(.text.app_main) refers to peripheral_rtc.o(.text.RTC_Enable) for RTC_Enable
    main.o(.text.app_main) refers to peripheral_rtc.o(.text.RTC_ModifyTime) for RTC_ModifyTime
    main.o(.text.app_main) refers to peripheral_rtc.o(.text.RTC_EnableIRQ) for RTC_EnableIRQ
    main.o(.text.app_main) refers to main.o(.rodata.evt_cb_table) for evt_cb_table
    main.o(.text.app_main) refers to peripheral_sysctrl.o(.text.SYSCTRL_Init) for SYSCTRL_Init
    main.o(.text.app_main) refers to peripheral_sysctrl.o(.text.SYSCTRL_ClearClkGateMulti) for SYSCTRL_ClearClkGateMulti
    main.o(.text.app_main) refers to peripheral_pwm.o(.text.PWM_SetPeraThreshold) for PWM_SetPeraThreshold
    main.o(.text.app_main) refers to peripheral_pwm.o(.text.PWM_SetHighThreshold) for PWM_SetHighThreshold
    main.o(.text.app_main) refers to peripheral_pwm.o(.text.PWM_Enable) for PWM_Enable
    main.o(.text.app_main) refers to board.o(.text.board_init) for board_init
    main.o(.text.app_main) refers to peripheral_pwm.o(.text.PWM_SetupSimple) for PWM_SetupSimple
    main.o(.text.app_main) refers to main.o(.text.key_task) for key_task
    main.o(.text.app_main) refers to main.o(.bss.trace_ctx) for trace_ctx
    main.o(.text.app_main) refers to trace.o(.text.trace_rtt_init) for trace_rtt_init
    main.o(.ARM.exidx.text.app_main) refers to main.o(.text.app_main) for [Anonymous Symbol]
    main.o(.text.key_task) refers to main.o(.bss.pwn_duty) for pwn_duty
    main.o(.text.key_task) refers to main.o(.bss.iic_buf) for iic_buf
    main.o(.text.key_task) refers to main.o(.bss.pwm_dir) for pwm_dir
    main.o(.text.key_task) refers to peripheral_pwm.o(.text.PWM_SetHighThreshold) for PWM_SetHighThreshold
[...]
    ../fplib/microlib/fpepilogue.c           0x00000000   Number         0  fepilogue.o ABSOLUTE
    ../fplib/microlib/fpepilogue.c           0x00000000   Number         0  depilogue.o ABSOLUTE
    ../fplib/microlib/fpfix.c                0x00000000   Number         0  dfixul.o ABSOLUTE
    ../fplib/microlib/fpflt.c                0x00000000   Number         0  dfltui.o ABSOLUTE
    ../fplib/microlib/fpmul.c                0x00000000   Number         0  dmul.o ABSOLUTE
    board.c                                  0x00000000   Number         0  board.o ABSOLUTE
    bsp_usb_hid.c                            0x00000000   Number         0  bsp_usb_hid.o ABSOLUTE
    cdrcmple.s                               0x00000000   Number         0  cdrcmple.o ABSOLUTE
    dc.s                                     0x00000000   Number         0  dc.o ABSOLUTE
    eflash.c                                 0x00000000   Number         0  eflash.o ABSOLUTE
    handlers.s                               0x00000000   Number         0  handlers.o ABSOLUTE
    iic.c                                    0x00000000   Number         0  iic.o ABSOLUTE
    iic_master_interrupt.c                   0x00000000   Number         0  iic_master_interrupt.o ABSOLUTE
    init.s                                   0x00000000   Number         0  init.o ABSOLUTE
    main.c                                   0x00000000   Number         0  main.o ABSOLUTE
    peripheral_adc.c                         0x00000000   Number         0  peripheral_adc.o ABSOLUTE
    peripheral_comparator.c                  0x00000000   Number         0  peripheral_comparator.o ABSOLUTE
    peripheral_dma.c                         0x00000000   Number         0  peripheral_dma.o ABSOLUTE
    peripheral_efuse.c                       0x00000000   Number         0  peripheral_efuse.o ABSOLUTE
    peripheral_gpio.c                        0x00000000   Number         0  peripheral_gpio.o ABSOLUTE
    peripheral_i2c.c                         0x00000000   Number         0  peripheral_i2c.o ABSOLUTE
    peripheral_i2s.c                         0x00000000   Number         0  peripheral_i2s.o ABSOLUTE
    peripheral_ir.c                          0x00000000   Number         0  peripheral_ir.o ABSOLUTE
    peripheral_keyscan.c                     0x00000000   Number         0  peripheral_keyscan.o ABSOLUTE
    peripheral_pdm.c                         0x00000000   Number         0  peripheral_pdm.o ABSOLUTE
    peripheral_pinctrl.c                     0x00000000   Number         0  peripheral_pinctrl.o ABSOLUTE
    peripheral_pte.c                         0x00000000   Number         0  peripheral_pte.o ABSOLUTE
    peripheral_pwm.c                         0x00000000   Number         0  peripheral_pwm.o ABSOLUTE
    peripheral_qdec.c                        0x00000000   Number         0  peripheral_qdec.o ABSOLUTE
    peripheral_rtc.c                         0x00000000   Number         0  peripheral_rtc.o ABSOLUTE
    peripheral_ssp.c                         0x00000000   Number         0  peripheral_ssp.o ABSOLUTE
    peripheral_sysctrl.c                     0x00000000   Number         0  peripheral_sysctrl.o ABSOLUTE
    peripheral_timer.c                       0x00000000   Number         0  peripheral_timer.o ABSOLUTE
    peripheral_uart.c                        0x00000000   Number         0  peripheral_uart.o ABSOLUTE
    peripheral_usb.c                         0x00000000   Number         0  peripheral_usb.o ABSOLUTE
    profile.c                                0x00000000   Number         0  profile.o ABSOLUTE
    src\startup_ing91600.s                   0x00000000   Number         0  startup_ing91600.o ABSOLUTE
    trace.c                                  0x00000000   Number         0  trace.o ABSOLUTE
    RESET                                    0x0202a000   Section        8  startup_ing91600.o(RESET)
    .ARM.Collect$$$$00000000                 0x0202a008   Section        0  entry.o(.ARM.Collect$$$$00000000)
    .ARM.Collect$$$$00000001                 0x0202a008   Section        4  entry2.o(.ARM.Collect$$$$00000001)
    .ARM.Collect$$$$00000004                 0x0202a00c   Section        4  entry5.o(.ARM.Collect$$$$00000004)
    .ARM.Collect$$$$00000008                 0x0202a010   Section        0  entry7b.o(.ARM.Collect$$$$00000008)
    .ARM.Collect$$$$0000000A                 0x0202a010   Section        0  entry8b.o(.ARM.Collect$$$$0000000A)
    .ARM.Collect$$$$0000000B                 0x0202a010   Section        8  entry9a.o(.ARM.Collect$$$$0000000B)
    __lit__00000000                          0x0202a018   Data           4  entry2.o(.ARM.Collect$$$$00002712)
    .ARM.Collect$$$$0000000D                 0x0202a018   Section        0  entry10a.o(.ARM.Collect$$$$0000000D)
    .ARM.Collect$$$$0000000F                 0x0202a018   Section        0  entry11a.o(.ARM.Collect$$$$0000000F)
    .ARM.Collect$$$$00002712                 0x0202a018   Section        4  entry2.o(.ARM.Collect$$$$00002712)
    $v0                                      0x0202a01c   Number         0  startup_ing91600.o(.text)
    .text                                    0x0202a01c   Section       40  startup_ing91600.o(.text)
    .text                                    0x0202a044   Section       36  init.o(.text)
    .text                                    0x0202a068   Section        0  uldiv.o(.text)
    .text                                    0x0202a0ca   Section        0  memcpya.o(.text)
    .text                                    0x0202a0ee   Section        0  calloc.o(.text)
    .text                                    0x0202a10a   Section        0  llshl.o(.text)
    .text                                    0x0202a128   Section        0  llushr.o(.text)
    ADC_CalWithPgaDiff                       0x0202a149   Thumb Code    52  peripheral_adc.o(.text.ADC_CalWithPgaDiff)
    [Anonymous Symbol]                       0x0202a148   Section        0  peripheral_adc.o(.text.ADC_CalWithPgaDiff)
    ADC_CalWithPgaSingle                     0x0202a17d   Thumb Code    40  peripheral_adc.o(.text.ADC_CalWithPgaSingle)
    [Anonymous Symbol]                       0x0202a17c   Section        0  peripheral_adc.o(.text.ADC_CalWithPgaSingle)
    [Anonymous Symbol]                       0x0202a1a4   Section        0  peripheral_adc.o(.text.ADC_Calibration)
    [Anonymous Symbol]                       0x0202a324   Section        0  peripheral_adc.o(.text.ADC_ConvCfg)
    ADC_FtCal                                0x0202a521   Thumb Code   128  peripheral_adc.o(.text.ADC_FtCal)
    [Anonymous Symbol]                       0x0202a520   Section        0  peripheral_adc.o(.text.ADC_FtCal)
    [Anonymous Symbol]                       0x0202a5a0   Section        0  peripheral_adc.o(.text.ADC_GetData)
    [Anonymous Symbol]                       0x0202a64c   Section        0  peripheral_adc.o(.text.ADC_GetDataChannel)
    [Anonymous Symbol]                       0x0202a674   Section        0  peripheral_adc.o(.text.ADC_PopFifoData)
    [Anonymous Symbol]                       0x0202a684   Section        0  peripheral_adc.o(.text.ADC_Reset)
    [Anonymous Symbol]                       0x0202a6c4   Section        0  peripheral_adc.o(.text.ADC_Start)
    ADC_cb_isr                               0x0202a71d   Thumb Code    52  board.o(.text.ADC_cb_isr)
    [Anonymous Symbol]                       0x0202a71c   Section        0  board.o(.text.ADC_cb_isr)
    [Anonymous Symbol]                       0x0202a78c   Section        0  peripheral_adc.o(.text.ADC_ftInit)
    [Anonymous Symbol]                       0x0202ace8   Section        0  peripheral_gpio.o(.text.GIO_ReadValue)
    [Anonymous Symbol]                       0x0202ad08   Section        0  peripheral_gpio.o(.text.GIO_SetDirection)
    [Anonymous Symbol]                       0x0202ad88   Section        0  peripheral_gpio.o(.text.GIO_WriteValue)
    [Anonymous Symbol]                       0x0202adc4   Section        0  peripheral_i2c.o(.text.I2C_ClearIntState)
    [Anonymous Symbol]                       0x0202add0   Section        0  peripheral_i2c.o(.text.I2C_CommandWrite)
    [Anonymous Symbol]                       0x0202add4   Section        0  peripheral_i2c.o(.text.I2C_Config)
    [Anonymous Symbol]                       0x0202ae04   Section        0  peripheral_i2c.o(.text.I2C_ConfigClkFrequency)
    [Anonymous Symbol]                       0x0202ae44   Section        0  peripheral_i2c.o(.text.I2C_CtrlUpdateDataCnt)
    [Anonymous Symbol]                       0x0202ae54   Section        0  peripheral_i2c.o(.text.I2C_CtrlUpdateDirection)
    [Anonymous Symbol]                       0x0202ae68   Section        0  peripheral_i2c.o(.text.I2C_DataRead)
    [Anonymous Symbol]                       0x0202ae70   Section        0  peripheral_i2c.o(.text.I2C_DataWrite)
    [Anonymous Symbol]                       0x0202ae74   Section        0  peripheral_i2c.o(.text.I2C_Enable)
    [Anonymous Symbol]                       0x0202ae84   Section        0  peripheral_i2c.o(.text.I2C_FifoEmpty)
    [Anonymous Symbol]                       0x0202ae8c   Section        0  peripheral_i2c.o(.text.I2C_FifoFull)
    [Anonymous Symbol]                       0x0202ae94   Section        0  peripheral_i2c.o(.text.I2C_GetIntState)
    [Anonymous Symbol]                       0x0202ae9c   Section        0  peripheral_i2c.o(.text.I2C_IntDisable)
    [Anonymous Symbol]                       0x0202aeb0   Section        0  peripheral_i2c.o(.text.I2C_IntEnable)
    [Anonymous Symbol]                       0x0202aebc   Section        0  peripheral_pinctrl.o(.text.PINCTRL_SelI2cIn)
    [Anonymous Symbol]                       0x0202b2e0   Section        0  peripheral_pinctrl.o(.text.PINCTRL_SetPadMux)
    [Anonymous Symbol]                       0x0202b538   Section        0  peripheral_pwm.o(.text.PWM_Enable)
    [Anonymous Symbol]                       0x0202b554   Section        0  peripheral_pwm.o(.text.PWM_SetHighThreshold)
    [Anonymous Symbol]                       0x0202b564   Section        0  peripheral_pwm.o(.text.PWM_SetPeraThreshold)
    [Anonymous Symbol]                       0x0202b574   Section        0  peripheral_pwm.o(.text.PWM_SetupSimple)
    [Anonymous Symbol]                       0x0202b604   Section        0  peripheral_rtc.o(.text.RTC_ClearIntState)
    [Anonymous Symbol]                       0x0202b618   Section        0  peripheral_rtc.o(.text.RTC_Enable)
    [Anonymous Symbol]                       0x0202b630   Section        0  peripheral_rtc.o(.text.RTC_EnableIRQ)
    [Anonymous Symbol]                       0x0202b64c   Section        0  peripheral_rtc.o(.text.RTC_GetTime)
    [Anonymous Symbol]                       0x0202b670   Section        0  peripheral_rtc.o(.text.RTC_ModifyTime)
    [Anonymous Symbol]                       0x0202b688   Section        0  trace.o(.text.SEGGER_RTT_WriteNoLock)
    [Anonymous Symbol]                       0x0202b7fc   Section        0  peripheral_sysctrl.o(.text.SYSCTRL_ClearClkGate)
    [Anonymous Symbol]                       0x0202b804   Section        0  peripheral_sysctrl.o(.text.SYSCTRL_ClearClkGateMulti)
    SYSCTRL_ClkGateCtrl                      0x0202b829   Thumb Code   824  peripheral_sysctrl.o(.text.SYSCTRL_ClkGateCtrl)
    [Anonymous Symbol]                       0x0202b828   Section        0  peripheral_sysctrl.o(.text.SYSCTRL_ClkGateCtrl)
    [Anonymous Symbol]                       0x0202bb60   Section        0  peripheral_sysctrl.o(.text.SYSCTRL_EnablePcapMode)
    [Anonymous Symbol]                       0x0202bb88   Section        0  peripheral_sysctrl.o(.text.SYSCTRL_GetClk)
    [Anonymous Symbol]                       0x0202c7ec   Section        0  peripheral_sysctrl.o(.text.SYSCTRL_GetHClk)
    [Anonymous Symbol]                       0x0202c924   Section        0  peripheral_sysctrl.o(.text.SYSCTRL_ICacheControl)
    [Anonymous Symbol]                       0x0202c968   Section        0  peripheral_sysctrl.o(.text.SYSCTRL_Init)
    [Anonymous Symbol]                       0x0202cb44   Section        0  peripheral_sysctrl.o(.text.SYSCTRL_ReleaseBlock)
    SYSCTRL_ResetBlockCtrl                   0x0202cb4d   Thumb Code   706  peripheral_sysctrl.o(.text.SYSCTRL_ResetBlockCtrl)
    [Anonymous Symbol]                       0x0202cb4c   Section        0  peripheral_sysctrl.o(.text.SYSCTRL_ResetBlockCtrl)
    [Anonymous Symbol]                       0x0202ce10   Section        0  peripheral_sysctrl.o(.text.SYSCTRL_SetAdcClkDiv)
    [Anonymous Symbol]                       0x0202ce30   Section        0  peripheral_uart.o(.text.UART_SendData)
    [Anonymous Symbol]                       0x0202ce34   Section        0  board.o(.text.adc_init)
    [Anonymous Symbol]                       0x0202ce9c   Section        0  peripheral_uart.o(.text.apUART_Check_TXFIFO_FULL)
    [Anonymous Symbol]                       0x0202cea4   Section        0  peripheral_uart.o(.text.apUART_Initialize)
    [Anonymous Symbol]                       0x0202cf44   Section        0  main.o(.text.app_main)
    att_read_callback                        0x0202d055   Thumb Code     4  profile.o(.text.att_read_callback)
    [Anonymous Symbol]                       0x0202d054   Section        0  profile.o(.text.att_read_callback)
    att_write_callback                       0x0202d059   Thumb Code     4  profile.o(.text.att_write_callback)
    [Anonymous Symbol]                       0x0202d058   Section        0  profile.o(.text.att_write_callback)
    [Anonymous Symbol]                       0x0202d05c   Section        0  board.o(.text.board_init)
    cb_assertion                             0x0202d0fd   Thumb Code    16  main.o(.text.cb_assertion)
    [Anonymous Symbol]                       0x0202d0fc   Section        0  main.o(.text.cb_assertion)
    cb_hard_fault                            0x0202d125   Thumb Code    42  main.o(.text.cb_hard_fault)
    [Anonymous Symbol]                       0x0202d124   Section        0  main.o(.text.cb_hard_fault)
    cb_heap_out_of_mem                       0x0202d151   Thumb Code    12  main.o(.text.cb_heap_out_of_mem)
    [Anonymous Symbol]                       0x0202d150   Section        0  main.o(.text.cb_heap_out_of_mem)
    [Anonymous Symbol]                       0x0202d168   Section        0  main.o(.text.cb_putc)
    [Anonymous Symbol]                       0x0202d18c   Section        0  trace.o(.text.cb_trace_rtt)
    copy_security_data                       0x0202d319   Thumb Code   406  eflash.o(.text.copy_security_data)
    [Anonymous Symbol]                       0x0202d318   Section        0  eflash.o(.text.copy_security_data)
    [Anonymous Symbol]                       0x0202d4b0   Section        0  eflash.o(.text.flash_get_adc_calib_data)
    [Anonymous Symbol]                       0x0202d4c8   Section        0  eflash.o(.text.flash_get_factory_calib_data)
    [Anonymous Symbol]                       0x0202d4e0   Section        0  eflash.o(.text.flash_prepare_factory_data)
    [Anonymous Symbol]                       0x0202d7cc   Section        0  iic_master_interrupt.o(.text.iic_init)
    key_task                                 0x0202d82d   Thumb Code   200  main.o(.text.key_task)
    [Anonymous Symbol]                       0x0202d82c   Section        0  main.o(.text.key_task)
    [Anonymous Symbol]                       0x0202d8f4   Section        0  main.o(.text.on_deep_sleep_wakeup)
    [Anonymous Symbol]                       0x0202d968   Section        0  main.o(.text.on_lle_init)
    [Anonymous Symbol]                       0x0202d96c   Section        0  iic_master_interrupt.o(.text.peripheral_i2c_send_data)
    peripherals_i2c_isr                      0x0202d9cd   Thumb Code   344  iic_master_interrupt.o(.text.peripherals_i2c_isr)
    [Anonymous Symbol]                       0x0202d9cc   Section        0  iic_master_interrupt.o(.text.peripherals_i2c_isr)
    [Anonymous Symbol]                       0x0202db24   Section        0  main.o(.text.query_deep_sleep_allowed)
    [Anonymous Symbol]                       0x0202db28   Section        0  eflash.o(.text.read_flash_security)
    rtc_isr                                  0x0202dbc1   Thumb Code    32  board.o(.text.rtc_isr)
    [Anonymous Symbol]                       0x0202dbc0   Section        0  board.o(.text.rtc_isr)
    security_page_read                       0x0202dbe1   Thumb Code     6  eflash.o(.text.security_page_read)
    [Anonymous Symbol]                       0x0202dbe0   Section        0  eflash.o(.text.security_page_read)
    [Anonymous Symbol]                       0x0202dbe8   Section        0  profile.o(.text.setup_profile)
    [Anonymous Symbol]                       0x0202dc34   Section        0  trace.o(.text.trace_rtt_init)
    user_packet_handler                      0x0202dcb5   Thumb Code   170  profile.o(.text.user_packet_handler)
    [Anonymous Symbol]                       0x0202dcb4   Section        0  profile.o(.text.user_packet_handler)
    i.__scatterload_copy                     0x0202dd5e   Section       14  handlers.o(i.__scatterload_copy)
    i.__scatterload_null                     0x0202dd6c   Section        2  handlers.o(i.__scatterload_null)
    i.__scatterload_zeroinit                 0x0202dd6e   Section       14  handlers.o(i.__scatterload_zeroinit)
    i.malloc                                 0x0202dd7c   Section        0  malloc.o(i.malloc)
    adv_data                                 0x0202dde8   Data          12  profile.o(.rodata.adv_data)
    [Anonymous Symbol]                       0x0202dde8   Section        0  profile.o(.rodata.adv_data)
    adv_sets_en                              0x0202ddf4   Data           6  profile.o(.rodata.adv_sets_en)
    [Anonymous Symbol]                       0x0202ddf4   Section        0  profile.o(.rodata.adv_sets_en)
    evt_cb_table                             0x0202ddfc   Data          96  main.o(.rodata.evt_cb_table)
    [Anonymous Symbol]                       0x0202ddfc   Section        0  main.o(.rodata.evt_cb_table)
    profile_data                             0x0202e17a   Data           2  profile.o(.rodata.profile_data)
    [Anonymous Symbol]                       0x0202e17a   Section        0  profile.o(.rodata.profile_data)
    prog_security_page_read                  0x0202e17c   Data          72  eflash.o(.rodata.prog_security_page_read)
    [Anonymous Symbol]                       0x0202e17c   Section        0  eflash.o(.rodata.prog_security_page_read)
    scan_data                                0x0202e1c4   Data           1  profile.o(.rodata.scan_data)
    [Anonymous Symbol]                       0x0202e1c4   Section        0  profile.o(.rodata.scan_data)
    .L.str.2                                 0x0202e1c5   Data         108  main.o(.rodata.str1.1)
    [Anonymous Symbol]                       0x0202e1c5   Section        0  main.o(.rodata.str1.1)
    .L.str.6                                 0x0202e231   Data           9  trace.o(.rodata.str1.1)
    [Anonymous Symbol]                       0x0202e231   Section        0  trace.o(.rodata.str1.1)
    user_packet_handler.rand_addr            0x0202e23a   Data           6  profile.o(.rodata.user_packet_handler.rand_addr)
    [Anonymous Symbol]                       0x0202e23a   Section        0  profile.o(.rodata.user_packet_handler.rand_addr)
    .data                                    0x20005420   Section        4  mvars.o(.data)
    .data                                    0x20005424   Section        4  mvars.o(.data)
    ADC_adcCal.0                             0x20005428   Data           4  peripheral_adc.o(.bss.ADC_adcCal.0)
    [Anonymous Symbol]                       0x20005428   Section        0  peripheral_adc.o(.bss.ADC_adcCal.0)
    ADC_adcCal.2                             0x2000542c   Data           4  peripheral_adc.o(.bss.ADC_adcCal.2)
    [Anonymous Symbol]                       0x2000542c   Section        0  peripheral_adc.o(.bss.ADC_adcCal.2)
    _acDownBuffer                            0x20005478   Data          16  trace.o(.bss._acDownBuffer)
    [Anonymous Symbol]                       0x20005478   Section        0  trace.o(.bss._acDownBuffer)
    _acUpBuffer                              0x20005488   Data         500  trace.o(.bss._acUpBuffer)
    [Anonymous Symbol]                       0x20005488   Section        0  trace.o(.bss._acUpBuffer)
    ftCali                                   0x2000567c   Data           4  peripheral_adc.o(.bss.ftCali)
    [Anonymous Symbol]                       0x2000567c   Section        0  peripheral_adc.o(.bss.ftCali)
    hci_event_callback_registration          0x20005680   Data           8  profile.o(.bss.hci_event_callback_registration)
    [Anonymous Symbol]                       0x20005680   Section        0  profile.o(.bss.hci_event_callback_registration)
    pwm_dir                                  0x2000569c   Data           1  main.o(.bss.pwm_dir)
    [Anonymous Symbol]                       0x2000569c   Section        0  main.o(.bss.pwm_dir)
    pwn_duty                                 0x2000569d   Data           1  main.o(.bss.pwn_duty)
    [Anonymous Symbol]                       0x2000569d   Section        0  main.o(.bss.pwn_duty)
    read_buf_ptr                             0x200056a0   Data           4  iic_master_interrupt.o(.bss.read_buf_ptr)
    [Anonymous Symbol]                       0x200056a0   Section        0  iic_master_interrupt.o(.bss.read_buf_ptr)
    send_buf_ptr                             0x200056a8   Data           4  iic_master_interrupt.o(.bss.send_buf_ptr)
    [Anonymous Symbol]                       0x200056a8   Section        0  iic_master_interrupt.o(.bss.send_buf_ptr)
    wr_flag                                  0x200056ad   Data           1  iic_master_interrupt.o(.bss.wr_flag)
    [Anonymous Symbol]                       0x200056ad   Section        0  iic_master_interrupt.o(.bss.wr_flag)
    HEAP                                     0x200056b0   Section        0  startup_ing91600.o(HEAP)
    STACK                                    0x200056b0   Section        4  startup_ing91600.o(STACK)

    Global Symbols

    Symbol Name                              Value     Ov Type        Size  Object(Section)

    BuildAttributes$$THM_ISAv4$E$P$D$K$B$S$7EM$VFPi3$EXTD16$VFPS$VFMA$PE$A:L22UL41UL21$X:L11$S22US41US21$IEEE1$IW$~IW$USESV6$~STKCKD$USESV7$~SHL$OTIME$ROPI$EBA8$MICROLIB$REQ8$PRES8$EABIv2 0x00000000   Number         0  anon$$obj.o ABSOLUTE
    _printf_a                                0x00000000   Number         0  printfstubs.o ABSOLUTE
    _printf_c                                0x00000000   Number         0  printfstubs.o ABSOLUTE
    _printf_charcount                        0x00000000   Number         0  printfstubs.o ABSOLUTE
    _printf_d                                0x00000000   Number         0  printfstubs.o ABSOLUTE
    _printf_e                                0x00000000   Number         0  printfstubs.o ABSOLUTE
    _printf_f                                0x00000000   Number         0  printfstubs.o ABSOLUTE
    _printf_flags                            0x00000000   Number         0  printfstubs.o ABSOLUTE
    _printf_fp_dec                           0x00000000   Number         0  printfstubs.o ABSOLUTE
    _printf_fp_hex                           0x00000000   Number         0  printfstubs.o ABSOLUTE
    _printf_g                                0x00000000   Number         0  printfstubs.o ABSOLUTE
    _printf_i                                0x00000000   Number         0  printfstubs.o ABSOLUTE
    _printf_int_dec                          0x00000000   Number         0  printfstubs.o ABSOLUTE
    _printf_l                                0x00000000   Number         0  printfstubs.o ABSOLUTE
    _printf_lc                               0x00000000   Number         0  printfstubs.o ABSOLUTE
    _printf_ll                               0x00000000   Number         0  printfstubs.o ABSOLUTE
    _printf_lld                              0x00000000   Number         0  printfstubs.o ABSOLUTE
    _printf_lli                              0x00000000   Number         0  printfstubs.o ABSOLUTE
    _printf_llo                              0x00000000   Number         0  printfstubs.o ABSOLUTE
    _printf_llu                              0x00000000   Number         0  printfstubs.o ABSOLUTE
    _printf_llx                              0x00000000   Number         0  printfstubs.o ABSOLUTE
    _printf_longlong_dec                     0x00000000   Number         0  printfstubs.o ABSOLUTE
    _printf_longlong_hex                     0x00000000   Number         0  printfstubs.o ABSOLUTE
    _printf_longlong_oct                     0x00000000   Number         0  printfstubs.o ABSOLUTE
    _printf_ls                               0x00000000   Number         0  printfstubs.o ABSOLUTE
    _printf_mbtowc                           0x00000000   Number         0  printfstubs.o ABSOLUTE
    _printf_n                                0x00000000   Number         0  printfstubs.o ABSOLUTE
    _printf_o                                0x00000000   Number         0  printfstubs.o ABSOLUTE
    _printf_p                                0x00000000   Number         0  printfstubs.o ABSOLUTE
    _printf_percent                          0x00000000   Number         0  printfstubs.o ABSOLUTE
    _printf_pre_padding                      0x00000000   Number         0  printfstubs.o ABSOLUTE
    _printf_return_value                     0x00000000   Number         0  printfstubs.o ABSOLUTE
    _printf_s                                0x00000000   Number         0  printfstubs.o ABSOLUTE
    _printf_sizespec                         0x00000000   Number         0  printfstubs.o ABSOLUTE
    _printf_str                              0x00000000   Number         0  printfstubs.o ABSOLUTE
    _printf_truncate_signed                  0x00000000   Number         0  printfstubs.o ABSOLUTE
    _printf_truncate_unsigned                0x00000000   Number         0  printfstubs.o ABSOLUTE
    _printf_u                                0x00000000   Number         0  printfstubs.o ABSOLUTE
    _printf_wc                               0x00000000   Number         0  printfstubs.o ABSOLUTE
    _printf_wctomb                           0x00000000   Number         0  printfstubs.o ABSOLUTE
    _printf_widthprec                        0x00000000   Number         0  printfstubs.o ABSOLUTE
    _printf_x                                0x00000000   Number         0  printfstubs.o ABSOLUTE
    __cpp_initialize__aeabi_                  - Undefined Weak Reference
    __cxa_finalize                            - Undefined Weak Reference
    __decompress                              - Undefined Weak Reference
    _clock_init                               - Undefined Weak Reference
    _microlib_exit                            - Undefined Weak Reference
    platform_call_on_stack                   0x020030fb   Thumb Code     0  symdefs.m ABSOLUTE
    att_dispatch_client_can_send_now         0x020053cd   Thumb Code     0  symdefs.m ABSOLUTE
    att_dispatch_client_request_can_send_now_event 0x020053d3   Thumb Code     0  symdefs.m ABSOLUTE
    att_dispatch_register_client             0x020053d9   Thumb Code     0  symdefs.m ABSOLUTE
    att_dispatch_register_server             0x020053ed   Thumb Code     0  symdefs.m ABSOLUTE
    att_dispatch_server_can_send_now         0x02005401   Thumb Code     0  symdefs.m ABSOLUTE
    att_dispatch_server_request_can_send_now_event 0x02005407   Thumb Code     0  symdefs.m ABSOLUTE
    att_emit_general_event                   0x020054b9   Thumb Code     0  symdefs.m ABSOLUTE
    att_server_can_send_packet_now           0x02005bf5   Thumb Code     0  symdefs.m ABSOLUTE
    att_server_deferred_read_response        0x02005bf9   Thumb Code     0  symdefs.m ABSOLUTE
    att_server_get_mtu                       0x02005c11   Thumb Code     0  symdefs.m ABSOLUTE
    att_server_indicate                      0x02005c89   Thumb Code     0  symdefs.m ABSOLUTE
    att_server_init                          0x02005d0d   Thumb Code     0  symdefs.m ABSOLUTE
    att_server_notify                        0x02005d49   Thumb Code     0  symdefs.m ABSOLUTE
    att_server_register_packet_handler       0x02005e61   Thumb Code     0  symdefs.m ABSOLUTE
    att_server_request_can_send_now_event    0x02005e6d   Thumb Code     0  symdefs.m ABSOLUTE
    att_set_db                               0x02005e89   Thumb Code     0  symdefs.m ABSOLUTE
    att_set_read_callback                    0x02005e9d   Thumb Code     0  symdefs.m ABSOLUTE
    att_set_write_callback                   0x02005ea9   Thumb Code     0  symdefs.m ABSOLUTE
    bd_addr_cmp                              0x02006079   Thumb Code     0  symdefs.m ABSOLUTE
    bd_addr_copy                             0x0200607f   Thumb Code     0  symdefs.m ABSOLUTE
    bd_addr_to_str                           0x02006089   Thumb Code     0  symdefs.m ABSOLUTE
    big_endian_read_16                       0x020060c1   Thumb Code     0  symdefs.m ABSOLUTE
    big_endian_read_32                       0x020060c9   Thumb Code     0  symdefs.m ABSOLUTE
    big_endian_store_16                      0x020060dd   Thumb Code     0  symdefs.m ABSOLUTE
    big_endian_store_32                      0x020060e9   Thumb Code     0  symdefs.m ABSOLUTE
    btstack_config                           0x02006249   Thumb Code     0  symdefs.m ABSOLUTE
    btstack_get_capabilities                 0x02006255   Thumb Code     0  symdefs.m ABSOLUTE
    btstack_memory_pool_create               0x0200639f   Thumb Code     0  symdefs.m ABSOLUTE
    btstack_memory_pool_free                 0x020063c9   Thumb Code     0  symdefs.m ABSOLUTE
    btstack_memory_pool_get                  0x02006429   Thumb Code     0  symdefs.m ABSOLUTE
    btstack_push_user_msg                    0x02006491   Thumb Code     0  symdefs.m ABSOLUTE
    btstack_push_user_runnable               0x0200649d   Thumb Code     0  symdefs.m ABSOLUTE
    btstack_reset                            0x020064a9   Thumb Code     0  symdefs.m ABSOLUTE
    char_for_nibble                          0x0200679b   Thumb Code     0  symdefs.m ABSOLUTE
    eTaskConfirmSleepModeStatus              0x02006b4d   Thumb Code     0  symdefs.m ABSOLUTE
    gap_add_dev_to_periodic_list             0x020071a9   Thumb Code     0  symdefs.m ABSOLUTE
    gap_add_whitelist                        0x020071b9   Thumb Code     0  symdefs.m ABSOLUTE
    gap_aes_encrypt                          0x020071c5   Thumb Code     0  symdefs.m ABSOLUTE
    gap_clear_white_lists                    0x020071fd   Thumb Code     0  symdefs.m ABSOLUTE
    gap_clr_adv_set                          0x02007209   Thumb Code     0  symdefs.m ABSOLUTE
    gap_clr_periodic_adv_list                0x02007215   Thumb Code     0  symdefs.m ABSOLUTE
    gap_create_connection_cancel             0x02007221   Thumb Code     0  symdefs.m ABSOLUTE
    gap_default_periodic_adv_sync_transfer_param 0x0200722d   Thumb Code     0  symdefs.m ABSOLUTE
    gap_disconnect                           0x02007245   Thumb Code     0  symdefs.m ABSOLUTE
    gap_disconnect2                          0x0200724d   Thumb Code     0  symdefs.m ABSOLUTE
    gap_disconnect_all                       0x02007279   Thumb Code     0  symdefs.m ABSOLUTE
    gap_ext_create_connection                0x020072b9   Thumb Code     0  symdefs.m ABSOLUTE
    gap_get_connection_parameter_range       0x02007391   Thumb Code     0  symdefs.m ABSOLUTE
    gap_le_read_channel_map                  0x020073c9   Thumb Code     0  symdefs.m ABSOLUTE
    gap_periodic_adv_create_sync             0x02007429   Thumb Code     0  symdefs.m ABSOLUTE
    gap_periodic_adv_create_sync_cancel      0x0200744d   Thumb Code     0  symdefs.m ABSOLUTE
    gap_periodic_adv_set_info_transfer       0x02007459   Thumb Code     0  symdefs.m ABSOLUTE
    gap_periodic_adv_sync_transfer           0x02007469   Thumb Code     0  symdefs.m ABSOLUTE
    gap_periodic_adv_sync_transfer_param     0x02007479   Thumb Code     0  symdefs.m ABSOLUTE
    gap_periodic_adv_term_sync               0x02007495   Thumb Code     0  symdefs.m ABSOLUTE
    gap_read_antenna_info                    0x0200751d   Thumb Code     0  symdefs.m ABSOLUTE
    gap_read_periodic_adv_list_size          0x02007529   Thumb Code     0  symdefs.m ABSOLUTE
    gap_read_phy                             0x02007535   Thumb Code     0  symdefs.m ABSOLUTE
    gap_read_remote_used_features            0x02007541   Thumb Code     0  symdefs.m ABSOLUTE
    gap_read_remote_version                  0x0200754d   Thumb Code     0  symdefs.m ABSOLUTE
    gap_read_rssi                            0x02007559   Thumb Code     0  symdefs.m ABSOLUTE
    gap_read_white_lists_size                0x02007565   Thumb Code     0  symdefs.m ABSOLUTE
    gap_remove_whitelist                     0x02007571   Thumb Code     0  symdefs.m ABSOLUTE
    gap_rmv_adv_set                          0x020075ed   Thumb Code     0  symdefs.m ABSOLUTE
    gap_rmv_dev_from_periodic_list           0x020075f9   Thumb Code     0  symdefs.m ABSOLUTE
    gap_rx_test_v2                           0x02007609   Thumb Code     0  symdefs.m ABSOLUTE
    gap_rx_test_v3                           0x02007619   Thumb Code     0  symdefs.m ABSOLUTE
    gap_set_adv_set_random_addr              0x02007665   Thumb Code     0  symdefs.m ABSOLUTE
    gap_set_callback_for_next_hci            0x02007689   Thumb Code     0  symdefs.m ABSOLUTE
    gap_set_connection_cte_request_enable    0x020076a9   Thumb Code     0  symdefs.m ABSOLUTE
    gap_set_connection_cte_response_enable   0x020076c5   Thumb Code     0  symdefs.m ABSOLUTE
    gap_set_connection_cte_rx_param          0x020076d5   Thumb Code     0  symdefs.m ABSOLUTE
    gap_set_connection_cte_tx_param          0x02007729   Thumb Code     0  symdefs.m ABSOLUTE
    gap_set_connection_parameter_range       0x02007775   Thumb Code     0  symdefs.m ABSOLUTE
    gap_set_connectionless_cte_tx_enable     0x0200778d   Thumb Code     0  symdefs.m ABSOLUTE
    gap_set_connectionless_cte_tx_param      0x0200779d   Thumb Code     0  symdefs.m ABSOLUTE
    gap_set_connectionless_iq_sampling_enable 0x020077f9   Thumb Code     0  symdefs.m ABSOLUTE
    gap_set_data_length                      0x02007855   Thumb Code     0  symdefs.m ABSOLUTE
    gap_set_def_phy                          0x0200786d   Thumb Code     0  symdefs.m ABSOLUTE
    gap_set_ext_adv_data                     0x0200787d   Thumb Code     0  symdefs.m ABSOLUTE
    gap_set_ext_adv_enable                   0x02007895   Thumb Code     0  symdefs.m ABSOLUTE
    gap_set_ext_adv_para                     0x02007905   Thumb Code     0  symdefs.m ABSOLUTE
    gap_set_ext_scan_enable                  0x020079c5   Thumb Code     0  symdefs.m ABSOLUTE
    gap_set_ext_scan_para                    0x020079dd   Thumb Code     0  symdefs.m ABSOLUTE
    gap_set_ext_scan_response_data           0x02007a7d   Thumb Code     0  symdefs.m ABSOLUTE
    gap_set_host_channel_classification      0x02007a95   Thumb Code     0  symdefs.m ABSOLUTE
    gap_set_periodic_adv_data                0x02007aa5   Thumb Code     0  symdefs.m ABSOLUTE
    gap_set_periodic_adv_enable              0x02007b15   Thumb Code     0  symdefs.m ABSOLUTE
    gap_set_periodic_adv_para                0x02007b25   Thumb Code     0  symdefs.m ABSOLUTE
    gap_set_periodic_adv_rx_enable           0x02007b3d   Thumb Code     0  symdefs.m ABSOLUTE
    gap_set_phy                              0x02007b4d   Thumb Code     0  symdefs.m ABSOLUTE
    gap_set_random_device_address            0x02007b69   Thumb Code     0  symdefs.m ABSOLUTE
    gap_start_ccm                            0x02007b85   Thumb Code     0  symdefs.m ABSOLUTE
    gap_test_end                             0x02007bcd   Thumb Code     0  symdefs.m ABSOLUTE
    gap_tx_test_v2                           0x02007bd9   Thumb Code     0  symdefs.m ABSOLUTE
    gap_tx_test_v4                           0x02007bf1   Thumb Code     0  symdefs.m ABSOLUTE
    gap_update_connection_parameters         0x02007c15   Thumb Code     0  symdefs.m ABSOLUTE
    gap_vendor_tx_continuous_wave            0x02007c59   Thumb Code     0  symdefs.m ABSOLUTE
    gatt_client_cancel_write                 0x02008181   Thumb Code     0  symdefs.m ABSOLUTE
    gatt_client_discover_characteristic_descriptors 0x020081a7   Thumb Code     0  symdefs.m ABSOLUTE
    gatt_client_discover_characteristics_for_handle_range_by_uuid128 0x020081e7   Thumb Code     0  symdefs.m ABSOLUTE
    gatt_client_discover_characteristics_for_handle_range_by_uuid16 0x02008237   Thumb Code     0  symdefs.m ABSOLUTE
    gatt_client_discover_characteristics_for_service 0x02008287   Thumb Code     0  symdefs.m ABSOLUTE
    gatt_client_discover_primary_services    0x020082bd   Thumb Code     0  symdefs.m ABSOLUTE
    gatt_client_discover_primary_services_by_uuid128 0x020082ef   Thumb Code     0  symdefs.m ABSOLUTE
    gatt_client_discover_primary_services_by_uuid16 0x02008333   Thumb Code     0  symdefs.m ABSOLUTE
    gatt_client_execute_write                0x02008371   Thumb Code     0  symdefs.m ABSOLUTE
    gatt_client_find_included_services_for_service 0x02008397   Thumb Code     0  symdefs.m ABSOLUTE
    gatt_client_get_mtu                      0x020083c5   Thumb Code     0  symdefs.m ABSOLUTE
    gatt_client_is_ready                     0x02008491   Thumb Code     0  symdefs.m ABSOLUTE
    gatt_client_listen_for_characteristic_value_updates 0x020084a7   Thumb Code     0  symdefs.m ABSOLUTE
    gatt_client_prepare_write                0x020084c9   Thumb Code     0  symdefs.m ABSOLUTE
    gatt_client_read_characteristic_descriptor_using_descriptor_handle 0x02008505   Thumb Code     0  symdefs.m ABSOLUTE
    gatt_client_read_long_characteristic_descriptor_using_descriptor_handle 0x0200852f   Thumb Code     0  symdefs.m ABSOLUTE
    gatt_client_read_long_characteristic_descriptor_using_descriptor_handle_with_offset 0x02008535   Thumb Code     0  symdefs.m ABSOLUTE
    gatt_client_read_long_value_of_characteristic_using_value_handle 0x02008563   Thumb Code     0  symdefs.m ABSOLUTE
    gatt_client_read_long_value_of_characteristic_using_value_handle_with_offset 0x02008569   Thumb Code     0  symdefs.m ABSOLUTE
    gatt_client_read_multiple_characteristic_values 0x02008597   Thumb Code     0  symdefs.m ABSOLUTE
    gatt_client_read_value_of_characteristic_using_value_handle 0x020085c7   Thumb Code     0  symdefs.m ABSOLUTE
    gatt_client_read_value_of_characteristics_by_uuid128 0x020085f5   Thumb Code     0  symdefs.m ABSOLUTE
    gatt_client_read_value_of_characteristics_by_uuid16 0x02008641   Thumb Code     0  symdefs.m ABSOLUTE
    gatt_client_register_handler             0x0200868d   Thumb Code     0  symdefs.m ABSOLUTE
    gatt_client_reliable_write_long_value_of_characteristic 0x02008699   Thumb Code     0  symdefs.m ABSOLUTE
    gatt_client_signed_write_without_response 0x02008acd   Thumb Code     0  symdefs.m ABSOLUTE
    gatt_client_write_characteristic_descriptor_using_descriptor_handle 0x02008b91   Thumb Code     0  symdefs.m ABSOLUTE
    gatt_client_write_client_characteristic_configuration 0x02008bcb   Thumb Code     0  symdefs.m ABSOLUTE
    gatt_client_write_long_characteristic_descriptor_using_descriptor_handle 0x02008c1d   Thumb Code     0  symdefs.m ABSOLUTE
    gatt_client_write_long_characteristic_descriptor_using_descriptor_handle_with_offset 0x02008c2d   Thumb Code     0  symdefs.m ABSOLUTE
    gatt_client_write_long_value_of_characteristic 0x02008c69   Thumb Code     0  symdefs.m ABSOLUTE
    gatt_client_write_long_value_of_characteristic_with_offset 0x02008c79   Thumb Code     0  symdefs.m ABSOLUTE
    gatt_client_write_value_of_characteristic 0x02008cb5   Thumb Code     0  symdefs.m ABSOLUTE
    gatt_client_write_value_of_characteristic_without_response 0x02008ceb   Thumb Code     0  symdefs.m ABSOLUTE
    hci_add_event_handler                    0x0200a2d9   Thumb Code     0  symdefs.m ABSOLUTE
    hci_power_control                        0x0200aa7d   Thumb Code     0  symdefs.m ABSOLUTE
    hci_register_acl_packet_handler          0x0200ac31   Thumb Code     0  symdefs.m ABSOLUTE
    kv_commit                                0x0200b355   Thumb Code     0  symdefs.m ABSOLUTE
    kv_get                                   0x0200b3b1   Thumb Code     0  symdefs.m ABSOLUTE
    kv_init                                  0x0200b3bd   Thumb Code     0  symdefs.m ABSOLUTE
    kv_init_backend                          0x0200b43d   Thumb Code     0  symdefs.m ABSOLUTE
    kv_put                                   0x0200b451   Thumb Code     0  symdefs.m ABSOLUTE
    kv_remove                                0x0200b45d   Thumb Code     0  symdefs.m ABSOLUTE
    kv_remove_all                            0x0200b491   Thumb Code     0  symdefs.m ABSOLUTE
    kv_value_modified                        0x0200b4c1   Thumb Code     0  symdefs.m ABSOLUTE
    kv_value_modified_of_key                 0x0200b4dd   Thumb Code     0  symdefs.m ABSOLUTE
    kv_visit                                 0x0200b4e9   Thumb Code     0  symdefs.m ABSOLUTE
    l2cap_add_event_handler                  0x0200b579   Thumb Code     0  symdefs.m ABSOLUTE
    l2cap_can_send_packet_now                0x0200b589   Thumb Code     0  symdefs.m ABSOLUTE
    l2cap_create_le_credit_based_connection_request 0x0200b74d   Thumb Code     0  symdefs.m ABSOLUTE
    l2cap_credit_based_send                  0x0200b895   Thumb Code     0  symdefs.m ABSOLUTE
    l2cap_credit_based_send_continue         0x0200b8c1   Thumb Code     0  symdefs.m ABSOLUTE
    l2cap_disconnect                         0x0200b93d   Thumb Code     0  symdefs.m ABSOLUTE
    l2cap_get_le_credit_based_connection_credits 0x0200bb29   Thumb Code     0  symdefs.m ABSOLUTE
    l2cap_get_peer_mtu_for_local_cid         0x0200bb45   Thumb Code     0  symdefs.m ABSOLUTE
    l2cap_init                               0x0200bf85   Thumb Code     0  symdefs.m ABSOLUTE
    l2cap_le_send_flow_control_credit        0x0200c07b   Thumb Code     0  symdefs.m ABSOLUTE
    l2cap_max_le_mtu                         0x0200c389   Thumb Code     0  symdefs.m ABSOLUTE
    l2cap_register_packet_handler            0x0200c4b1   Thumb Code     0  symdefs.m ABSOLUTE
    l2cap_register_service                   0x0200c4bd   Thumb Code     0  symdefs.m ABSOLUTE
    l2cap_request_can_send_now_event         0x0200c5cd   Thumb Code     0  symdefs.m ABSOLUTE
    l2cap_request_connection_parameter_update 0x0200c5e7   Thumb Code     0  symdefs.m ABSOLUTE
    l2cap_send_echo_request                  0x0200cac9   Thumb Code     0  symdefs.m ABSOLUTE
    l2cap_unregister_service                 0x0200cba9   Thumb Code     0  symdefs.m ABSOLUTE
    le_device_db_add                         0x0200cc01   Thumb Code     0  symdefs.m ABSOLUTE
    le_device_db_find                        0x0200ccd9   Thumb Code     0  symdefs.m ABSOLUTE
    le_device_db_from_key                    0x0200cd05   Thumb Code     0  symdefs.m ABSOLUTE
    le_device_db_iter_cur                    0x0200cd0d   Thumb Code     0  symdefs.m ABSOLUTE
    le_device_db_iter_cur_key                0x0200cd11   Thumb Code     0  symdefs.m ABSOLUTE
    le_device_db_iter_init                   0x0200cd15   Thumb Code     0  symdefs.m ABSOLUTE
    le_device_db_iter_next                   0x0200cd1d   Thumb Code     0  symdefs.m ABSOLUTE
    le_device_db_remove_key                  0x0200cd43   Thumb Code     0  symdefs.m ABSOLUTE
    ll_adjust_conn_peer_tx_power             0x0200cd71   Thumb Code     0  symdefs.m ABSOLUTE
    ll_aes_encrypt                           0x0200cd9d   Thumb Code     0  symdefs.m ABSOLUTE
    ll_config                                0x0200ce11   Thumb Code     0  symdefs.m ABSOLUTE
    ll_free                                  0x0200ce47   Thumb Code     0  symdefs.m ABSOLUTE
    ll_get_capabilities                      0x0200ce51   Thumb Code     0  symdefs.m ABSOLUTE
    ll_get_heap_free_size                    0x0200ce6d   Thumb Code     0  symdefs.m ABSOLUTE
    ll_get_states                            0x0200ce7d   Thumb Code     0  symdefs.m ABSOLUTE
    ll_hint_on_ce_len                        0x0200cf39   Thumb Code     0  symdefs.m ABSOLUTE
    ll_legacy_adv_set_interval               0x0200cf71   Thumb Code     0  symdefs.m ABSOLUTE
    ll_malloc                                0x0200cf81   Thumb Code     0  symdefs.m ABSOLUTE
    ll_register_hci_acl_previewer            0x0200d099   Thumb Code     0  symdefs.m ABSOLUTE
    ll_scan_set_fixed_channel                0x0200d0fd   Thumb Code     0  symdefs.m ABSOLUTE
    ll_set_adv_access_address                0x0200d315   Thumb Code     0  symdefs.m ABSOLUTE
    ll_set_adv_coded_scheme                  0x0200d321   Thumb Code     0  symdefs.m ABSOLUTE
    ll_set_conn_acl_report_latency           0x0200d359   Thumb Code     0  symdefs.m ABSOLUTE
    ll_set_conn_coded_scheme                 0x0200d389   Thumb Code     0  symdefs.m ABSOLUTE
    ll_set_conn_latency                      0x0200d3b5   Thumb Code     0  symdefs.m ABSOLUTE
    ll_set_conn_tx_power                     0x0200d3e5   Thumb Code     0  symdefs.m ABSOLUTE
    ll_set_def_antenna                       0x0200d421   Thumb Code     0  symdefs.m ABSOLUTE
    ll_set_initiating_coded_scheme           0x0200d441   Thumb Code     0  symdefs.m ABSOLUTE
    ll_set_max_conn_number                   0x0200d44d   Thumb Code     0  symdefs.m ABSOLUTE
    ll_set_tx_power_range                    0x0200d4e1   Thumb Code     0  symdefs.m ABSOLUTE
    nibble_for_char                          0x02020241   Thumb Code     0  symdefs.m ABSOLUTE
    platform_calibrate_rt_clk                0x020202eb   Thumb Code     0  symdefs.m ABSOLUTE
    platform_cancel_us_timer                 0x020202ef   Thumb Code     0  symdefs.m ABSOLUTE
    platform_config                          0x02020305   Thumb Code     0  symdefs.m ABSOLUTE
    platform_create_us_timer                 0x02020439   Thumb Code     0  symdefs.m ABSOLUTE
    platform_delete_timer                    0x0202044d   Thumb Code     0  symdefs.m ABSOLUTE
    platform_enable_irq                      0x02020455   Thumb Code     0  symdefs.m ABSOLUTE
    platform_get_current_task                0x02020489   Thumb Code     0  symdefs.m ABSOLUTE
    platform_get_gen_os_driver               0x020204ad   Thumb Code     0  symdefs.m ABSOLUTE
    platform_get_heap_status                 0x020204b5   Thumb Code     0  symdefs.m ABSOLUTE
    platform_get_link_layer_interf           0x020204cd   Thumb Code     0  symdefs.m ABSOLUTE
    platform_get_task_handle                 0x020204d5   Thumb Code     0  symdefs.m ABSOLUTE
    platform_get_timer_counter               0x020204f5   Thumb Code     0  symdefs.m ABSOLUTE
    platform_get_us_time                     0x020204f9   Thumb Code     0  symdefs.m ABSOLUTE
    platform_get_version                     0x020204fd   Thumb Code     0  symdefs.m ABSOLUTE
    platform_hrng                            0x02020519   Thumb Code     0  symdefs.m ABSOLUTE
    platform_install_isr_stack               0x02020521   Thumb Code     0  symdefs.m ABSOLUTE
    platform_install_task_stack              0x0202052d   Thumb Code     0  symdefs.m ABSOLUTE
    platform_patch_rf_init_data              0x02020565   Thumb Code     0  symdefs.m ABSOLUTE
    platform_printf                          0x02020571   Thumb Code     0  symdefs.m ABSOLUTE
    platform_raise_assertion                 0x02020585   Thumb Code     0  symdefs.m ABSOLUTE
    platform_rand                            0x02020599   Thumb Code     0  symdefs.m ABSOLUTE
    platform_read_info                       0x0202059d   Thumb Code     0  symdefs.m ABSOLUTE
    platform_read_persistent_reg             0x020205cd   Thumb Code     0  symdefs.m ABSOLUTE
    platform_reset                           0x020205ed   Thumb Code     0  symdefs.m ABSOLUTE
    platform_rt_rc_auto_tune                 0x02020601   Thumb Code     0  symdefs.m ABSOLUTE
    platform_rt_rc_auto_tune2                0x02020609   Thumb Code     0  symdefs.m ABSOLUTE
    platform_rt_rc_tune                      0x02020669   Thumb Code     0  symdefs.m ABSOLUTE
    platform_set_abs_timer                   0x02020695   Thumb Code     0  symdefs.m ABSOLUTE
    platform_set_evt_callback                0x02020699   Thumb Code     0  symdefs.m ABSOLUTE
    platform_set_evt_callback_table          0x020206ad   Thumb Code     0  symdefs.m ABSOLUTE
    platform_set_irq_callback                0x020206b9   Thumb Code     0  symdefs.m ABSOLUTE
    platform_set_irq_callback_table          0x020206d5   Thumb Code     0  symdefs.m ABSOLUTE
    platform_set_rf_clk_source               0x020206e1   Thumb Code     0  symdefs.m ABSOLUTE
    platform_set_rf_init_data                0x020206ed   Thumb Code     0  symdefs.m ABSOLUTE
    platform_set_rf_power_mapping            0x020206f9   Thumb Code     0  symdefs.m ABSOLUTE
    platform_set_timer                       0x02020705   Thumb Code     0  symdefs.m ABSOLUTE
    platform_shutdown                        0x02020709   Thumb Code     0  symdefs.m ABSOLUTE
    platform_switch_app                      0x0202070d   Thumb Code     0  symdefs.m ABSOLUTE
    platform_trace_raw                       0x02020725   Thumb Code     0  symdefs.m ABSOLUTE
    platform_write_persistent_reg            0x0202073d   Thumb Code     0  symdefs.m ABSOLUTE
    printf_hexdump                           0x02020915   Thumb Code     0  symdefs.m ABSOLUTE
    pvPortMalloc                             0x020213ed   Thumb Code     0  symdefs.m ABSOLUTE
    pvTaskIncrementMutexHeldCount            0x020214d5   Thumb Code     0  symdefs.m ABSOLUTE
    pvTimerGetTimerID                        0x020214ed   Thumb Code     0  symdefs.m ABSOLUTE
    pxPortInitialiseStack                    0x02021519   Thumb Code     0  symdefs.m ABSOLUTE
    reverse_128                              0x02021701   Thumb Code     0  symdefs.m ABSOLUTE
    reverse_24                               0x02021707   Thumb Code     0  symdefs.m ABSOLUTE
    reverse_256                              0x0202170d   Thumb Code     0  symdefs.m ABSOLUTE
    reverse_48                               0x02021713   Thumb Code     0  symdefs.m ABSOLUTE
    reverse_56                               0x02021719   Thumb Code     0  symdefs.m ABSOLUTE
    reverse_64                               0x0202171f   Thumb Code     0  symdefs.m ABSOLUTE
    reverse_bd_addr                          0x02021725   Thumb Code     0  symdefs.m ABSOLUTE
    reverse_bytes                            0x0202172b   Thumb Code     0  symdefs.m ABSOLUTE
    sm_add_event_handler                     0x02021a89   Thumb Code     0  symdefs.m ABSOLUTE
    sm_address_resolution_lookup             0x02021be1   Thumb Code     0  symdefs.m ABSOLUTE
    sm_authenticated                         0x02021f89   Thumb Code     0  symdefs.m ABSOLUTE
    sm_authorization_decline                 0x02021f97   Thumb Code     0  symdefs.m ABSOLUTE
    sm_authorization_grant                   0x02021fb7   Thumb Code     0  symdefs.m ABSOLUTE
    sm_authorization_state                   0x02021fd7   Thumb Code     0  symdefs.m ABSOLUTE
    sm_bonding_decline                       0x02021ff1   Thumb Code     0  symdefs.m ABSOLUTE
    sm_config                                0x02022445   Thumb Code     0  symdefs.m ABSOLUTE
    sm_config_conn                           0x02022479   Thumb Code     0  symdefs.m ABSOLUTE
    sm_encryption_key_size                   0x02022633   Thumb Code     0  symdefs.m ABSOLUTE
    sm_just_works_confirm                    0x02022bb9   Thumb Code     0  symdefs.m ABSOLUTE
    sm_le_device_key                         0x02022ef9   Thumb Code     0  symdefs.m ABSOLUTE
    sm_passkey_input                         0x02022f8f   Thumb Code     0  symdefs.m ABSOLUTE
    sm_private_random_address_generation_get 0x02023351   Thumb Code     0  symdefs.m ABSOLUTE
    sm_private_random_address_generation_get_mode 0x02023359   Thumb Code     0  symdefs.m ABSOLUTE
    sm_private_random_address_generation_set_mode 0x02023365   Thumb Code     0  symdefs.m ABSOLUTE
    sm_private_random_address_generation_set_update_period 0x0202338d   Thumb Code     0  symdefs.m ABSOLUTE
    sm_register_external_ltk_callback        0x020234c9   Thumb Code     0  symdefs.m ABSOLUTE
    sm_register_oob_data_callback            0x020234d5   Thumb Code     0  symdefs.m ABSOLUTE
    sm_request_pairing                       0x020234e1   Thumb Code     0  symdefs.m ABSOLUTE
    sm_send_security_request                 0x02023fbf   Thumb Code     0  symdefs.m ABSOLUTE
    sm_set_accepted_stk_generation_methods   0x02023fe5   Thumb Code     0  symdefs.m ABSOLUTE
    sm_set_authentication_requirements       0x02023ff1   Thumb Code     0  symdefs.m ABSOLUTE
    sm_set_encryption_key_size_range         0x02024001   Thumb Code     0  symdefs.m ABSOLUTE
    sscanf_bd_addr                           0x02024351   Thumb Code     0  symdefs.m ABSOLUTE
    sysSetPublicDeviceAddr                   0x020248ad   Thumb Code     0  symdefs.m ABSOLUTE
    uuid128_to_str                           0x0202511d   Thumb Code     0  symdefs.m ABSOLUTE
    uuid_add_bluetooth_prefix                0x02025175   Thumb Code     0  symdefs.m ABSOLUTE
    uuid_has_bluetooth_prefix                0x02025195   Thumb Code     0  symdefs.m ABSOLUTE
    uxListRemove                             0x020251b1   Thumb Code     0  symdefs.m ABSOLUTE
    uxQueueMessagesWaiting                   0x020251d9   Thumb Code     0  symdefs.m ABSOLUTE
    uxQueueMessagesWaitingFromISR            0x02025201   Thumb Code     0  symdefs.m ABSOLUTE
    uxQueueSpacesAvailable                   0x0202521d   Thumb Code     0  symdefs.m ABSOLUTE
    uxTaskGetStackHighWaterMark              0x02025249   Thumb Code     0  symdefs.m ABSOLUTE
    uxTaskPriorityGet                        0x02025269   Thumb Code     0  symdefs.m ABSOLUTE
    uxTaskPriorityGetFromISR                 0x02025285   Thumb Code     0  symdefs.m ABSOLUTE
    vListInitialise                          0x02025343   Thumb Code     0  symdefs.m ABSOLUTE
    vListInitialiseItem                      0x02025359   Thumb Code     0  symdefs.m ABSOLUTE
    vListInsert                              0x0202535f   Thumb Code     0  symdefs.m ABSOLUTE
    vListInsertEnd                           0x0202538f   Thumb Code     0  symdefs.m ABSOLUTE
    vPortEndScheduler                        0x020253a9   Thumb Code     0  symdefs.m ABSOLUTE
    vPortEnterCritical                       0x020253d5   Thumb Code     0  symdefs.m ABSOLUTE
    vPortExitCritical                        0x02025419   Thumb Code     0  symdefs.m ABSOLUTE
    vPortFree                                0x0202544d   Thumb Code     0  symdefs.m ABSOLUTE
    vPortSuppressTicksAndSleep               0x020254f1   Thumb Code     0  symdefs.m ABSOLUTE
    vPortValidateInterruptPriority           0x02025619   Thumb Code     0  symdefs.m ABSOLUTE
    vQueueDelete                             0x02025675   Thumb Code     0  symdefs.m ABSOLUTE
    vQueueWaitForMessageRestricted           0x020256a1   Thumb Code     0  symdefs.m ABSOLUTE
    vTaskDelay                               0x020256e5   Thumb Code     0  symdefs.m ABSOLUTE
    vTaskInternalSetTimeOutState             0x02025731   Thumb Code     0  symdefs.m ABSOLUTE
    vTaskMissedYield                         0x02025741   Thumb Code     0  symdefs.m ABSOLUTE
    vTaskPlaceOnEventList                    0x0202574d   Thumb Code     0  symdefs.m ABSOLUTE
    vTaskPlaceOnEventListRestricted          0x02025785   Thumb Code     0  symdefs.m ABSOLUTE
    vTaskPriorityDisinheritAfterTimeout      0x020257c5   Thumb Code     0  symdefs.m ABSOLUTE
    vTaskPrioritySet                         0x02025871   Thumb Code     0  symdefs.m ABSOLUTE
    vTaskResume                              0x02025939   Thumb Code     0  symdefs.m ABSOLUTE
    vTaskStartScheduler                      0x020259bd   Thumb Code     0  symdefs.m ABSOLUTE
    vTaskStepTick                            0x02025a4d   Thumb Code     0  symdefs.m ABSOLUTE
    vTaskSuspend                             0x02025a7d   Thumb Code     0  symdefs.m ABSOLUTE
    vTaskSuspendAll                          0x02025b39   Thumb Code     0  symdefs.m ABSOLUTE
    vTaskSwitchContext                       0x02025b49   Thumb Code     0  symdefs.m ABSOLUTE
    xPortStartScheduler                      0x02025bf1   Thumb Code     0  symdefs.m ABSOLUTE
    xQueueAddToSet                           0x02025cf5   Thumb Code     0  symdefs.m ABSOLUTE
    xQueueCreateCountingSemaphore            0x02025d19   Thumb Code     0  symdefs.m ABSOLUTE
    xQueueCreateCountingSemaphoreStatic      0x02025d55   Thumb Code     0  symdefs.m ABSOLUTE
    xQueueCreateMutex                        0x02025d99   Thumb Code     0  symdefs.m ABSOLUTE
    xQueueCreateMutexStatic                  0x02025daf   Thumb Code     0  symdefs.m ABSOLUTE
    xQueueCreateSet                          0x02025dc9   Thumb Code     0  symdefs.m ABSOLUTE
    xQueueGenericCreate                      0x02025dd1   Thumb Code     0  symdefs.m ABSOLUTE
    xQueueGenericCreateStatic                0x02025e1d   Thumb Code     0  symdefs.m ABSOLUTE
    xQueueGenericReset                       0x02025e85   Thumb Code     0  symdefs.m ABSOLUTE
    xQueueGenericSend                        0x02025f11   Thumb Code     0  symdefs.m ABSOLUTE
    xQueueGenericSendFromISR                 0x0202607d   Thumb Code     0  symdefs.m ABSOLUTE
    xQueueGiveFromISR                        0x0202613d   Thumb Code     0  symdefs.m ABSOLUTE
    xQueueGiveMutexRecursive                 0x020261e1   Thumb Code     0  symdefs.m ABSOLUTE
    xQueueIsQueueEmptyFromISR                0x02026221   Thumb Code     0  symdefs.m ABSOLUTE
    xQueueIsQueueFullFromISR                 0x02026245   Thumb Code     0  symdefs.m ABSOLUTE
    xQueuePeek                               0x0202626d   Thumb Code     0  symdefs.m ABSOLUTE
    xQueuePeekFromISR                        0x02026395   Thumb Code     0  symdefs.m ABSOLUTE
    xQueueReceive                            0x02026401   Thumb Code     0  symdefs.m ABSOLUTE
    xQueueReceiveFromISR                     0x0202652d   Thumb Code     0  symdefs.m ABSOLUTE
    xQueueRemoveFromSet                      0x020265c1   Thumb Code     0  symdefs.m ABSOLUTE
    xQueueSelectFromSet                      0x020265e3   Thumb Code     0  symdefs.m ABSOLUTE
    xQueueSelectFromSetFromISR               0x020265f5   Thumb Code     0  symdefs.m ABSOLUTE
    xQueueSemaphoreTake                      0x02026609   Thumb Code     0  symdefs.m ABSOLUTE
    xQueueTakeMutexRecursive                 0x02026775   Thumb Code     0  symdefs.m ABSOLUTE
    xTaskCheckForTimeOut                     0x020267b9   Thumb Code     0  symdefs.m ABSOLUTE
    xTaskCreate                              0x02026829   Thumb Code     0  symdefs.m ABSOLUTE
    xTaskCreateStatic                        0x02026885   Thumb Code     0  symdefs.m ABSOLUTE
    xTaskGetCurrentTaskHandle                0x020268f5   Thumb Code     0  symdefs.m ABSOLUTE
    xTaskGetSchedulerState                   0x02026901   Thumb Code     0  symdefs.m ABSOLUTE
    xTaskGetTickCount                        0x0202691d   Thumb Code     0  symdefs.m ABSOLUTE
    xTaskGetTickCountFromISR                 0x02026929   Thumb Code     0  symdefs.m ABSOLUTE
    xTaskIncrementTick                       0x02026939   Thumb Code     0  symdefs.m ABSOLUTE
    xTaskPriorityDisinherit                  0x02026a05   Thumb Code     0  symdefs.m ABSOLUTE
    xTaskPriorityInherit                     0x02026a99   Thumb Code     0  symdefs.m ABSOLUTE
    xTaskRemoveFromEventList                 0x02026b2d   Thumb Code     0  symdefs.m ABSOLUTE
    xTaskResumeAll                           0x02026bad   Thumb Code     0  symdefs.m ABSOLUTE
    xTaskResumeFromISR                       0x02026c75   Thumb Code     0  symdefs.m ABSOLUTE
    xTimerCreate                             0x02026d01   Thumb Code     0  symdefs.m ABSOLUTE
    xTimerCreateStatic                       0x02026d35   Thumb Code     0  symdefs.m ABSOLUTE
    xTimerCreateTimerTask                    0x02026d6d   Thumb Code     0  symdefs.m ABSOLUTE
    xTimerGenericCommand                     0x02026dd9   Thumb Code     0  symdefs.m ABSOLUTE
    xTimerGetExpiryTime                      0x02026e49   Thumb Code     0  symdefs.m ABSOLUTE
    xTimerGetTimerDaemonTaskHandle           0x02026e69   Thumb Code     0  symdefs.m ABSOLUTE
    __Vectors                                0x0202a000   Data           4  startup_ing91600.o(RESET)
    __main                                   0x0202a009   Thumb Code     0  entry.o(.ARM.Collect$$$$00000000)
    _main_stk                                0x0202a009   Thumb Code     0  entry2.o(.ARM.Collect$$$$00000001)
    _main_scatterload                        0x0202a00d   Thumb Code     0  entry5.o(.ARM.Collect$$$$00000004)
    __main_after_scatterload                 0x0202a011   Thumb Code     0  entry5.o(.ARM.Collect$$$$00000004)
    _main_clock                              0x0202a011   Thumb Code     0  entry7b.o(.ARM.Collect$$$$00000008)
    _main_cpp_init                           0x0202a011   Thumb Code     0  entry8b.o(.ARM.Collect$$$$0000000A)
    _main_init                               0x0202a011   Thumb Code     0  entry9a.o(.ARM.Collect$$$$0000000B)
    __rt_final_cpp                           0x0202a019   Thumb Code     0  entry10a.o(.ARM.Collect$$$$0000000D)
    __rt_final_exit                          0x0202a019   Thumb Code     0  entry11a.o(.ARM.Collect$$$$0000000F)
    Reset_Handler                            0x0202a01d   Thumb Code    14  startup_ing91600.o(.text)
    main                                     0x0202a02d   Thumb Code    14  startup_ing91600.o(.text)
    __scatterload                            0x0202a045   Thumb Code    28  init.o(.text)
    __scatterload_rt2                        0x0202a045   Thumb Code     0  init.o(.text)
    __aeabi_uldivmod                         0x0202a069   Thumb Code    98  uldiv.o(.text)
    __aeabi_memcpy                           0x0202a0cb   Thumb Code    36  memcpya.o(.text)
    __aeabi_memcpy4                          0x0202a0cb   Thumb Code     0  memcpya.o(.text)
    __aeabi_memcpy8                          0x0202a0cb   Thumb Code     0  memcpya.o(.text)
    calloc                                   0x0202a0ef   Thumb Code    28  calloc.o(.text)
    __aeabi_llsl                             0x0202a10b   Thumb Code    30  llshl.o(.text)
    _ll_shift_l                              0x0202a10b   Thumb Code     0  llshl.o(.text)
    __aeabi_llsr                             0x0202a129   Thumb Code    32  llushr.o(.text)
    _ll_ushift_r                             0x0202a129   Thumb Code     0  llushr.o(.text)
    ADC_Calibration                          0x0202a1a5   Thumb Code   384  peripheral_adc.o(.text.ADC_Calibration)
    ADC_ConvCfg                              0x0202a325   Thumb Code   508  peripheral_adc.o(.text.ADC_ConvCfg)
    ADC_GetData                              0x0202a5a1   Thumb Code   172  peripheral_adc.o(.text.ADC_GetData)
    ADC_GetDataChannel                       0x0202a64d   Thumb Code    40  peripheral_adc.o(.text.ADC_GetDataChannel)
    ADC_PopFifoData                          0x0202a675   Thumb Code    16  peripheral_adc.o(.text.ADC_PopFifoData)
    ADC_Reset                                0x0202a685   Thumb Code    64  peripheral_adc.o(.text.ADC_Reset)
    ADC_Start                                0x0202a6c5   Thumb Code    88  peripheral_adc.o(.text.ADC_Start)
    ADC_ftInit                               0x0202a78d   Thumb Code  1372  peripheral_adc.o(.text.ADC_ftInit)
    GIO_ReadValue                            0x0202ace9   Thumb Code    32  peripheral_gpio.o(.text.GIO_ReadValue)
    GIO_SetDirection                         0x0202ad09   Thumb Code   126  peripheral_gpio.o(.text.GIO_SetDirection)
    GIO_WriteValue                           0x0202ad89   Thumb Code    60  peripheral_gpio.o(.text.GIO_WriteValue)
    I2C_ClearIntState                        0x0202adc5   Thumb Code    12  peripheral_i2c.o(.text.I2C_ClearIntState)
    I2C_CommandWrite                         0x0202add1   Thumb Code     4  peripheral_i2c.o(.text.I2C_CommandWrite)
    I2C_Config                               0x0202add5   Thumb Code    48  peripheral_i2c.o(.text.I2C_Config)
    I2C_ConfigClkFrequency                   0x0202ae05   Thumb Code    40  peripheral_i2c.o(.text.I2C_ConfigClkFrequency)
    I2C_CtrlUpdateDataCnt                    0x0202ae45   Thumb Code    16  peripheral_i2c.o(.text.I2C_CtrlUpdateDataCnt)
    I2C_CtrlUpdateDirection                  0x0202ae55   Thumb Code    18  peripheral_i2c.o(.text.I2C_CtrlUpdateDirection)
    I2C_DataRead                             0x0202ae69   Thumb Code     6  peripheral_i2c.o(.text.I2C_DataRead)
    I2C_DataWrite                            0x0202ae71   Thumb Code     4  peripheral_i2c.o(.text.I2C_DataWrite)
    I2C_Enable                               0x0202ae75   Thumb Code    16  peripheral_i2c.o(.text.I2C_Enable)
    I2C_FifoEmpty                            0x0202ae85   Thumb Code     8  peripheral_i2c.o(.text.I2C_FifoEmpty)
    I2C_FifoFull                             0x0202ae8d   Thumb Code     8  peripheral_i2c.o(.text.I2C_FifoFull)
    I2C_GetIntState                          0x0202ae95   Thumb Code     8  peripheral_i2c.o(.text.I2C_GetIntState)
    I2C_IntDisable                           0x0202ae9d   Thumb Code    20  peripheral_i2c.o(.text.I2C_IntDisable)
    I2C_IntEnable                            0x0202aeb1   Thumb Code    12  peripheral_i2c.o(.text.I2C_IntEnable)
    PINCTRL_SelI2cIn                         0x0202aebd   Thumb Code  1058  peripheral_pinctrl.o(.text.PINCTRL_SelI2cIn)
    PINCTRL_SetPadMux                        0x0202b2e1   Thumb Code   598  peripheral_pinctrl.o(.text.PINCTRL_SetPadMux)
    PWM_Enable                               0x0202b539   Thumb Code    28  peripheral_pwm.o(.text.PWM_Enable)
    PWM_SetHighThreshold                     0x0202b555   Thumb Code    14  peripheral_pwm.o(.text.PWM_SetHighThreshold)
    PWM_SetPeraThreshold                     0x0202b565   Thumb Code    14  peripheral_pwm.o(.text.PWM_SetPeraThreshold)
    PWM_SetupSimple                          0x0202b575   Thumb Code   142  peripheral_pwm.o(.text.PWM_SetupSimple)
    RTC_ClearIntState                        0x0202b605   Thumb Code    20  peripheral_rtc.o(.text.RTC_ClearIntState)
    RTC_Enable                               0x0202b619   Thumb Code    24  peripheral_rtc.o(.text.RTC_Enable)
    RTC_EnableIRQ                            0x0202b631   Thumb Code    28  peripheral_rtc.o(.text.RTC_EnableIRQ)
    RTC_GetTime                              0x0202b64d   Thumb Code    36  peripheral_rtc.o(.text.RTC_GetTime)
    RTC_ModifyTime                           0x0202b671   Thumb Code    24  peripheral_rtc.o(.text.RTC_ModifyTime)
    SEGGER_RTT_WriteNoLock                   0x0202b689   Thumb Code   372  trace.o(.text.SEGGER_RTT_WriteNoLock)
    SYSCTRL_ClearClkGate                     0x0202b7fd   Thumb Code     6  peripheral_sysctrl.o(.text.SYSCTRL_ClearClkGate)
    SYSCTRL_ClearClkGateMulti                0x0202b805   Thumb Code    34  peripheral_sysctrl.o(.text.SYSCTRL_ClearClkGateMulti)
    SYSCTRL_EnablePcapMode                   0x0202bb61   Thumb Code    40  peripheral_sysctrl.o(.text.SYSCTRL_EnablePcapMode)
    SYSCTRL_GetClk                           0x0202bb89   Thumb Code  3172  peripheral_sysctrl.o(.text.SYSCTRL_GetClk)
    SYSCTRL_GetHClk                          0x0202c7ed   Thumb Code   310  peripheral_sysctrl.o(.text.SYSCTRL_GetHClk)
    SYSCTRL_ICacheControl                    0x0202c925   Thumb Code    66  peripheral_sysctrl.o(.text.SYSCTRL_ICacheControl)
    SYSCTRL_Init                             0x0202c969   Thumb Code   474  peripheral_sysctrl.o(.text.SYSCTRL_Init)
    SYSCTRL_ReleaseBlock                     0x0202cb45   Thumb Code     6  peripheral_sysctrl.o(.text.SYSCTRL_ReleaseBlock)
    SYSCTRL_SetAdcClkDiv                     0x0202ce11   Thumb Code    32  peripheral_sysctrl.o(.text.SYSCTRL_SetAdcClkDiv)
    UART_SendData                            0x0202ce31   Thumb Code     4  peripheral_uart.o(.text.UART_SendData)
    adc_init                                 0x0202ce35   Thumb Code   104  board.o(.text.adc_init)
    apUART_Check_TXFIFO_FULL                 0x0202ce9d   Thumb Code     8  peripheral_uart.o(.text.apUART_Check_TXFIFO_FULL)
    apUART_Initialize                        0x0202cea5   Thumb Code   160  peripheral_uart.o(.text.apUART_Initialize)
    app_main                                 0x0202cf45   Thumb Code   244  main.o(.text.app_main)
    board_init                               0x0202d05d   Thumb Code   160  board.o(.text.board_init)
    cb_putc                                  0x0202d169   Thumb Code    34  main.o(.text.cb_putc)
    cb_trace_rtt                             0x0202d18d   Thumb Code   396  trace.o(.text.cb_trace_rtt)
    flash_get_adc_calib_data                 0x0202d4b1   Thumb Code    24  eflash.o(.text.flash_get_adc_calib_data)
    flash_get_factory_calib_data             0x0202d4c9   Thumb Code    24  eflash.o(.text.flash_get_factory_calib_data)
    flash_prepare_factory_data               0x0202d4e1   Thumb Code   746  eflash.o(.text.flash_prepare_factory_data)
    iic_init                                 0x0202d7cd   Thumb Code    96  iic_master_interrupt.o(.text.iic_init)
    on_deep_sleep_wakeup                     0x0202d8f5   Thumb Code   116  main.o(.text.on_deep_sleep_wakeup)
    on_lle_init                              0x0202d969   Thumb Code     4  main.o(.text.on_lle_init)
    peripheral_i2c_send_data                 0x0202d96d   Thumb Code    96  iic_master_interrupt.o(.text.peripheral_i2c_send_data)
    query_deep_sleep_allowed                 0x0202db25   Thumb Code     4  main.o(.text.query_deep_sleep_allowed)
    read_flash_security                      0x0202db29   Thumb Code   152  eflash.o(.text.read_flash_security)
    setup_profile                            0x0202dbe9   Thumb Code    60  profile.o(.text.setup_profile)
    trace_rtt_init                           0x0202dc35   Thumb Code   126  trace.o(.text.trace_rtt_init)
    __scatterload_copy                       0x0202dd5f   Thumb Code    14  handlers.o(i.__scatterload_copy)
    __scatterload_null                       0x0202dd6d   Thumb Code     2  handlers.o(i.__scatterload_null)
    __scatterload_zeroinit                   0x0202dd6f   Thumb Code    14  handlers.o(i.__scatterload_zeroinit)
    malloc                                   0x0202dd7d   Thumb Code    92  malloc.o(i.malloc)
    io_output_source_map                     0x0202de5c   Data         798  peripheral_pinctrl.o(.rodata.io_output_source_map)
    Region$$Table$$Base                      0x0202e240   Number         0  anon$$obj.o(Region$$Table)
    Region$$Table$$Limit                     0x0202e260   Number         0  anon$$obj.o(Region$$Table)
    __microlib_freelist                      0x20005420   Data           4  mvars.o(.data)
    __microlib_freelist_initialised          0x20005424   Data           4  mvars.o(.data)
    _SEGGER_RTT                              0x20005430   Data          72  trace.o(.bss._SEGGER_RTT)
    iic_buf                                  0x20005688   Data          20  main.o(.bss.iic_buf)
    read_data_cnt                            0x200056a4   Data           1  iic_master_interrupt.o(.bss.read_data_cnt)
    read_data_len                            0x200056a5   Data           1  iic_master_interrupt.o(.bss.read_data_len)
    trace_ctx                                0x200056ac   Data           1  main.o(.bss.trace_ctx)
    write_data_cnt                           0x200056ae   Data           1  iic_master_interrupt.o(.bss.write_data_cnt)
    write_data_len                           0x200056af   Data           1  iic_master_interrupt.o(.bss.write_data_len)
    __heap_base                              0x200056b0   Data           0  startup_ing91600.o(HEAP)
    __heap_limit                             0x200056b0   Data           0  startup_ing91600.o(HEAP)
    __initial_sp                             0x200056b4   Data           0  startup_ing91600.o(STACK)



==============================================================================

Memory Map of the image

  Image Entry point : 0x0202a009

  Load Region LR_IROM1 (Base: 0x0202a000, Size: 0x00004268, Max: 0x00056000, ABSOLUTE)

    Execution Region ER_IROM1 (Exec base: 0x0202a000, Load base: 0x0202a000, Size: 0x00004260, Max: 0x00056000, ABSOLUTE)

    Exec Addr    Load Addr    Size         Type   Attr      Idx    E Section Name        Object

    0x0202a000   0x0202a000   0x00000008   Data   RO          179    RESET               startup_ing91600.o
    0x0202a008   0x0202a008   0x00000000   Code   RO         1420  * .ARM.Collect$$$$00000000  mc_w.l(entry.o)
    0x0202a008   0x0202a008   0x00000004   Code   RO         1736    .ARM.Collect$$$$00000001  mc_w.l(entry2.o)
    0x0202a00c   0x0202a00c   0x00000004   Code   RO         1739    .ARM.Collect$$$$00000004  mc_w.l(entry5.o)
    0x0202a010   0x0202a010   0x00000000   Code   RO         1741    .ARM.Collect$$$$00000008  mc_w.l(entry7b.o)
    0x0202a010   0x0202a010   0x00000000   Code   RO         1743    .ARM.Collect$$$$0000000A  mc_w.l(entry8b.o)
    0x0202a010   0x0202a010   0x00000008   Code   RO         1744    .ARM.Collect$$$$0000000B  mc_w.l(entry9a.o)
    0x0202a018   0x0202a018   0x00000000   Code   RO         1746    .ARM.Collect$$$$0000000D  mc_w.l(entry10a.o)
    0x0202a018   0x0202a018   0x00000000   Code   RO         1748    .ARM.Collect$$$$0000000F  mc_w.l(entry11a.o)
    0x0202a018   0x0202a018   0x00000004   Code   RO         1737    .ARM.Collect$$$$00002712  mc_w.l(entry2.o)
    0x0202a01c   0x0202a01c   0x00000028   Code   RO          180    .text               startup_ing91600.o
    0x0202a044   0x0202a044   0x00000024   Code   RO         1421    .text               mc_w.l(init.o)
    0x0202a068   0x0202a068   0x00000062   Code   RO         1425    .text               mc_w.l(uldiv.o)
    0x0202a0ca   0x0202a0ca   0x00000024   Code   RO         1429    .text               mc_w.l(memcpya.o)
    0x0202a0ee   0x0202a0ee   0x0000001c   Code   RO         1726    .text               mc_w.l(calloc.o)
    0x0202a10a   0x0202a10a   0x0000001e   Code   RO         1762    .text               mc_w.l(llshl.o)
    0x0202a128   0x0202a128   0x00000020   Code   RO         1764    .text               mc_w.l(llushr.o)
    0x0202a148   0x0202a148   0x00000034   Code   RO          296    .text.ADC_CalWithPgaDiff  peripheral_adc.o
    0x0202a17c   0x0202a17c   0x00000028   Code   RO          298    .text.ADC_CalWithPgaSingle  peripheral_adc.o
    0x0202a1a4   0x0202a1a4   0x00000180   Code   RO          294    .text.ADC_Calibration  peripheral_adc.o
    0x0202a324   0x0202a324   0x000001fc   Code   RO          282    .text.ADC_ConvCfg   peripheral_adc.o
    0x0202a520   0x0202a520   0x00000080   Code   RO          288    .text.ADC_FtCal     peripheral_adc.o
    0x0202a5a0   0x0202a5a0   0x000000ac   Code   RO          274    .text.ADC_GetData   peripheral_adc.o
    0x0202a64c   0x0202a64c   0x00000028   Code   RO          272    .text.ADC_GetDataChannel  peripheral_adc.o
    0x0202a674   0x0202a674   0x00000010   Code   RO          270    .text.ADC_PopFifoData  peripheral_adc.o
    0x0202a684   0x0202a684   0x00000040   Code   RO          290    .text.ADC_Reset     peripheral_adc.o
    0x0202a6c4   0x0202a6c4   0x00000058   Code   RO          284    .text.ADC_Start     peripheral_adc.o
    0x0202a71c   0x0202a71c   0x00000070   Code   RO           76    .text.ADC_cb_isr    board.o
    0x0202a78c   0x0202a78c   0x0000055c   Code   RO          286    .text.ADC_ftInit    peripheral_adc.o
    0x0202ace8   0x0202ace8   0x00000020   Code   RO          317    .text.GIO_ReadValue  peripheral_gpio.o
    0x0202ad08   0x0202ad08   0x0000007e   Code   RO          311    .text.GIO_SetDirection  peripheral_gpio.o
    0x0202ad86   0x0202ad86   0x00000002   PAD
    0x0202ad88   0x0202ad88   0x0000003c   Code   RO          315    .text.GIO_WriteValue  peripheral_gpio.o
    0x0202adc4   0x0202adc4   0x0000000c   Code   RO          385    .text.I2C_ClearIntState  peripheral_i2c.o
    0x0202add0   0x0202add0   0x00000004   Code   RO          377    .text.I2C_CommandWrite  peripheral_i2c.o
    0x0202add4   0x0202add4   0x00000030   Code   RO          363    .text.I2C_Config    peripheral_i2c.o
    0x0202ae04   0x0202ae04   0x00000040   Code   RO          395    .text.I2C_ConfigClkFrequency  peripheral_i2c.o
    0x0202ae44   0x0202ae44   0x00000010   Code   RO          373    .text.I2C_CtrlUpdateDataCnt  peripheral_i2c.o
    0x0202ae54   0x0202ae54   0x00000012   Code   RO          371    .text.I2C_CtrlUpdateDirection  peripheral_i2c.o
    0x0202ae66   0x0202ae66   0x00000002   PAD
    0x0202ae68   0x0202ae68   0x00000006   Code   RO          381    .text.I2C_DataRead  peripheral_i2c.o
    0x0202ae6e   0x0202ae6e   0x00000002   PAD
    0x0202ae70   0x0202ae70   0x00000004   Code   RO          379    .text.I2C_DataWrite  peripheral_i2c.o
    0x0202ae74   0x0202ae74   0x00000010   Code   RO          365    .text.I2C_Enable    peripheral_i2c.o
    0x0202ae84   0x0202ae84   0x00000008   Code   RO          389    .text.I2C_FifoEmpty  peripheral_i2c.o
    0x0202ae8c   0x0202ae8c   0x00000008   Code   RO          391    .text.I2C_FifoFull  peripheral_i2c.o
    0x0202ae94   0x0202ae94   0x00000008   Code   RO          383    .text.I2C_GetIntState  peripheral_i2c.o
    0x0202ae9c   0x0202ae9c   0x00000014   Code   RO          369    .text.I2C_IntDisable  peripheral_i2c.o
    0x0202aeb0   0x0202aeb0   0x0000000c   Code   RO          367    .text.I2C_IntEnable  peripheral_i2c.o
    0x0202aebc   0x0202aebc   0x00000422   Code   RO          427    .text.PINCTRL_SelI2cIn  peripheral_pinctrl.o
    0x0202b2de   0x0202b2de   0x00000002   PAD
    0x0202b2e0   0x0202b2e0   0x00000256   Code   RO          413    .text.PINCTRL_SetPadMux  peripheral_pinctrl.o
    0x0202b536   0x0202b536   0x00000002   PAD
    0x0202b538   0x0202b538   0x0000001c   Code   RO          467    .text.PWM_Enable    peripheral_pwm.o
    0x0202b554   0x0202b554   0x0000000e   Code   RO          489    .text.PWM_SetHighThreshold  peripheral_pwm.o
    0x0202b562   0x0202b562   0x00000002   PAD
    0x0202b564   0x0202b564   0x0000000e   Code   RO          485    .text.PWM_SetPeraThreshold  peripheral_pwm.o
    0x0202b572   0x0202b572   0x00000002   PAD
    0x0202b574   0x0202b574   0x0000008e   Code   RO          509    .text.PWM_SetupSimple  peripheral_pwm.o
    0x0202b602   0x0202b602   0x00000002   PAD
    0x0202b604   0x0202b604   0x00000014   Code   RO          535    .text.RTC_ClearIntState  peripheral_rtc.o
    0x0202b618   0x0202b618   0x00000018   Code   RO          521    .text.RTC_Enable    peripheral_rtc.o
    0x0202b630   0x0202b630   0x0000001c   Code   RO          531    .text.RTC_EnableIRQ  peripheral_rtc.o
    0x0202b64c   0x0202b64c   0x00000024   Code   RO          523    .text.RTC_GetTime   peripheral_rtc.o
    0x0202b670   0x0202b670   0x00000018   Code   RO          525    .text.RTC_ModifyTime  peripheral_rtc.o
    0x0202b688   0x0202b688   0x00000174   Code   RO         1315    .text.SEGGER_RTT_WriteNoLock  trace.o
    0x0202b7fc   0x0202b7fc   0x00000006   Code   RO          659    .text.SYSCTRL_ClearClkGate  peripheral_sysctrl.o
    0x0202b802   0x0202b802   0x00000002   PAD
    0x0202b804   0x0202b804   0x00000022   Code   RO          663    .text.SYSCTRL_ClearClkGateMulti  peripheral_sysctrl.o
    0x0202b826   0x0202b826   0x00000002   PAD
    0x0202b828   0x0202b828   0x00000338   Code   RO          657    .text.SYSCTRL_ClkGateCtrl  peripheral_sysctrl.o
    0x0202bb60   0x0202bb60   0x00000028   Code   RO          777    .text.SYSCTRL_EnablePcapMode  peripheral_sysctrl.o
    0x0202bb88   0x0202bb88   0x00000c64   Code   RO          733    .text.SYSCTRL_GetClk  peripheral_sysctrl.o
    0x0202c7ec   0x0202c7ec   0x00000136   Code   RO          725    .text.SYSCTRL_GetHClk  peripheral_sysctrl.o
    0x0202c922   0x0202c922   0x00000002   PAD
    0x0202c924   0x0202c924   0x00000042   Code   RO          783    .text.SYSCTRL_ICacheControl  peripheral_sysctrl.o
    0x0202c966   0x0202c966   0x00000002   PAD
    0x0202c968   0x0202c968   0x000001da   Code   RO          789    .text.SYSCTRL_Init  peripheral_sysctrl.o
    0x0202cb42   0x0202cb42   0x00000002   PAD
    0x0202cb44   0x0202cb44   0x00000006   Code   RO          669    .text.SYSCTRL_ReleaseBlock  peripheral_sysctrl.o
    0x0202cb4a   0x0202cb4a   0x00000002   PAD
    0x0202cb4c   0x0202cb4c   0x000002c2   Code   RO          667    .text.SYSCTRL_ResetBlockCtrl  peripheral_sysctrl.o
    0x0202ce0e   0x0202ce0e   0x00000002   PAD
    0x0202ce10   0x0202ce10   0x00000020   Code   RO          737    .text.SYSCTRL_SetAdcClkDiv  peripheral_sysctrl.o
    0x0202ce30   0x0202ce30   0x00000004   Code   RO          875    .text.UART_SendData  peripheral_uart.o
    0x0202ce34   0x0202ce34   0x00000068   Code   RO           74    .text.adc_init      board.o
    0x0202ce9c   0x0202ce9c   0x00000008   Code   RO          849    .text.apUART_Check_TXFIFO_FULL  peripheral_uart.o
    0x0202cea4   0x0202cea4   0x000000a0   Code   RO          873    .text.apUART_Initialize  peripheral_uart.o
    0x0202cf44   0x0202cf44   0x00000110   Code   RO           20    .text.app_main      main.o
    0x0202d054   0x0202d054   0x00000004   Code   RO           46    .text.att_read_callback  profile.o
    0x0202d058   0x0202d058   0x00000004   Code   RO           48    .text.att_write_callback  profile.o
    0x0202d05c   0x0202d05c   0x000000a0   Code   RO           80    .text.board_init    board.o
    0x0202d0fc   0x0202d0fc   0x00000028   Code   RO           26    .text.cb_assertion  main.o
    0x0202d124   0x0202d124   0x0000002a   Code   RO           24    .text.cb_hard_fault  main.o
    0x0202d14e   0x0202d14e   0x00000002   PAD
    0x0202d150   0x0202d150   0x00000018   Code   RO           28    .text.cb_heap_out_of_mem  main.o
    0x0202d168   0x0202d168   0x00000022   Code   RO            8    .text.cb_putc       main.o
    0x0202d18a   0x0202d18a   0x00000002   PAD
    0x0202d18c   0x0202d18c   0x0000018c   Code   RO         1369    .text.cb_trace_rtt  trace.o
    0x0202d318   0x0202d318   0x00000196   Code   RO          203    .text.copy_security_data  eflash.o
    0x0202d4ae   0x0202d4ae   0x00000002   PAD
    0x0202d4b0   0x0202d4b0   0x00000018   Code   RO          209    .text.flash_get_adc_calib_data  eflash.o
    0x0202d4c8   0x0202d4c8   0x00000018   Code   RO          207    .text.flash_get_factory_calib_data  eflash.o
    0x0202d4e0   0x0202d4e0   0x000002ea   Code   RO          199    .text.flash_prepare_factory_data  eflash.o
    0x0202d7ca   0x0202d7ca   0x00000002   PAD
    0x0202d7cc   0x0202d7cc   0x00000060   Code   RO          158    .text.iic_init      iic_master_interrupt.o
    0x0202d82c   0x0202d82c   0x000000c8   Code   RO           22    .text.key_task      main.o
    0x0202d8f4   0x0202d8f4   0x00000074   Code   RO           16    .text.on_deep_sleep_wakeup  main.o
    0x0202d968   0x0202d968   0x00000004   Code   RO           14    .text.on_lle_init   main.o
    0x0202d96c   0x0202d96c   0x00000060   Code   RO          154    .text.peripheral_i2c_send_data  iic_master_interrupt.o
    0x0202d9cc   0x0202d9cc   0x00000158   Code   RO          160    .text.peripherals_i2c_isr  iic_master_interrupt.o
    0x0202db24   0x0202db24   0x00000004   Code   RO           18    .text.query_deep_sleep_allowed  main.o
    0x0202db28   0x0202db28   0x00000098   Code   RO          197    .text.read_flash_security  eflash.o
    0x0202dbc0   0x0202dbc0   0x00000020   Code   RO           78    .text.rtc_isr       board.o
    0x0202dbe0   0x0202dbe0   0x00000006   Code   RO          213    .text.security_page_read  eflash.o
    0x0202dbe6   0x0202dbe6   0x00000002   PAD
    0x0202dbe8   0x0202dbe8   0x0000004c   Code   RO           44    .text.setup_profile  profile.o
    0x0202dc34   0x0202dc34   0x0000007e   Code   RO         1383    .text.trace_rtt_init  trace.o
    0x0202dcb2   0x0202dcb2   0x00000002   PAD
    0x0202dcb4   0x0202dcb4   0x000000aa   Code   RO           50    .text.user_packet_handler  profile.o
    0x0202dd5e   0x0202dd5e   0x0000000e   Code   RO         1783    i.__scatterload_copy  mc_w.l(handlers.o)
    0x0202dd6c   0x0202dd6c   0x00000002   Code   RO         1784    i.__scatterload_null  mc_w.l(handlers.o)
    0x0202dd6e   0x0202dd6e   0x0000000e   Code   RO         1785    i.__scatterload_zeroinit  mc_w.l(handlers.o)
    0x0202dd7c   0x0202dd7c   0x0000006c   Code   RO         1699    i.malloc            mc_w.l(malloc.o)
    0x0202dde8   0x0202dde8   0x0000000c   Data   RO           56    .rodata.adv_data    profile.o
    0x0202ddf4   0x0202ddf4   0x00000006   Data   RO           55    .rodata.adv_sets_en  profile.o
    0x0202ddfa   0x0202ddfa   0x00000002   PAD
    0x0202ddfc   0x0202ddfc   0x00000060   Data   RO           32    .rodata.evt_cb_table  main.o
    0x0202de5c   0x0202de5c   0x0000031e   Data   RO          453    .rodata.io_output_source_map  peripheral_pinctrl.o
    0x0202e17a   0x0202e17a   0x00000002   Data   RO           54    .rodata.profile_data  profile.o
    0x0202e17c   0x0202e17c   0x00000048   Data   RO          215    .rodata.prog_security_page_read  eflash.o
    0x0202e1c4   0x0202e1c4   0x00000001   Data   RO           57    .rodata.scan_data   profile.o
    0x0202e1c5   0x0202e1c5   0x0000006c   Data   RO           33    .rodata.str1.1      main.o
    0x0202e231   0x0202e231   0x00000009   Data   RO         1410    .rodata.str1.1      trace.o
    0x0202e23a   0x0202e23a   0x00000006   Data   RO           53    .rodata.user_packet_handler.rand_addr  profile.o
    0x0202e240   0x0202e240   0x00000020   Data   RO         1782    Region$$Table       anon$$obj.o


    Execution Region RW_IRAM1 (Exec base: 0x20005420, Load base: 0x0202e260, Size: 0x00000294, Max: 0x00002be0, ABSOLUTE)

    Exec Addr    Load Addr    Size         Type   Attr      Idx    E Section Name        Object

    0x20005420   0x0202e260   0x00000004   Data   RW         1768    .data               mc_w.l(mvars.o)
    0x20005424   0x0202e264   0x00000004   Data   RW         1769    .data               mc_w.l(mvars.o)
    0x20005428        -       0x00000004   Zero   RW          300    .bss.ADC_adcCal.0   peripheral_adc.o
    0x2000542c        -       0x00000004   Zero   RW          301    .bss.ADC_adcCal.2   peripheral_adc.o
    0x20005430        -       0x00000048   Zero   RW         1405    .bss._SEGGER_RTT    trace.o
    0x20005478        -       0x00000010   Zero   RW         1412    .bss._acDownBuffer  trace.o
    0x20005488        -       0x000001f4   Zero   RW         1411    .bss._acUpBuffer    trace.o
    0x2000567c        -       0x00000004   Zero   RW          302    .bss.ftCali         peripheral_adc.o
    0x20005680        -       0x00000008   Zero   RW           52    .bss.hci_event_callback_registration  profile.o
    0x20005688        -       0x00000014   Zero   RW           31    .bss.iic_buf        main.o
    0x2000569c        -       0x00000001   Zero   RW           35    .bss.pwm_dir        main.o
    0x2000569d        -       0x00000001   Zero   RW           34    .bss.pwn_duty       main.o
    0x2000569e   0x0202e268   0x00000002   PAD
    0x200056a0        -       0x00000004   Zero   RW          169    .bss.read_buf_ptr   iic_master_interrupt.o
    0x200056a4        -       0x00000001   Zero   RW          165    .bss.read_data_cnt  iic_master_interrupt.o
    0x200056a5        -       0x00000001   Zero   RW          164    .bss.read_data_len  iic_master_interrupt.o
    0x200056a6   0x0202e268   0x00000002   PAD
    0x200056a8        -       0x00000004   Zero   RW          167    .bss.send_buf_ptr   iic_master_interrupt.o
    0x200056ac        -       0x00000001   Zero   RW           30    .bss.trace_ctx      main.o
    0x200056ad        -       0x00000001   Zero   RW          166    .bss.wr_flag        iic_master_interrupt.o
    0x200056ae        -       0x00000001   Zero   RW          163    .bss.write_data_cnt  iic_master_interrupt.o
    0x200056af        -       0x00000001   Zero   RW          162    .bss.write_data_len  iic_master_interrupt.o
    0x200056b0        -       0x00000000   Zero   RW          178    HEAP                startup_ing91600.o
    0x200056b0        -       0x00000004   Zero   RW          177    STACK               startup_ing91600.o


==============================================================================

Image component sizes


      Code (inc. data)   RO Data    RW Data    ZI Data      Debug   Object Name

       408         60          0          0          0      11546   board.o
      1358          0         72          0          0      14590   eflash.o
       536          0          0          0         13       6911   iic_master_interrupt.o
       736         64        204          0         23       8567   main.o
      2864         12          0          0         12      29458   peripheral_adc.o
       218          0          0          0          0      12826   peripheral_gpio.o
       244         24          0          0          0       5683   peripheral_i2c.o
      1656          0        798          0          0      62724   peripheral_pinctrl.o
       198          0          0          0          0      11713   peripheral_pwm.o
       132          0          0          0          0       9067   peripheral_rtc.o
      5670        860          0          0          0      52396   peripheral_sysctrl.o
       172          0          0          0          0       6989   peripheral_uart.o
       254         16         27          0          8       4485   profile.o
        40         12          8          0          4        440   startup_ing91600.o
       894          0          9          0        588      42617   trace.o

    ----------------------------------------------------------------------
     15422       1048       1152          0        652     280012   Object Totals
         0          0         32          0          0          0   (incl. Generated)
        42          0          2          0          4          0   (incl. Padding)

    ----------------------------------------------------------------------

      Code (inc. data)   RO Data    RW Data    ZI Data      Debug   Library Member Name

        28          0          0          0          0         76   calloc.o
         0          0          0          0          0          0   entry.o
         0          0          0          0          0          0   entry10a.o
         0          0          0          0          0          0   entry11a.o
         8          4          0          0          0          0   entry2.o
         4          0          0          0          0          0   entry5.o
         0          0          0          0          0          0   entry7b.o
         0          0          0          0          0          0   entry8b.o
         8          4          0          0          0          0   entry9a.o
        30          0          0          0          0          0   handlers.o
        36          8          0          0          0         68   init.o
        30          0          0          0          0         68   llshl.o
        32          0          0          0          0         68   llushr.o
       108         16          0          0          0         84   malloc.o
        36          0          0          0          0         68   memcpya.o
         0          0          0          8          0          0   mvars.o
        98          0          0          0          0         92   uldiv.o

    ----------------------------------------------------------------------
       418         32          0          8          0        524   Library Totals
         0          0          0          0          0          0   (incl. Padding)

    ----------------------------------------------------------------------

      Code (inc. data)   RO Data    RW Data    ZI Data      Debug   Library Name

       418         32          0          8          0        524   mc_w.l

    ----------------------------------------------------------------------
       418         32          0          8          0        524   Library Totals

    ----------------------------------------------------------------------

==============================================================================


      Code (inc. data)   RO Data    RW Data    ZI Data      Debug   

     15840       1080       1152          8        652     280272   Grand Totals
     15840       1080       1152          8        652     280272   ELF Image Totals
     15840       1080       1152          8          0          0   ROM Totals

==============================================================================

    Total RO  Size (Code + RO Data)                16992 (  16.59kB)
    Total RW  Size (RW Data + ZI Data)               660 (   0.64kB)
    Total ROM Size (Code + RO Data + RW Data)      17000 (  16.60kB)

==============================================================================

